Archive member included to satisfy reference by file (symbol)

app/libapp.a(main.c.obj)      (--whole-archive)
zephyr/libzephyr.a(cbprintf_packaged.c.obj)
                              (--whole-archive)
zephyr/libzephyr.a(crc32c_sw.c.obj)
                              (--whole-archive)
zephyr/libzephyr.a(crc32_sw.c.obj)
                              (--whole-archive)
zephyr/libzephyr.a(crc16_sw.c.obj)
                              (--whole-archive)
zephyr/libzephyr.a(crc8_sw.c.obj)
                              (--whole-archive)
zephyr/libzephyr.a(crc7_sw.c.obj)
                              (--whole-archive)
zephyr/libzephyr.a(dec.c.obj)
                              (--whole-archive)
zephyr/libzephyr.a(fdtable.c.obj)
                              (--whole-archive)
zephyr/libzephyr.a(hex.c.obj)
                              (--whole-archive)
zephyr/libzephyr.a(printk.c.obj)
                              (--whole-archive)
zephyr/libzephyr.a(rb.c.obj)  (--whole-archive)
zephyr/libzephyr.a(sem.c.obj)
                              (--whole-archive)
zephyr/libzephyr.a(thread_entry.c.obj)
                              (--whole-archive)
zephyr/libzephyr.a(timeutil.c.obj)
                              (--whole-archive)
zephyr/libzephyr.a(heap.c.obj)
                              (--whole-archive)
zephyr/libzephyr.a(heap-validate.c.obj)
                              (--whole-archive)
zephyr/libzephyr.a(bitarray.c.obj)
                              (--whole-archive)
zephyr/libzephyr.a(multi_heap.c.obj)
                              (--whole-archive)
zephyr/libzephyr.a(onoff.c.obj)
                              (--whole-archive)
zephyr/libzephyr.a(notify.c.obj)
                              (--whole-archive)
zephyr/libzephyr.a(cbprintf_complete.c.obj)
                              (--whole-archive)
zephyr/libzephyr.a(cbprintf.c.obj)
                              (--whole-archive)
zephyr/libzephyr.a(assert.c.obj)
                              (--whole-archive)
zephyr/libzephyr.a(mpsc_pbuf.c.obj)
                              (--whole-archive)
zephyr/libzephyr.a(reboot.c.obj)
                              (--whole-archive)
zephyr/libzephyr.a(configs.c.obj)
                              (--whole-archive)
zephyr/libzephyr.a(soc.c.obj)
                              (--whole-archive)
zephyr/libzephyr.a(power.c.obj)
                              (--whole-archive)
zephyr/libzephyr.a(sync_rtc.c.obj)
                              (--whole-archive)
zephyr/libzephyr.a(soc_nrf_common.S.obj)
                              (--whole-archive)
zephyr/libzephyr.a(soc_secure.c.obj)
                              (--whole-archive)
zephyr/libzephyr.a(validate_base_addresses.c.obj)
                              (--whole-archive)
zephyr/libzephyr.a(validate_enabled_instances.c.obj)
                              (--whole-archive)
zephyr/libzephyr.a(log_core.c.obj)
                              (--whole-archive)
zephyr/libzephyr.a(log_mgmt.c.obj)
                              (--whole-archive)
zephyr/libzephyr.a(log_cache.c.obj)
                              (--whole-archive)
zephyr/libzephyr.a(log_msg.c.obj)
                              (--whole-archive)
zephyr/libzephyr.a(log_output.c.obj)
                              (--whole-archive)
zephyr/libzephyr.a(log_backend_uart.c.obj)
                              (--whole-archive)
zephyr/libzephyr.a(pm.c.obj)  (--whole-archive)
zephyr/libzephyr.a(policy.c.obj)
                              (--whole-archive)
zephyr/libzephyr.a(state.c.obj)
                              (--whole-archive)
zephyr/libzephyr.a(tracing_none.c.obj)
                              (--whole-archive)
zephyr/libzephyr.a(flash_map_partition_manager.c.obj)
                              (--whole-archive)
zephyr/arch/common/libarch__common.a(sw_isr_common.c.obj)
                              (--whole-archive)
zephyr/arch/arch/arm/core/aarch32/libarch__arm__core__aarch32.a(cpu_idle.S.obj)
                              (--whole-archive)
zephyr/arch/arch/arm/core/aarch32/libarch__arm__core__aarch32.a(fatal.c.obj)
                              (--whole-archive)
zephyr/arch/arch/arm/core/aarch32/libarch__arm__core__aarch32.a(irq_manage.c.obj)
                              (--whole-archive)
zephyr/arch/arch/arm/core/aarch32/libarch__arm__core__aarch32.a(nmi.c.obj)
                              (--whole-archive)
zephyr/arch/arch/arm/core/aarch32/libarch__arm__core__aarch32.a(nmi_on_reset.S.obj)
                              (--whole-archive)
zephyr/arch/arch/arm/core/aarch32/libarch__arm__core__aarch32.a(prep_c.c.obj)
                              (--whole-archive)
zephyr/arch/arch/arm/core/aarch32/libarch__arm__core__aarch32.a(swap.c.obj)
                              (--whole-archive)
zephyr/arch/arch/arm/core/aarch32/libarch__arm__core__aarch32.a(swap_helper.S.obj)
                              (--whole-archive)
zephyr/arch/arch/arm/core/aarch32/libarch__arm__core__aarch32.a(thread.c.obj)
[...]
Memory Configuration

Name             Origin             Length             Attributes
FLASH            0x0000000000008000 0x00000000000f8000 xr
RAM              0x0000000020008000 0x0000000000078000 xw
IDT_LIST         0x00000000fffff7ff 0x0000000000000800 xw
*default*        0x0000000000000000 0xffffffffffffffff

Linker script and memory map

LOAD zephyr/CMakeFiles/zephyr_pre0.dir/misc/empty_file.c.obj
                0x0000000000000020                _region_min_align = 0x20

.rel.plt        0x0000000000008000        0x0
 *(SORT_BY_ALIGNMENT(.rel.plt))
                [!provide]                        PROVIDE (__rel_iplt_start = .)
 *(SORT_BY_ALIGNMENT(.rel.iplt))
 .rel.iplt      0x0000000000008000        0x0 app/libapp.a(main.c.obj)
                [!provide]                        PROVIDE (__rel_iplt_end = .)

.rela.plt       0x0000000000000000        0x0
 *(SORT_BY_ALIGNMENT(.rela.plt))
                [!provide]                        PROVIDE (__rela_iplt_start = .)
 *(SORT_BY_ALIGNMENT(.rela.iplt))
                [!provide]                        PROVIDE (__rela_iplt_end = .)

.rel.dyn
 *(SORT_BY_ALIGNMENT(.rel.*))

.rela.dyn
 *(SORT_BY_ALIGNMENT(.rela.*))

/DISCARD/
 *(SORT_BY_ALIGNMENT(.plt))

/DISCARD/
 *(SORT_BY_ALIGNMENT(.iplt))
                0x0000000000008000                __rom_region_start = 0x8000

rom_start       0x0000000000008000      0x154
                0x0000000000000000                . = 0x0
                0x0000000000000000                . = ALIGN (0x4)
                0x0000000000000000                . = ALIGN (0x80)
                0x0000000000000000                . = ALIGN (0x200)
                0x0000000000008000                _vector_start = .
 *(SORT_BY_ALIGNMENT(.exc_vector_table))
 *(SORT_BY_ALIGNMENT(.exc_vector_table.*))
 .exc_vector_table._vector_table_section
                0x0000000000008000       0x40 zephyr/arch/arch/arm/core/aarch32/cortex_m/libarch__arm__core__aarch32__cortex_m.a(vector_table.S.obj)
                0x0000000000008000                _vector_table
 *(SORT_BY_ALIGNMENT(.vectors))
                0x0000000000008154                _vector_end = .
                0x0000000000008040                . = ALIGN (0x4)
 *(SORT_BY_ALIGNMENT(.gnu.linkonce.irq_vector_table*))
 .gnu.linkonce.irq_vector_table
                0x0000000000008040      0x114 zephyr/arch/common/libisr_tables.a(isr_tables.c.obj)
                0x0000000000008040                _irq_vector_table
                0x0000000000008154                _vector_end = .

text            0x0000000000008154     0x7aac
                0x0000000000008154                __text_region_start = .
 *(SORT_BY_ALIGNMENT(.text))
 .text          0x0000000000008154       0x30 /opt/nordic/ncs/toolchains/v2.2.0/opt/zephyr-sdk/arm-zephyr-eabi/bin/../lib/gcc/arm-zephyr-eabi/12.1.0/thumb/v8-m.main/nofp/libgcc.a(_aeabi_uldivmod.o)
                0x0000000000008154                __aeabi_uldivmod
 .text          0x0000000000008184        0x4 /opt/nordic/ncs/toolchains/v2.2.0/opt/zephyr-sdk/arm-zephyr-eabi/bin/../lib/gcc/arm-zephyr-eabi/12.1.0/thumb/v8-m.main/nofp/libgcc.a(_dvmd_tls.o)
                0x0000000000008184                __aeabi_ldiv0
                0x0000000000008184                __aeabi_idiv0
 .text          0x0000000000008188      0x29c /opt/nordic/ncs/toolchains/v2.2.0/opt/zephyr-sdk/arm-zephyr-eabi/bin/../lib/gcc/arm-zephyr-eabi/12.1.0/thumb/v8-m.main/nofp/libgcc.a(_udivmoddi4.o)
                0x0000000000008188                __udivmoddi4
 *(SORT_BY_ALIGNMENT(.text.*))
 .text.main     0x0000000000008424      0x114 app/libapp.a(main.c.obj)
                0x0000000000008424                main
 .text.cbprintf_package_convert
                0x0000000000008538      0x3bc zephyr/libzephyr.a(cbprintf_packaged.c.obj)
                0x0000000000008538                cbprintf_package_convert
 .text.char_out
                0x00000000000088f4        0xc zephyr/libzephyr.a(printk.c.obj)
 .text.__printk_hook_install
                0x0000000000008900        0xc zephyr/libzephyr.a(printk.c.obj)
                0x0000000000008900                __printk_hook_install
 .text.vprintk  0x000000000000890c       0x1c zephyr/libzephyr.a(printk.c.obj)
                0x000000000000890c                vprintk
 .text.vsnprintk
                0x0000000000008928       0x2c zephyr/libzephyr.a(printk.c.obj)
                0x0000000000008928                vsnprintk
 .text.process_event
                0x0000000000008954      0x21c zephyr/libzephyr.a(onoff.c.obj)
 .text.z_cbvprintf_impl
                0x0000000000008b70      0x764 zephyr/libzephyr.a(cbprintf_complete.c.obj)
                0x0000000000008b70                z_cbvprintf_impl
 .text.arch_busy_wait
                0x00000000000092d4       0x24 zephyr/libzephyr.a(soc.c.obj)
                0x00000000000092d4                arch_busy_wait
 .text.sync_rtc_setup
                0x00000000000092f8       0xc8 zephyr/libzephyr.a(sync_rtc.c.obj)
 .text.rtc_cb   0x00000000000093c0       0x44 zephyr/libzephyr.a(sync_rtc.c.obj)
 .text.mbox_callback
                0x0000000000009404       0x70 zephyr/libzephyr.a(sync_rtc.c.obj)
 .text.z_arm_platform_init
                0x0000000000009474        0x4 zephyr/libzephyr.a(soc_nrf_common.S.obj)
                0x0000000000009474                z_arm_platform_init
 .text.activate_foreach_backend
                0x0000000000009478       0x64 zephyr/libzephyr.a(log_core.c.obj)
 .text.enable_logger
                0x00000000000094dc       0x5c zephyr/libzephyr.a(log_core.c.obj)
 .text.log_process_thread_timer_expiry_fn
                0x0000000000009538        0xc zephyr/libzephyr.a(log_core.c.obj)
 .text.z_log_init
                0x0000000000009544       0x90 zephyr/libzephyr.a(log_core.c.obj)
 .text.log_format_func_t_get
                0x00000000000095d4        0xc zephyr/libzephyr.a(log_core.c.obj)
                0x00000000000095d4                log_format_func_t_get
 .text.log_set_timestamp_func
                0x00000000000095e0       0x20 zephyr/libzephyr.a(log_core.c.obj)
                0x00000000000095e0                log_set_timestamp_func
 .text.z_log_notify_backend_enabled
                0x0000000000009600       0x1c zephyr/libzephyr.a(log_core.c.obj)
                0x0000000000009600                z_log_notify_backend_enabled
 .text.z_log_dropped
                0x000000000000961c       0x28 zephyr/libzephyr.a(log_core.c.obj)
                0x000000000000961c                z_log_dropped
 .text.z_log_dropped_read_and_clear
                0x0000000000009644       0x18 zephyr/libzephyr.a(log_core.c.obj)
                0x0000000000009644                z_log_dropped_read_and_clear
 .text.dropped_notify
                0x000000000000965c       0x30 zephyr/libzephyr.a(log_core.c.obj)
                0x000000000000965c                dropped_notify
 .text.z_log_msg_init
                0x000000000000968c       0x20 zephyr/libzephyr.a(log_core.c.obj)
                0x000000000000968c                z_log_msg_init
 .text.log_core_init
                0x00000000000096ac       0x2c zephyr/libzephyr.a(log_core.c.obj)
                0x00000000000096ac                log_core_init
 .text.z_log_msg_alloc
                0x00000000000096d8       0x10 zephyr/libzephyr.a(log_core.c.obj)
                0x00000000000096d8                z_log_msg_alloc
 .text.z_log_msg_local_claim
                0x00000000000096e8        0xc zephyr/libzephyr.a(log_core.c.obj)
                0x00000000000096e8                z_log_msg_local_claim
 .text.z_log_msg_free
                0x00000000000096f4       0x10 zephyr/libzephyr.a(log_core.c.obj)
                0x00000000000096f4                z_log_msg_free
 .text.z_log_msg_pending
                0x0000000000009704        0xc zephyr/libzephyr.a(log_core.c.obj)
                0x0000000000009704                z_log_msg_pending
 .text.z_impl_log_process
                0x0000000000009710       0xb4 zephyr/libzephyr.a(log_core.c.obj)
                0x0000000000009710                z_impl_log_process
 .text.z_impl_log_panic
                0x00000000000097c4       0x44 zephyr/libzephyr.a(log_core.c.obj)
                0x00000000000097c4                z_impl_log_panic
 .text.log_process_thread_func
                0x0000000000009808       0x9c zephyr/libzephyr.a(log_core.c.obj)
 .text.z_log_msg_post_finalize
                0x00000000000098a4       0x78 zephyr/libzephyr.a(log_core.c.obj)
 .text.z_log_msg_commit
                0x000000000000991c       0x24 zephyr/libzephyr.a(log_core.c.obj)
                0x000000000000991c                z_log_msg_commit
 .text.log_source_name_get
                0x0000000000009940       0x1c zephyr/libzephyr.a(log_mgmt.c.obj)
                0x0000000000009940                log_source_name_get
 .text.log_backend_enable
                0x000000000000995c       0x28 zephyr/libzephyr.a(log_mgmt.c.obj)
                0x000000000000995c                log_backend_enable
 .text.z_impl_z_log_msg_static_create
                0x0000000000009984       0xa8 zephyr/libzephyr.a(log_msg.c.obj)
                0x0000000000009984                z_impl_z_log_msg_static_create
 .text.print_formatted
                0x0000000000009a2c       0x24 zephyr/libzephyr.a(log_output.c.obj)
 .text.newline_print
                0x0000000000009a50       0x1c zephyr/libzephyr.a(log_output.c.obj)
 .text.log_output_process
                0x0000000000009a6c      0x2a4 zephyr/libzephyr.a(log_output.c.obj)
                0x0000000000009a6c                log_output_process
 .text.log_output_msg_process
                0x0000000000009d10       0x6c zephyr/libzephyr.a(log_output.c.obj)
                0x0000000000009d10                log_output_msg_process
 .text.log_output_dropped_process
                0x0000000000009d7c       0x58 zephyr/libzephyr.a(log_output.c.obj)
                0x0000000000009d7c                log_output_dropped_process
 .text.log_output_timestamp_freq_set
                0x0000000000009dd4       0x2c zephyr/libzephyr.a(log_output.c.obj)
                0x0000000000009dd4                log_output_timestamp_freq_set
 .text.format_set
                0x0000000000009e00        0xc zephyr/libzephyr.a(log_backend_uart.c.obj)
 .text.panic    0x0000000000009e0c       0x14 zephyr/libzephyr.a(log_backend_uart.c.obj)
 .text.dropped  0x0000000000009e20        0xc zephyr/libzephyr.a(log_backend_uart.c.obj)
 .text.process  0x0000000000009e2c       0x24 zephyr/libzephyr.a(log_backend_uart.c.obj)
 .text.char_out
                0x0000000000009e50       0x24 zephyr/libzephyr.a(log_backend_uart.c.obj)
 .text.pm_state_notify
                0x0000000000009e74       0x5c zephyr/libzephyr.a(pm.c.obj)
 .text.pm_system_resume
                0x0000000000009ed0       0x70 zephyr/libzephyr.a(pm.c.obj)
                0x0000000000009ed0                pm_system_resume
 .text.pm_system_suspend
                0x0000000000009f40       0xec zephyr/libzephyr.a(pm.c.obj)
                0x0000000000009f40                pm_system_suspend
 .text.pm_policy_next_state
                0x000000000000a02c       0x94 zephyr/libzephyr.a(policy.c.obj)
                0x000000000000a02c                pm_policy_next_state
 .text.pm_state_cpu_get_all
                0x000000000000a0c0       0x10 zephyr/libzephyr.a(state.c.obj)
                0x000000000000a0c0                pm_state_cpu_get_all
 .text.z_arm_cpu_idle_init
                0x000000000000a0d0        0xc zephyr/arch/arch/arm/core/aarch32/libarch__arm__core__aarch32.a(cpu_idle.S.obj)
                0x000000000000a0d0                z_arm_cpu_idle_init
 .text.arch_cpu_idle
                0x000000000000a0dc       0x1c zephyr/arch/arch/arm/core/aarch32/libarch__arm__core__aarch32.a(cpu_idle.S.obj)
                0x000000000000a0dc                arch_cpu_idle
 .text.arch_cpu_atomic_idle
                0x000000000000a0f8       0x14 zephyr/arch/arch/arm/core/aarch32/libarch__arm__core__aarch32.a(cpu_idle.S.obj)
                0x000000000000a0f8                arch_cpu_atomic_idle
 .text.z_arm_fatal_error
                0x000000000000a10c       0xcc zephyr/arch/arch/arm/core/aarch32/libarch__arm__core__aarch32.a(fatal.c.obj)
                0x000000000000a10c                z_arm_fatal_error
 .text.arch_irq_enable
                0x000000000000a1d8       0x1c zephyr/arch/arch/arm/core/aarch32/libarch__arm__core__aarch32.a(irq_manage.c.obj)
                0x000000000000a1d8                arch_irq_enable
 .text.arch_irq_disable
                0x000000000000a1f4       0x28 zephyr/arch/arch/arm/core/aarch32/libarch__arm__core__aarch32.a(irq_manage.c.obj)
                0x000000000000a1f4                arch_irq_disable
 .text.arch_irq_is_enabled
                0x000000000000a21c       0x1c zephyr/arch/arch/arm/core/aarch32/libarch__arm__core__aarch32.a(irq_manage.c.obj)
                0x000000000000a21c                arch_irq_is_enabled
 .text.z_arm_irq_priority_set
                0x000000000000a238       0x2c zephyr/arch/arch/arm/core/aarch32/libarch__arm__core__aarch32.a(irq_manage.c.obj)
                0x000000000000a238                z_arm_irq_priority_set
 .text.z_SysNmiOnReset
                0x000000000000a264        0x8 zephyr/arch/arch/arm/core/aarch32/libarch__arm__core__aarch32.a(nmi_on_reset.S.obj)
                0x000000000000a264                z_SysNmiOnReset
 .text.z_arm_prep_c
                0x000000000000a26c       0x38 zephyr/arch/arch/arm/core/aarch32/libarch__arm__core__aarch32.a(prep_c.c.obj)
                0x000000000000a26c                z_arm_prep_c
 .text.arch_swap
                0x000000000000a2a4       0x34 zephyr/arch/arch/arm/core/aarch32/libarch__arm__core__aarch32.a(swap.c.obj)
                0x000000000000a2a4                arch_swap
 .text.z_arm_pendsv
                0x000000000000a2d8       0x60 zephyr/arch/arch/arm/core/aarch32/libarch__arm__core__aarch32.a(swap_helper.S.obj)
                0x000000000000a2d8                z_arm_pendsv
 .text.z_arm_svc
                0x000000000000a338       0x20 zephyr/arch/arch/arm/core/aarch32/libarch__arm__core__aarch32.a(swap_helper.S.obj)
                0x000000000000a338                z_arm_svc
 .text.arch_new_thread
                0x000000000000a358       0x3c zephyr/arch/arch/arm/core/aarch32/libarch__arm__core__aarch32.a(thread.c.obj)
                0x000000000000a358                arch_new_thread
 .text.arch_switch_to_main_thread
                0x000000000000a394       0x28 zephyr/arch/arch/arm/core/aarch32/libarch__arm__core__aarch32.a(thread.c.obj)
                0x000000000000a394                arch_switch_to_main_thread
 .text._isr_wrapper
                0x000000000000a3bc       0x40 zephyr/arch/arch/arm/core/aarch32/libarch__arm__core__aarch32.a(isr_wrapper.S.obj)
                0x000000000000a3bc                _isr_wrapper
 .text._HandlerModeExit
                0x000000000000a3fc       0x1c zephyr/arch/arch/arm/core/aarch32/cortex_m/libarch__arm__core__aarch32__cortex_m.a(exc_exit.S.obj)
                0x000000000000a3fc                z_arm_exc_exit
                0x000000000000a3fc                z_arm_int_exit
 .text.mem_manage_fault.constprop.0
                0x000000000000a418      0x138 zephyr/arch/arch/arm/core/aarch32/cortex_m/libarch__arm__core__aarch32__cortex_m.a(fault.c.obj)
 .text.bus_fault.constprop.0
                0x000000000000a550      0x130 zephyr/arch/arch/arm/core/aarch32/cortex_m/libarch__arm__core__aarch32__cortex_m.a(fault.c.obj)
 .text.usage_fault.constprop.0
                0x000000000000a680      0x118 zephyr/arch/arch/arm/core/aarch32/cortex_m/libarch__arm__core__aarch32__cortex_m.a(fault.c.obj)
 .text.z_arm_fault
                0x000000000000a798      0x224 zephyr/arch/arch/arm/core/aarch32/cortex_m/libarch__arm__core__aarch32__cortex_m.a(fault.c.obj)
                0x000000000000a798                z_arm_fault
 .text.z_arm_fault_init
                0x000000000000a9bc       0x18 zephyr/arch/arch/arm/core/aarch32/cortex_m/libarch__arm__core__aarch32__cortex_m.a(fault.c.obj)
                0x000000000000a9bc                z_arm_fault_init
 .text.__fault  0x000000000000a9d4       0x14 zephyr/arch/arch/arm/core/aarch32/cortex_m/libarch__arm__core__aarch32__cortex_m.a(fault_s.S.obj)
                0x000000000000a9d4                z_arm_bus_fault
                0x000000000000a9d4                z_arm_usage_fault
                0x000000000000a9d4                z_arm_mpu_fault
                0x000000000000a9d4                z_arm_exc_spurious
                0x000000000000a9d4                z_arm_debug_monitor
                0x000000000000a9d4                z_arm_hard_fault
 .text.z_arm_interrupt_init
                0x000000000000a9e8       0x18 zephyr/arch/arch/arm/core/aarch32/cortex_m/libarch__arm__core__aarch32__cortex_m.a(irq_init.c.obj)
                0x000000000000a9e8                z_arm_interrupt_init
 .text._reset_section
                0x000000000000aa00       0x60 zephyr/arch/arch/arm/core/aarch32/cortex_m/libarch__arm__core__aarch32__cortex_m.a(reset.S.obj)
                0x000000000000aa00                z_arm_reset
                0x000000000000aa00                __start
 .text.sys_arch_reboot
                0x000000000000aa60       0x24 zephyr/arch/arch/arm/core/aarch32/cortex_m/libarch__arm__core__aarch32__cortex_m.a(scb.c.obj)
                0x000000000000aa60                sys_arch_reboot
 .text.z_arm_clear_arm_mpu_config
                0x000000000000aa84       0x24 zephyr/arch/arch/arm/core/aarch32/cortex_m/libarch__arm__core__aarch32__cortex_m.a(scb.c.obj)
                0x000000000000aa84                z_arm_clear_arm_mpu_config
 .text.z_arm_init_arch_hw_at_boot
                0x000000000000aaa8       0x4c zephyr/arch/arch/arm/core/aarch32/cortex_m/libarch__arm__core__aarch32__cortex_m.a(scb.c.obj)
                0x000000000000aaa8                z_arm_init_arch_hw_at_boot
 .text.z_impl_k_thread_abort
                0x000000000000aaf4       0x2c zephyr/arch/arch/arm/core/aarch32/cortex_m/libarch__arm__core__aarch32__cortex_m.a(thread_abort.c.obj)
                0x000000000000aaf4                z_impl_k_thread_abort
 .text.z_arm_configure_static_mpu_regions
                0x000000000000ab20       0x38 zephyr/arch/arch/arm/core/aarch32/mpu/libarch__arm__core__aarch32__mpu.a(arm_core_mpu.c.obj)
                0x000000000000ab20                z_arm_configure_static_mpu_regions
 .text.region_init
                0x000000000000ab58       0x34 zephyr/arch/arch/arm/core/aarch32/mpu/libarch__arm__core__aarch32__mpu.a(arm_mpu.c.obj)
 .text.region_allocate_and_init.part.0
                0x000000000000ab8c       0x30 zephyr/arch/arch/arm/core/aarch32/mpu/libarch__arm__core__aarch32__mpu.a(arm_mpu.c.obj)
 .text.mpu_configure_regions_and_partition.constprop.0
                0x000000000000abbc      0x19c zephyr/arch/arch/arm/core/aarch32/mpu/libarch__arm__core__aarch32__mpu.a(arm_mpu.c.obj)
 .text.arm_core_mpu_enable
                0x000000000000ad58       0x18 zephyr/arch/arch/arm/core/aarch32/mpu/libarch__arm__core__aarch32__mpu.a(arm_mpu.c.obj)
                0x000000000000ad58                arm_core_mpu_enable
 .text.arm_core_mpu_disable
                0x000000000000ad70       0x14 zephyr/arch/arch/arm/core/aarch32/mpu/libarch__arm__core__aarch32__mpu.a(arm_mpu.c.obj)
                0x000000000000ad70                arm_core_mpu_disable
 .text.arm_core_mpu_configure_static_mpu_regions
                0x000000000000ad84       0x14 zephyr/arch/arch/arm/core/aarch32/mpu/libarch__arm__core__aarch32__mpu.a(arm_mpu.c.obj)
                0x000000000000ad84                arm_core_mpu_configure_static_mpu_regions
 .text.arm_core_mpu_mark_areas_for_dynamic_regions
                0x000000000000ad98       0xb8 zephyr/arch/arch/arm/core/aarch32/mpu/libarch__arm__core__aarch32__mpu.a(arm_mpu.c.obj)
                0x000000000000ad98                arm_core_mpu_mark_areas_for_dynamic_regions
 .text.z_arm_mpu_init
                0x000000000000ae50       0x4c zephyr/arch/arch/arm/core/aarch32/mpu/libarch__arm__core__aarch32__mpu.a(arm_mpu.c.obj)
                0x000000000000ae50                z_arm_mpu_init
 .text.__stdout_hook_install
                0x000000000000ae9c        0xc zephyr/lib/libc/minimal/liblib__libc__minimal.a(stdout_console.c.obj)
                0x000000000000ae9c                __stdout_hook_install
 .text.onoff_stop
                0x000000000000aea8       0x30 zephyr/drivers/clock_control/libdrivers__clock_control.a(clock_control_nrf.c.obj)
 .text.onoff_start
                0x000000000000aed8       0x44 zephyr/drivers/clock_control/libdrivers__clock_control.a(clock_control_nrf.c.obj)
 .text.clk_init
                0x000000000000af1c       0x64 zephyr/drivers/clock_control/libdrivers__clock_control.a(clock_control_nrf.c.obj)
 .text.clkstarted_handle.constprop.0
                0x000000000000af80       0x34 zephyr/drivers/clock_control/libdrivers__clock_control.a(clock_control_nrf.c.obj)
 .text.clock_event_handler
                0x000000000000afb4       0x30 zephyr/drivers/clock_control/libdrivers__clock_control.a(clock_control_nrf.c.obj)
 .text.generic_hfclk_start
                0x000000000000afe4       0x64 zephyr/drivers/clock_control/libdrivers__clock_control.a(clock_control_nrf.c.obj)
 .text.api_blocking_start
                0x000000000000b048       0x34 zephyr/drivers/clock_control/libdrivers__clock_control.a(clock_control_nrf.c.obj)
 .text.generic_hfclk_stop
                0x000000000000b07c       0x24 zephyr/drivers/clock_control/libdrivers__clock_control.a(clock_control_nrf.c.obj)
 .text.z_nrf_clock_control_lf_on
                0x000000000000b0a0       0xf8 zephyr/drivers/clock_control/libdrivers__clock_control.a(clock_control_nrf.c.obj)
                0x000000000000b0a0                z_nrf_clock_control_lf_on
 .text.uart_console_init
                0x000000000000b198       0x28 zephyr/drivers/console/libdrivers__console.a(uart_console.c.obj)
 .text.console_out
                0x000000000000b1c0       0x28 zephyr/drivers/console/libdrivers__console.a(uart_console.c.obj)
 .text.gpio_nrfx_pin_interrupt_configure
                0x000000000000b1e8       0xd8 zephyr/drivers/gpio/libdrivers__gpio.a(gpio_nrfx.c.obj)
 .text.gpio_nrfx_init
                0x000000000000b2c0       0x38 zephyr/drivers/gpio/libdrivers__gpio.a(gpio_nrfx.c.obj)
 .text.nrfx_gpio_handler
                0x000000000000b2f8       0x4c zephyr/drivers/gpio/libdrivers__gpio.a(gpio_nrfx.c.obj)
 .text.gpio_nrfx_pin_configure
                0x000000000000b344      0x124 zephyr/drivers/gpio/libdrivers__gpio.a(gpio_nrfx.c.obj)
 .text.ws2812_strip_update_channels
                0x000000000000b468       0x2c zephyr/drivers/led_strip/libdrivers__led_strip.a(ws2812_spi.c.obj)
 .text.ws2812_spi_init
                0x000000000000b494       0xa8 zephyr/drivers/led_strip/libdrivers__led_strip.a(ws2812_spi.c.obj)
 .text.spi_nrfx_init
                0x000000000000b53c       0xdc zephyr/drivers/spi/libdrivers__spi.a(spi_nrfx_spim.c.obj)
 .text.transfer_next_chunk
                0x000000000000b618       0xa8 zephyr/drivers/spi/libdrivers__spi.a(spi_nrfx_spim.c.obj)
 .text.event_handler
                0x000000000000b6c0       0xc4 zephyr/drivers/spi/libdrivers__spi.a(spi_nrfx_spim.c.obj)
 .text.spi_nrfx_transceive
                0x000000000000b784      0x348 zephyr/drivers/spi/libdrivers__spi.a(spi_nrfx_spim.c.obj)
 .text.uarte_nrfx_configure
                0x000000000000bacc      0x17c zephyr/drivers/serial/libdrivers__serial.a(uart_nrfx_uarte.c.obj)
 .text.uarte_0_init
                0x000000000000bc48      0x10c zephyr/drivers/serial/libdrivers__serial.a(uart_nrfx_uarte.c.obj)
 .text.uarte_nrfx_poll_out
                0x000000000000bd54       0xcc zephyr/drivers/serial/libdrivers__serial.a(uart_nrfx_uarte.c.obj)
 .text.compare_int_lock
                0x000000000000be20       0x40 zephyr/drivers/timer/libdrivers__timer.a(nrf_rtc_timer.c.obj)
 .text.sys_clock_timeout_handler
                0x000000000000be60       0x80 zephyr/drivers/timer/libdrivers__timer.a(nrf_rtc_timer.c.obj)
 .text.compare_int_unlock
                0x000000000000bee0       0x4c zephyr/drivers/timer/libdrivers__timer.a(nrf_rtc_timer.c.obj)
 .text.z_nrf_rtc_timer_compare_evt_address_get
                0x000000000000bf2c       0x10 zephyr/drivers/timer/libdrivers__timer.a(nrf_rtc_timer.c.obj)
                0x000000000000bf2c                z_nrf_rtc_timer_compare_evt_address_get
 .text.z_nrf_rtc_timer_compare_read
                0x000000000000bf3c       0x10 zephyr/drivers/timer/libdrivers__timer.a(nrf_rtc_timer.c.obj)
                0x000000000000bf3c                z_nrf_rtc_timer_compare_read
 .text.z_nrf_rtc_timer_read
                0x000000000000bf4c       0x44 zephyr/drivers/timer/libdrivers__timer.a(nrf_rtc_timer.c.obj)
                0x000000000000bf4c                z_nrf_rtc_timer_read
 .text.compare_set
                0x000000000000bf90      0x12c zephyr/drivers/timer/libdrivers__timer.a(nrf_rtc_timer.c.obj)
 .text.sys_clock_driver_init
                0x000000000000c0bc       0x94 zephyr/drivers/timer/libdrivers__timer.a(nrf_rtc_timer.c.obj)
 .text.rtc_nrf_isr
                0x000000000000c150      0x10c zephyr/drivers/timer/libdrivers__timer.a(nrf_rtc_timer.c.obj)
                0x000000000000c150                rtc_nrf_isr
 .text.z_nrf_rtc_timer_chan_alloc
                0x000000000000c25c       0x3c zephyr/drivers/timer/libdrivers__timer.a(nrf_rtc_timer.c.obj)
                0x000000000000c25c                z_nrf_rtc_timer_chan_alloc
 .text.z_nrf_rtc_timer_chan_free
                0x000000000000c298       0x1c zephyr/drivers/timer/libdrivers__timer.a(nrf_rtc_timer.c.obj)
                0x000000000000c298                z_nrf_rtc_timer_chan_free
 .text.sys_clock_set_timeout
                0x000000000000c2b4       0x60 zephyr/drivers/timer/libdrivers__timer.a(nrf_rtc_timer.c.obj)
                0x000000000000c2b4                sys_clock_set_timeout
 .text.sys_clock_elapsed
                0x000000000000c314       0x14 zephyr/drivers/timer/libdrivers__timer.a(nrf_rtc_timer.c.obj)
                0x000000000000c314                sys_clock_elapsed
 .text.pinctrl_configure_pins
                0x000000000000c328      0x180 zephyr/drivers/pinctrl/libdrivers__pinctrl.a(pinctrl_nrf.c.obj)
                0x000000000000c328                pinctrl_configure_pins
 .text.mbox_nrf_init
                0x000000000000c4a8       0xb4 zephyr/drivers/mbox/libdrivers__mbox.a(mbox_nrfx_ipc.c.obj)
 .text.mbox_nrf_set_enabled
                0x000000000000c55c       0xa0 zephyr/drivers/mbox/libdrivers__mbox.a(mbox_nrfx_ipc.c.obj)
 .text.mbox_nrf_send
                0x000000000000c5fc       0x54 zephyr/drivers/mbox/libdrivers__mbox.a(mbox_nrfx_ipc.c.obj)
 .text.mbox_dispatcher
                0x000000000000c650       0x7c zephyr/drivers/mbox/libdrivers__mbox.a(mbox_nrfx_ipc.c.obj)
 .text.k_sys_fatal_error_handler
                0x000000000000c6cc       0x2c modules/nrf/lib/fatal_error/lib..__nrf__lib__fatal_error.a(fatal_error.c.obj)
                0x000000000000c6cc                k_sys_fatal_error_handler
 .text.tfm_ns_interface_dispatch
                0x000000000000c6f8       0x64 modules/trusted-firmware-m/libtfm_api.a(interface.c.obj)
                0x000000000000c6f8                tfm_ns_interface_dispatch
 .text.psa_generate_random
                0x000000000000c75c       0x44 modules/trusted-firmware-m/libtfm_api.a(tfm_crypto_ipc_api.c.obj)
                0x000000000000c75c                psa_generate_random
 .text.psa_call
                0x000000000000c7a0       0x38 modules/trusted-firmware-m/libtfm_api.a(tfm_psa_ns_api.c.obj)
                0x000000000000c7a0                psa_call
 .text.SystemCoreClockUpdate
                0x000000000000c7d8       0x20 modules/hal_nordic/nrfx/libmodules__hal_nordic__nrfx.a(system_nrf5340_application.c.obj)
                0x000000000000c7d8                SystemCoreClockUpdate
 .text.nrfx_flag32_alloc
                0x000000000000c7f8       0x38 modules/hal_nordic/nrfx/libmodules__hal_nordic__nrfx.a(nrfx_flag32_allocator.c.obj)
                0x000000000000c7f8                nrfx_flag32_alloc
 .text.nrfx_flag32_free
                0x000000000000c830       0x38 modules/hal_nordic/nrfx/libmodules__hal_nordic__nrfx.a(nrfx_flag32_allocator.c.obj)
                0x000000000000c830                nrfx_flag32_free
 .text.clock_stop
                0x000000000000c868      0x17c modules/hal_nordic/nrfx/libmodules__hal_nordic__nrfx.a(nrfx_clock.c.obj)
 .text.nrfx_clock_init
                0x000000000000c9e4       0x20 modules/hal_nordic/nrfx/libmodules__hal_nordic__nrfx.a(nrfx_clock.c.obj)
                0x000000000000c9e4                nrfx_clock_init
 .text.nrfx_clock_enable
                0x000000000000ca04       0x28 modules/hal_nordic/nrfx/libmodules__hal_nordic__nrfx.a(nrfx_clock.c.obj)
                0x000000000000ca04                nrfx_clock_enable
 .text.nrfx_clock_start
                0x000000000000ca2c       0xb8 modules/hal_nordic/nrfx/libmodules__hal_nordic__nrfx.a(nrfx_clock.c.obj)
                0x000000000000ca2c                nrfx_clock_start
 .text.nrfx_power_clock_irq_handler
                0x000000000000cae4       0xac modules/hal_nordic/nrfx/libmodules__hal_nordic__nrfx.a(nrfx_clock.c.obj)
                0x000000000000cae4                nrfx_power_clock_irq_handler
 .text.nrfx_dppi_channel_alloc
                0x000000000000cb90        0xc modules/hal_nordic/nrfx/libmodules__hal_nordic__nrfx.a(nrfx_dppi.c.obj)
                0x000000000000cb90                nrfx_dppi_channel_alloc
 .text.nrfx_dppi_channel_free
                0x000000000000cb9c       0x1c modules/hal_nordic/nrfx/libmodules__hal_nordic__nrfx.a(nrfx_dppi.c.obj)
                0x000000000000cb9c                nrfx_dppi_channel_free
 .text.nrf_gpio_pin_port_decode
                0x000000000000cbb8       0x20 modules/hal_nordic/nrfx/libmodules__hal_nordic__nrfx.a(nrfx_gpiote.c.obj)
 .text.pin_in_use_by_te
                0x000000000000cbd8       0x14 modules/hal_nordic/nrfx/libmodules__hal_nordic__nrfx.a(nrfx_gpiote.c.obj)
 .text.call_handler
                0x000000000000cbec       0x3c modules/hal_nordic/nrfx/libmodules__hal_nordic__nrfx.a(nrfx_gpiote.c.obj)
 .text.release_handler
                0x000000000000cc28       0x54 modules/hal_nordic/nrfx/libmodules__hal_nordic__nrfx.a(nrfx_gpiote.c.obj)
 .text.pin_handler_trigger_uninit
                0x000000000000cc7c       0x3c modules/hal_nordic/nrfx/libmodules__hal_nordic__nrfx.a(nrfx_gpiote.c.obj)
 .text.nrfx_gpiote_input_configure
                0x000000000000ccb8      0x15c modules/hal_nordic/nrfx/libmodules__hal_nordic__nrfx.a(nrfx_gpiote.c.obj)
                0x000000000000ccb8                nrfx_gpiote_input_configure
 .text.nrfx_gpiote_output_configure
                0x000000000000ce14       0xe8 modules/hal_nordic/nrfx/libmodules__hal_nordic__nrfx.a(nrfx_gpiote.c.obj)
                0x000000000000ce14                nrfx_gpiote_output_configure
 .text.nrfx_gpiote_global_callback_set
                0x000000000000cefc        0xc modules/hal_nordic/nrfx/libmodules__hal_nordic__nrfx.a(nrfx_gpiote.c.obj)
                0x000000000000cefc                nrfx_gpiote_global_callback_set
 .text.nrfx_gpiote_channel_get
                0x000000000000cf08       0x2c modules/hal_nordic/nrfx/libmodules__hal_nordic__nrfx.a(nrfx_gpiote.c.obj)
                0x000000000000cf08                nrfx_gpiote_channel_get
 .text.nrfx_gpiote_init
                0x000000000000cf34       0x50 modules/hal_nordic/nrfx/libmodules__hal_nordic__nrfx.a(nrfx_gpiote.c.obj)
                0x000000000000cf34                nrfx_gpiote_init
 .text.nrfx_gpiote_is_init
                0x000000000000cf84       0x14 modules/hal_nordic/nrfx/libmodules__hal_nordic__nrfx.a(nrfx_gpiote.c.obj)
                0x000000000000cf84                nrfx_gpiote_is_init
 .text.nrfx_gpiote_channel_free
                0x000000000000cf98        0xc modules/hal_nordic/nrfx/libmodules__hal_nordic__nrfx.a(nrfx_gpiote.c.obj)
                0x000000000000cf98                nrfx_gpiote_channel_free
 .text.nrfx_gpiote_channel_alloc
                0x000000000000cfa4        0xc modules/hal_nordic/nrfx/libmodules__hal_nordic__nrfx.a(nrfx_gpiote.c.obj)
                0x000000000000cfa4                nrfx_gpiote_channel_alloc
 .text.nrfx_gpiote_trigger_enable
                0x000000000000cfb0       0x8c modules/hal_nordic/nrfx/libmodules__hal_nordic__nrfx.a(nrfx_gpiote.c.obj)
                0x000000000000cfb0                nrfx_gpiote_trigger_enable
 .text.nrfx_gpiote_trigger_disable
                0x000000000000d03c       0x50 modules/hal_nordic/nrfx/libmodules__hal_nordic__nrfx.a(nrfx_gpiote.c.obj)
                0x000000000000d03c                nrfx_gpiote_trigger_disable
 .text.nrfx_gpiote_pin_uninit
                0x000000000000d08c       0x50 modules/hal_nordic/nrfx/libmodules__hal_nordic__nrfx.a(nrfx_gpiote.c.obj)
                0x000000000000d08c                nrfx_gpiote_pin_uninit
 .text.nrfx_gpiote_irq_handler
                0x000000000000d0dc      0x1b0 modules/hal_nordic/nrfx/libmodules__hal_nordic__nrfx.a(nrfx_gpiote.c.obj)
                0x000000000000d0dc                nrfx_gpiote_irq_handler
 .text.nrfx_ipc_init
                0x000000000000d28c       0x30 modules/hal_nordic/nrfx/libmodules__hal_nordic__nrfx.a(nrfx_ipc.c.obj)
                0x000000000000d28c                nrfx_ipc_init
 .text.nrfx_ipc_config_load
                0x000000000000d2bc       0x40 modules/hal_nordic/nrfx/libmodules__hal_nordic__nrfx.a(nrfx_ipc.c.obj)
                0x000000000000d2bc                nrfx_ipc_config_load
 .text.nrfx_ipc_receive_event_enable
                0x000000000000d2fc       0x10 modules/hal_nordic/nrfx/libmodules__hal_nordic__nrfx.a(nrfx_ipc.c.obj)
                0x000000000000d2fc                nrfx_ipc_receive_event_enable
 .text.nrfx_ipc_receive_event_disable
                0x000000000000d30c       0x10 modules/hal_nordic/nrfx/libmodules__hal_nordic__nrfx.a(nrfx_ipc.c.obj)
                0x000000000000d30c                nrfx_ipc_receive_event_disable
 .text.nrfx_ipc_irq_handler
                0x000000000000d31c       0x40 modules/hal_nordic/nrfx/libmodules__hal_nordic__nrfx.a(nrfx_ipc.c.obj)
                0x000000000000d31c                nrfx_ipc_irq_handler
 .text.nrf_gpio_pin_clear
                0x000000000000d35c       0x20 modules/hal_nordic/nrfx/libmodules__hal_nordic__nrfx.a(nrfx_spim.c.obj)
 .text.nrf_gpio_cfg.constprop.0
                0x000000000000d37c       0x40 modules/hal_nordic/nrfx/libmodules__hal_nordic__nrfx.a(nrfx_spim.c.obj)
 .text.nrf_gpio_pin_set
                0x000000000000d3bc       0x20 modules/hal_nordic/nrfx/libmodules__hal_nordic__nrfx.a(nrfx_spim.c.obj)
 .text.nrfx_spim_init
                0x000000000000d3dc      0x23c modules/hal_nordic/nrfx/libmodules__hal_nordic__nrfx.a(nrfx_spim.c.obj)
                0x000000000000d3dc                nrfx_spim_init
 .text.nrfx_spim_uninit
                0x000000000000d618       0xa4 modules/hal_nordic/nrfx/libmodules__hal_nordic__nrfx.a(nrfx_spim.c.obj)
                0x000000000000d618                nrfx_spim_uninit
 .text.nrfx_spim_xfer
                0x000000000000d6bc       0xf8 modules/hal_nordic/nrfx/libmodules__hal_nordic__nrfx.a(nrfx_spim.c.obj)
                0x000000000000d6bc                nrfx_spim_xfer
 .text.nrfx_spim_4_irq_handler
                0x000000000000d7b4       0x3c modules/hal_nordic/nrfx/libmodules__hal_nordic__nrfx.a(nrfx_spim.c.obj)
                0x000000000000d7b4                nrfx_spim_4_irq_handler
 .text.z_fatal_error
                0x000000000000d7f0       0xfc zephyr/kernel/libkernel.a(fatal.c.obj)
                0x000000000000d7f0                z_fatal_error
 .text.z_sys_init_run_level
                0x000000000000d8ec       0x44 zephyr/kernel/libkernel.a(init.c.obj)
 .text.bg_thread_main
                0x000000000000d930       0x34 zephyr/kernel/libkernel.a(init.c.obj)
 .text.z_bss_zero
                0x000000000000d964       0x18 zephyr/kernel/libkernel.a(init.c.obj)
                0x000000000000d964                z_bss_zero
 .text.z_init_cpu
                0x000000000000d97c       0x68 zephyr/kernel/libkernel.a(init.c.obj)
                0x000000000000d97c                z_init_cpu
 .text.z_cstart
                0x000000000000d9e4       0xe0 zephyr/kernel/libkernel.a(init.c.obj)
                0x000000000000d9e4                z_cstart
 .text.z_setup_new_thread
                0x000000000000dac4       0x60 zephyr/kernel/libkernel.a(thread.c.obj)
                0x000000000000dac4                z_setup_new_thread
 .text.z_impl_k_thread_create
                0x000000000000db24       0x58 zephyr/kernel/libkernel.a(thread.c.obj)
                0x000000000000db24                z_impl_k_thread_create
 .text.z_init_static_threads
                0x000000000000db7c       0xb8 zephyr/kernel/libkernel.a(thread.c.obj)
                0x000000000000db7c                z_init_static_threads
 .text.idle     0x000000000000dc34       0x38 zephyr/kernel/libkernel.a(idle.c.obj)
                0x000000000000dc34                idle
 .text.z_impl_k_mutex_lock
                0x000000000000dc6c       0xf4 zephyr/kernel/libkernel.a(mutex.c.obj)
                0x000000000000dc6c                z_impl_k_mutex_lock
 .text.z_impl_k_mutex_unlock
                0x000000000000dd60       0x78 zephyr/kernel/libkernel.a(mutex.c.obj)
                0x000000000000dd60                z_impl_k_mutex_unlock
 .text.z_impl_k_sem_give
                0x000000000000ddd8       0x40 zephyr/kernel/libkernel.a(sem.c.obj)
                0x000000000000ddd8                z_impl_k_sem_give
 .text.z_impl_k_sem_take
                0x000000000000de18       0x50 zephyr/kernel/libkernel.a(sem.c.obj)
                0x000000000000de18                z_impl_k_sem_take
 .text.z_reset_time_slice
                0x000000000000de68       0x28 zephyr/kernel/libkernel.a(sched.c.obj)
                0x000000000000de68                z_reset_time_slice
 .text.update_cache
                0x000000000000de90       0x3c zephyr/kernel/libkernel.a(sched.c.obj)
 .text.move_thread_to_end_of_prio_q
                0x000000000000decc       0x74 zephyr/kernel/libkernel.a(sched.c.obj)
 .text.ready_thread
                0x000000000000df40       0x68 zephyr/kernel/libkernel.a(sched.c.obj)
 .text.unready_thread
                0x000000000000dfa8       0x30 zephyr/kernel/libkernel.a(sched.c.obj)
 .text.pend_locked
                0x000000000000dfd8       0x30 zephyr/kernel/libkernel.a(sched.c.obj)
 .text.k_sched_time_slice_set
                0x000000000000e008       0x64 zephyr/kernel/libkernel.a(sched.c.obj)
                0x000000000000e008                k_sched_time_slice_set
 .text.z_time_slice
                0x000000000000e06c       0x84 zephyr/kernel/libkernel.a(sched.c.obj)
                0x000000000000e06c                z_time_slice
 .text.z_pend_curr
                0x000000000000e0f0       0x3c zephyr/kernel/libkernel.a(sched.c.obj)
                0x000000000000e0f0                z_pend_curr
 .text.z_set_prio
                0x000000000000e12c       0x8c zephyr/kernel/libkernel.a(sched.c.obj)
                0x000000000000e12c                z_set_prio
 .text.z_reschedule
                0x000000000000e1b8       0x24 zephyr/kernel/libkernel.a(sched.c.obj)
                0x000000000000e1b8                z_reschedule
 .text.z_sched_start
                0x000000000000e1dc       0x3c zephyr/kernel/libkernel.a(sched.c.obj)
                0x000000000000e1dc                z_sched_start
 .text.z_impl_k_thread_suspend
                0x000000000000e218       0x64 zephyr/kernel/libkernel.a(sched.c.obj)
                0x000000000000e218                z_impl_k_thread_suspend
 .text.k_sched_lock
                0x000000000000e27c       0x28 zephyr/kernel/libkernel.a(sched.c.obj)
                0x000000000000e27c                k_sched_lock
 .text.k_sched_unlock
                0x000000000000e2a4       0x38 zephyr/kernel/libkernel.a(sched.c.obj)
                0x000000000000e2a4                k_sched_unlock
 .text.z_sched_init
                0x000000000000e2dc       0x18 zephyr/kernel/libkernel.a(sched.c.obj)
                0x000000000000e2dc                z_sched_init
 .text.z_impl_k_yield
                0x000000000000e2f4       0x7c zephyr/kernel/libkernel.a(sched.c.obj)
                0x000000000000e2f4                z_impl_k_yield
 .text.z_tick_sleep
                0x000000000000e370       0x88 zephyr/kernel/libkernel.a(sched.c.obj)
 .text.z_impl_k_sleep
                0x000000000000e3f8       0x34 zephyr/kernel/libkernel.a(sched.c.obj)
                0x000000000000e3f8                z_impl_k_sleep
 .text.z_impl_k_usleep
                0x000000000000e42c       0x34 zephyr/kernel/libkernel.a(sched.c.obj)
                0x000000000000e42c                z_impl_k_usleep
 .text.z_impl_z_current_get
                0x000000000000e460        0xc zephyr/kernel/libkernel.a(sched.c.obj)
                0x000000000000e460                z_impl_z_current_get
 .text.z_thread_abort
                0x000000000000e46c       0xc0 zephyr/kernel/libkernel.a(sched.c.obj)
                0x000000000000e46c                z_thread_abort
 .text.z_data_copy
                0x000000000000e52c       0x34 zephyr/kernel/libkernel.a(xip.c.obj)
                0x000000000000e52c                z_data_copy
 .text.elapsed  0x000000000000e560       0x14 zephyr/kernel/libkernel.a(timeout.c.obj)
 .text.next_timeout
                0x000000000000e574       0x50 zephyr/kernel/libkernel.a(timeout.c.obj)
 .text.remove_timeout
                0x000000000000e5c4       0x38 zephyr/kernel/libkernel.a(timeout.c.obj)
 .text.z_add_timeout
                0x000000000000e5fc       0xfc zephyr/kernel/libkernel.a(timeout.c.obj)
                0x000000000000e5fc                z_add_timeout
 .text.sys_clock_announce
                0x000000000000e6f8       0xb8 zephyr/kernel/libkernel.a(timeout.c.obj)
                0x000000000000e6f8                sys_clock_announce
 .text.sys_clock_tick_get
                0x000000000000e7b0       0x34 zephyr/kernel/libkernel.a(timeout.c.obj)
                0x000000000000e7b0                sys_clock_tick_get
 .text.z_timer_expiration_handler
                0x000000000000e7e4       0xd4 zephyr/kernel/libkernel.a(timer.c.obj)
                0x000000000000e7e4                z_timer_expiration_handler
 .text.z_impl_k_timer_start
                0x000000000000e8b8       0x98 zephyr/kernel/libkernel.a(timer.c.obj)
                0x000000000000e8b8                z_impl_k_timer_start
 .text.boot_banner
                0x000000000000e950        0xc zephyr/kernel/libkernel.a(banner.c.obj)
                0x000000000000e950                boot_banner
 .text.cbpprintf_external
                0x000000000000e95c       0x62 zephyr/libzephyr.a(cbprintf_packaged.c.obj)
                0x000000000000e95c                cbpprintf_external
 .text.is_ptr   0x000000000000e9be       0x4a zephyr/libzephyr.a(cbprintf_packaged.c.obj)
                0x000000000000e9be                is_ptr
 .text.arch_printk_char_out
                0x000000000000ea08        0x4 zephyr/libzephyr.a(printk.c.obj)
                0x000000000000ea08                arch_printk_char_out
 .text.str_out  0x000000000000ea0c       0x26 zephyr/libzephyr.a(printk.c.obj)
 .text.printk   0x000000000000ea32       0x1a zephyr/libzephyr.a(printk.c.obj)
                0x000000000000ea32                printk
 .text.snprintk
                0x000000000000ea4c       0x1a zephyr/libzephyr.a(printk.c.obj)
                0x000000000000ea4c                snprintk
 .text.z_thread_entry
                0x000000000000ea66       0x14 zephyr/libzephyr.a(thread_entry.c.obj)
                0x000000000000ea66                z_thread_entry
 .text.process_recheck
                0x000000000000ea7a       0x38 zephyr/libzephyr.a(onoff.c.obj)
 .text.validate_args
                0x000000000000eab2       0x20 zephyr/libzephyr.a(onoff.c.obj)
 .text.notify_one
                0x000000000000ead2       0x2c zephyr/libzephyr.a(onoff.c.obj)
 .text.transition_complete
                0x000000000000eafe       0x1c zephyr/libzephyr.a(onoff.c.obj)
 .text.onoff_manager_init
                0x000000000000eb1a       0x26 zephyr/libzephyr.a(onoff.c.obj)
                0x000000000000eb1a                onoff_manager_init
 .text.onoff_request
                0x000000000000eb40       0xb0 zephyr/libzephyr.a(onoff.c.obj)
                0x000000000000eb40                onoff_request
 .text.sys_notify_validate
                0x000000000000ebf0       0x22 zephyr/libzephyr.a(notify.c.obj)
                0x000000000000ebf0                sys_notify_validate
 .text.sys_notify_finalize
                0x000000000000ec12       0x1a zephyr/libzephyr.a(notify.c.obj)
                0x000000000000ec12                sys_notify_finalize
 .text.encode_uint
                0x000000000000ec2c       0x8c zephyr/libzephyr.a(cbprintf_complete.c.obj)
 .text.outs     0x000000000000ecb8       0x2e zephyr/libzephyr.a(cbprintf_complete.c.obj)
 .text.free_space
                0x000000000000ece6       0x22 zephyr/libzephyr.a(mpsc_pbuf.c.obj)
 .text.get_usage
                0x000000000000ed08       0x22 zephyr/libzephyr.a(mpsc_pbuf.c.obj)
 .text.idx_inc  0x000000000000ed2a       0x1c zephyr/libzephyr.a(mpsc_pbuf.c.obj)
 .text.add_skip_item
                0x000000000000ed46       0x2c zephyr/libzephyr.a(mpsc_pbuf.c.obj)
 .text.max_utilization_update
                0x000000000000ed72       0x1a zephyr/libzephyr.a(mpsc_pbuf.c.obj)
 .text.drop_item_locked
                0x000000000000ed8c       0xb4 zephyr/libzephyr.a(mpsc_pbuf.c.obj)
 .text.mpsc_pbuf_init
                0x000000000000ee40       0x42 zephyr/libzephyr.a(mpsc_pbuf.c.obj)
                0x000000000000ee40                mpsc_pbuf_init
 .text.mpsc_pbuf_alloc
                0x000000000000ee82       0xfc zephyr/libzephyr.a(mpsc_pbuf.c.obj)
                0x000000000000ee82                mpsc_pbuf_alloc
 .text.mpsc_pbuf_commit
                0x000000000000ef7e       0x40 zephyr/libzephyr.a(mpsc_pbuf.c.obj)
                0x000000000000ef7e                mpsc_pbuf_commit
 .text.mpsc_pbuf_claim
                0x000000000000efbe       0xa0 zephyr/libzephyr.a(mpsc_pbuf.c.obj)
                0x000000000000efbe                mpsc_pbuf_claim
 .text.mpsc_pbuf_free
                0x000000000000f05e       0x68 zephyr/libzephyr.a(mpsc_pbuf.c.obj)
                0x000000000000f05e                mpsc_pbuf_free
 .text.mpsc_pbuf_is_pending
                0x000000000000f0c6       0x14 zephyr/libzephyr.a(mpsc_pbuf.c.obj)
                0x000000000000f0c6                mpsc_pbuf_is_pending
 .text._ConfigAbsSyms
                0x000000000000f0da        0x2 zephyr/libzephyr.a(configs.c.obj)
                0x000000000000f0da                _ConfigAbsSyms
 .text.nordicsemi_nrf53_init
                0x000000000000f0dc       0x34 zephyr/libzephyr.a(soc.c.obj)
 .text.pm_state_set
                0x000000000000f110       0x18 zephyr/libzephyr.a(power.c.obj)
                0x000000000000f110                pm_state_set
 .text.pm_state_exit_post_ops
                0x000000000000f128        0xc zephyr/libzephyr.a(power.c.obj)
                0x000000000000f128                pm_state_exit_post_ops
 .text.log_msg_generic_get_wlen
                0x000000000000f134       0x22 zephyr/libzephyr.a(log_core.c.obj)
 .text.dummy_timestamp
                0x000000000000f156        0x4 zephyr/libzephyr.a(log_core.c.obj)
 .text.default_get_timestamp
                0x000000000000f15a        0x4 zephyr/libzephyr.a(log_core.c.obj)
 .text.atomic_inc
                0x000000000000f15e       0x12 zephyr/libzephyr.a(log_core.c.obj)
 .text.z_log_notify_drop
                0x000000000000f170        0x6 zephyr/libzephyr.a(log_core.c.obj)
 .text.z_log_get_tag
                0x000000000000f176        0x4 zephyr/libzephyr.a(log_core.c.obj)
                0x000000000000f176                z_log_get_tag
 .text.z_cbprintf_cpy
                0x000000000000f17a       0x2c zephyr/libzephyr.a(log_msg.c.obj)
 .text.z_log_msg_finalize
                0x000000000000f1a6       0x34 zephyr/libzephyr.a(log_msg.c.obj)
                0x000000000000f1a6                z_log_msg_finalize
 .text.buffer_write
                0x000000000000f1da       0x1a zephyr/libzephyr.a(log_output.c.obj)
 .text.cbvprintf
                0x000000000000f1f4        0xe zephyr/libzephyr.a(log_output.c.obj)
 .text.log_output_flush
                0x000000000000f202       0x1a zephyr/libzephyr.a(log_output.c.obj)
                0x000000000000f202                log_output_flush
 .text.out_func
                0x000000000000f21c       0x2e zephyr/libzephyr.a(log_output.c.obj)
 .text.cr_out_func
                0x000000000000f24a       0x1c zephyr/libzephyr.a(log_output.c.obj)
 .text.log_backend_uart_init
                0x000000000000f266        0x2 zephyr/libzephyr.a(log_backend_uart.c.obj)
 .text.z_do_kernel_oops
                0x000000000000f268        0x8 zephyr/arch/arch/arm/core/aarch32/libarch__arm__core__aarch32.a(fatal.c.obj)
                0x000000000000f268                z_do_kernel_oops
 .text.z_irq_spurious
                0x000000000000f270        0x8 zephyr/arch/arch/arm/core/aarch32/libarch__arm__core__aarch32.a(irq_manage.c.obj)
                0x000000000000f270                z_irq_spurious
 .text.z_arm_nmi
                0x000000000000f278        0xe zephyr/arch/arch/arm/core/aarch32/libarch__arm__core__aarch32.a(nmi.c.obj)
                0x000000000000f278                z_arm_nmi
 .text.configure_builtin_stack_guard
                0x000000000000f286        0x8 zephyr/arch/arch/arm/core/aarch32/libarch__arm__core__aarch32.a(thread.c.obj)
                0x000000000000f286                configure_builtin_stack_guard
 .text.z_log_msg_static_create.constprop.0
                0x000000000000f28e        0x6 zephyr/arch/arch/arm/core/aarch32/cortex_m/libarch__arm__core__aarch32__cortex_m.a(fault.c.obj)
 .text.z_arm_save_fp_context
                0x000000000000f294        0x2 zephyr/arch/arch/arm/core/aarch32/cortex_m/libarch__arm__core__aarch32__cortex_m.a(fpu.c.obj)
                0x000000000000f294                z_arm_save_fp_context
 .text.z_arm_restore_fp_context
                0x000000000000f296        0x2 zephyr/arch/arch/arm/core/aarch32/cortex_m/libarch__arm__core__aarch32__cortex_m.a(fpu.c.obj)
                0x000000000000f296                z_arm_restore_fp_context
 .text.arm_cmse_mpu_region_get
                0x000000000000f298       0x12 zephyr/arch/arch/arm/core/aarch32/cortex_m/cmse/libarch__arm__core__aarch32__cortex_m__cmse.a(arm_core_cmse.c.obj)
                0x000000000000f298                arm_cmse_mpu_region_get
 .text.mpu_configure_region
                0x000000000000f2aa       0x40 zephyr/arch/arch/arm/core/aarch32/mpu/libarch__arm__core__aarch32__mpu.a(arm_mpu.c.obj)
 .text.strlen   0x000000000000f2ea        0xe zephyr/lib/libc/minimal/liblib__libc__minimal.a(string.c.obj)
                0x000000000000f2ea                strlen
 .text.strnlen  0x000000000000f2f8       0x12 zephyr/lib/libc/minimal/liblib__libc__minimal.a(string.c.obj)
                0x000000000000f2f8                strnlen
 .text.memcpy   0x000000000000f30a       0x16 zephyr/lib/libc/minimal/liblib__libc__minimal.a(string.c.obj)
                0x000000000000f30a                memcpy
 .text.memset   0x000000000000f320       0x12 zephyr/lib/libc/minimal/liblib__libc__minimal.a(string.c.obj)
                0x000000000000f320                memset
 .text._stdout_hook_default
                0x000000000000f332        0x6 zephyr/lib/libc/minimal/liblib__libc__minimal.a(stdout_console.c.obj)
 .text.get_status
                0x000000000000f338       0x12 zephyr/drivers/clock_control/libdrivers__clock_control.a(clock_control_nrf.c.obj)
 .text.set_on_state
                0x000000000000f34a       0x26 zephyr/drivers/clock_control/libdrivers__clock_control.a(clock_control_nrf.c.obj)
 .text.stop     0x000000000000f370       0x52 zephyr/drivers/clock_control/libdrivers__clock_control.a(clock_control_nrf.c.obj)
 .text.api_stop
                0x000000000000f3c2        0x6 zephyr/drivers/clock_control/libdrivers__clock_control.a(clock_control_nrf.c.obj)
 .text.async_start
                0x000000000000f3c8       0x5c zephyr/drivers/clock_control/libdrivers__clock_control.a(clock_control_nrf.c.obj)
 .text.api_start
                0x000000000000f424        0xe zephyr/drivers/clock_control/libdrivers__clock_control.a(clock_control_nrf.c.obj)
 .text.onoff_started_callback
                0x000000000000f432       0x12 zephyr/drivers/clock_control/libdrivers__clock_control.a(clock_control_nrf.c.obj)
 .text.hfclkaudio_start
                0x000000000000f444        0x6 zephyr/drivers/clock_control/libdrivers__clock_control.a(clock_control_nrf.c.obj)
 .text.hfclk192m_start
                0x000000000000f44a        0x6 zephyr/drivers/clock_control/libdrivers__clock_control.a(clock_control_nrf.c.obj)
 .text.lfclk_start
                0x000000000000f450        0x6 zephyr/drivers/clock_control/libdrivers__clock_control.a(clock_control_nrf.c.obj)
 .text.hfclkaudio_stop
                0x000000000000f456        0x6 zephyr/drivers/clock_control/libdrivers__clock_control.a(clock_control_nrf.c.obj)
 .text.hfclk192m_stop
                0x000000000000f45c        0x6 zephyr/drivers/clock_control/libdrivers__clock_control.a(clock_control_nrf.c.obj)
 .text.lfclk_stop
                0x000000000000f462        0x6 zephyr/drivers/clock_control/libdrivers__clock_control.a(clock_control_nrf.c.obj)
 .text.blocking_start_callback
                0x000000000000f468        0x6 zephyr/drivers/clock_control/libdrivers__clock_control.a(clock_control_nrf.c.obj)
 .text.gpio_nrfx_port_get_raw
                0x000000000000f46e        0xc zephyr/drivers/gpio/libdrivers__gpio.a(gpio_nrfx.c.obj)
 .text.gpio_nrfx_port_set_masked_raw
                0x000000000000f47a       0x14 zephyr/drivers/gpio/libdrivers__gpio.a(gpio_nrfx.c.obj)
 .text.gpio_nrfx_port_set_bits_raw
                0x000000000000f48e        0xa zephyr/drivers/gpio/libdrivers__gpio.a(gpio_nrfx.c.obj)
 .text.gpio_nrfx_port_clear_bits_raw
                0x000000000000f498        0xa zephyr/drivers/gpio/libdrivers__gpio.a(gpio_nrfx.c.obj)
 .text.gpio_nrfx_port_toggle_bits
                0x000000000000f4a2       0x14 zephyr/drivers/gpio/libdrivers__gpio.a(gpio_nrfx.c.obj)
 .text.gpio_nrfx_manage_callback
                0x000000000000f4b6       0x52 zephyr/drivers/gpio/libdrivers__gpio.a(gpio_nrfx.c.obj)
 .text.ws2812_strip_update_rgb
                0x000000000000f508       0xb0 zephyr/drivers/led_strip/libdrivers__led_strip.a(ws2812_spi.c.obj)
 .text.irq_connect4
                0x000000000000f5b8        0xa zephyr/drivers/spi/libdrivers__spi.a(spi_nrfx_spim.c.obj)
 .text.spi_context_get_next_buf.constprop.0
                0x000000000000f5c2       0x26 zephyr/drivers/spi/libdrivers__spi.a(spi_nrfx_spim.c.obj)
 .text.z_log_msg_static_create.constprop.0
                0x000000000000f5e8        0x6 zephyr/drivers/spi/libdrivers__spi.a(spi_nrfx_spim.c.obj)
 .text.gpio_pin_set_dt.isra.0
                0x000000000000f5ee       0x28 zephyr/drivers/spi/libdrivers__spi.a(spi_nrfx_spim.c.obj)
 .text._spi_context_cs_control
                0x000000000000f616       0x44 zephyr/drivers/spi/libdrivers__spi.a(spi_nrfx_spim.c.obj)
 .text.spi_context_unlock_unconditionally
                0x000000000000f65a       0x20 zephyr/drivers/spi/libdrivers__spi.a(spi_nrfx_spim.c.obj)
 .text.spi_nrfx_release
                0x000000000000f67a       0x24 zephyr/drivers/spi/libdrivers__spi.a(spi_nrfx_spim.c.obj)
 .text.uarte_nrfx_config_get
                0x000000000000f69e       0x10 zephyr/drivers/serial/libdrivers__serial.a(uart_nrfx_uarte.c.obj)
 .text.uarte_nrfx_err_check
                0x000000000000f6ae        0xe zephyr/drivers/serial/libdrivers__serial.a(uart_nrfx_uarte.c.obj)
 .text.uarte_nrfx_poll_in
                0x000000000000f6bc       0x28 zephyr/drivers/serial/libdrivers__serial.a(uart_nrfx_uarte.c.obj)
 .text.is_tx_ready.isra.0
                0x000000000000f6e4       0x20 zephyr/drivers/serial/libdrivers__serial.a(uart_nrfx_uarte.c.obj)
 .text.uarte_nrfx_isr_int
                0x000000000000f704       0x72 zephyr/drivers/serial/libdrivers__serial.a(uart_nrfx_uarte.c.obj)
 .text.entropy_cc3xx_rng_get_entropy
                0x000000000000f776       0x12 zephyr/drivers/entropy/libdrivers__entropy.a(entropy_cc3xx.c.obj)
 .text.entropy_cc3xx_rng_init
                0x000000000000f788       0x10 zephyr/drivers/entropy/libdrivers__entropy.a(entropy_cc3xx.c.obj)
 .text.sys_clock_idle_exit
                0x000000000000f798        0x2 zephyr/drivers/timer/libdrivers__timer.a(sys_clock_init.c.obj)
                0x000000000000f798                sys_clock_idle_exit
 .text.event_clear
                0x000000000000f79a       0x18 zephyr/drivers/timer/libdrivers__timer.a(nrf_rtc_timer.c.obj)
 .text.z_nrf_rtc_timer_capture_task_address_get
                0x000000000000f7b2       0x12 zephyr/drivers/timer/libdrivers__timer.a(nrf_rtc_timer.c.obj)
                0x000000000000f7b2                z_nrf_rtc_timer_capture_task_address_get
 .text.z_nrf_rtc_timer_set
                0x000000000000f7c4        0x4 zephyr/drivers/timer/libdrivers__timer.a(nrf_rtc_timer.c.obj)
                0x000000000000f7c4                z_nrf_rtc_timer_set
 .text.sys_clock_cycle_get_32
                0x000000000000f7c8        0x8 zephyr/drivers/timer/libdrivers__timer.a(nrf_rtc_timer.c.obj)
                0x000000000000f7c8                sys_clock_cycle_get_32
 .text.pinctrl_lookup_state
                0x000000000000f7d0       0x2c zephyr/drivers/pinctrl/libdrivers__pinctrl.a(common.c.obj)
                0x000000000000f7d0                pinctrl_lookup_state
 .text.mbox_nrf_register_callback
                0x000000000000f7fc       0x1c zephyr/drivers/mbox/libdrivers__mbox.a(mbox_nrfx_ipc.c.obj)
 .text.mbox_nrf_mtu_get
                0x000000000000f818        0x4 zephyr/drivers/mbox/libdrivers__mbox.a(mbox_nrfx_ipc.c.obj)
 .text.mbox_nrf_max_channels_get
                0x000000000000f81c        0x4 zephyr/drivers/mbox/libdrivers__mbox.a(mbox_nrfx_ipc.c.obj)
 .text.ns_interface_init
                0x000000000000f820        0x4 modules/trusted-firmware-m/libtfm_api.a(interface.c.obj)
 .text.psa_crypto_init
                0x000000000000f824        0x4 modules/trusted-firmware-m/libtfm_api.a(tfm_crypto_ipc_api.c.obj)
                0x000000000000f824                psa_crypto_init
 .text.SystemInit
                0x000000000000f828        0x4 modules/hal_nordic/nrfx/libmodules__hal_nordic__nrfx.a(system_nrf5340_application.c.obj)
                0x000000000000f828                SystemInit
 .text.nrfx_isr
                0x000000000000f82c        0x2 modules/hal_nordic/nrfx/libmodules__hal_nordic__nrfx.a(nrfx_glue.c.obj)
                0x000000000000f82c                nrfx_isr
 .text.nrfx_busy_wait
                0x000000000000f82e        0x4 modules/hal_nordic/nrfx/libmodules__hal_nordic__nrfx.a(nrfx_glue.c.obj)
                0x000000000000f82e                nrfx_busy_wait
 .text.nrfx_clock_stop
                0x000000000000f832        0x4 modules/hal_nordic/nrfx/libmodules__hal_nordic__nrfx.a(nrfx_clock.c.obj)
                0x000000000000f832                nrfx_clock_stop
 .text.nrf_gpio_reconfigure
                0x000000000000f836       0x92 modules/hal_nordic/nrfx/libmodules__hal_nordic__nrfx.a(nrfx_gpiote.c.obj)
 .text.nrf_gpio_cfg_sense_set
                0x000000000000f8c8       0x1e modules/hal_nordic/nrfx/libmodules__hal_nordic__nrfx.a(nrfx_gpiote.c.obj)
 .text.spim_pin_uninit
                0x000000000000f8e6       0x18 modules/hal_nordic/nrfx/libmodules__hal_nordic__nrfx.a(nrfx_spim.c.obj)
 .text.set_ss_pin_state
                0x000000000000f8fe       0x20 modules/hal_nordic/nrfx/libmodules__hal_nordic__nrfx.a(nrfx_spim.c.obj)
 .text.z_device_state_init
                0x000000000000f91e        0x2 zephyr/kernel/libkernel.a(device.c.obj)
                0x000000000000f91e                z_device_state_init
 .text.z_device_is_ready
                0x000000000000f920       0x16 zephyr/kernel/libkernel.a(device.c.obj)
                0x000000000000f920                z_device_is_ready
 .text.z_early_memset
                0x000000000000f936        0x4 zephyr/kernel/libkernel.a(init.c.obj)
                0x000000000000f936                z_early_memset
 .text.z_early_memcpy
                0x000000000000f93a        0x4 zephyr/kernel/libkernel.a(init.c.obj)
                0x000000000000f93a                z_early_memcpy
 .text.k_is_in_isr
                0x000000000000f93e        0xc zephyr/kernel/libkernel.a(thread.c.obj)
                0x000000000000f93e                k_is_in_isr
 .text.z_impl_k_thread_name_set
                0x000000000000f94a        0x6 zephyr/kernel/libkernel.a(thread.c.obj)
                0x000000000000f94a                z_impl_k_thread_name_set
 .text.k_thread_name_get
                0x000000000000f950        0x4 zephyr/kernel/libkernel.a(thread.c.obj)
                0x000000000000f950                k_thread_name_get
 .text.z_pm_save_idle_exit
                0x000000000000f954        0xe zephyr/kernel/libkernel.a(idle.c.obj)
                0x000000000000f954                z_pm_save_idle_exit
 .text.adjust_owner_prio.isra.0
                0x000000000000f962       0x10 zephyr/kernel/libkernel.a(mutex.c.obj)
 .text.z_impl_k_sem_init
                0x000000000000f972       0x18 zephyr/kernel/libkernel.a(sem.c.obj)
                0x000000000000f972                z_impl_k_sem_init
 .text.sys_dlist_remove
                0x000000000000f98a       0x10 zephyr/kernel/libkernel.a(sched.c.obj)
 .text.unpend_thread_no_timeout
                0x000000000000f99a       0x14 zephyr/kernel/libkernel.a(sched.c.obj)
 .text.z_thread_timeout
                0x000000000000f9ae       0x44 zephyr/kernel/libkernel.a(sched.c.obj)
                0x000000000000f9ae                z_thread_timeout
 .text.add_to_waitq_locked
                0x000000000000f9f2       0x50 zephyr/kernel/libkernel.a(sched.c.obj)
 .text.z_ready_thread
                0x000000000000fa42       0x20 zephyr/kernel/libkernel.a(sched.c.obj)
                0x000000000000fa42                z_ready_thread
 .text.z_unpend_thread_no_timeout
                0x000000000000fa62       0x20 zephyr/kernel/libkernel.a(sched.c.obj)
                0x000000000000fa62                z_unpend_thread_no_timeout
 .text.z_unpend1_no_timeout
                0x000000000000fa82       0x2e zephyr/kernel/libkernel.a(sched.c.obj)
                0x000000000000fa82                z_unpend1_no_timeout
 .text.z_unpend_first_thread
                0x000000000000fab0       0x38 zephyr/kernel/libkernel.a(sched.c.obj)
                0x000000000000fab0                z_unpend_first_thread
 .text.z_reschedule_irqlock
                0x000000000000fae8       0x18 zephyr/kernel/libkernel.a(sched.c.obj)
                0x000000000000fae8                z_reschedule_irqlock
 .text.z_reschedule_unlocked
                0x000000000000fb00       0x14 zephyr/kernel/libkernel.a(sched.c.obj)
 .text.z_abort_timeout
                0x000000000000fb14       0x2c zephyr/kernel/libkernel.a(timeout.c.obj)
                0x000000000000fb14                z_abort_timeout
 .text.z_get_next_timeout_expiry
                0x000000000000fb40       0x20 zephyr/kernel/libkernel.a(timeout.c.obj)
                0x000000000000fb40                z_get_next_timeout_expiry
 .text.z_set_timeout_expiry
                0x000000000000fb60       0x38 zephyr/kernel/libkernel.a(timeout.c.obj)
                0x000000000000fb60                z_set_timeout_expiry
 .text.sys_clock_tick_get_32
                0x000000000000fb98        0x8 zephyr/kernel/libkernel.a(timeout.c.obj)
                0x000000000000fb98                sys_clock_tick_get_32
 .text.z_impl_k_uptime_ticks
                0x000000000000fba0        0x4 zephyr/kernel/libkernel.a(timeout.c.obj)
                0x000000000000fba0                z_impl_k_uptime_ticks
 .text.z_impl_k_busy_wait
                0x000000000000fba4        0x8 zephyr/kernel/libkernel.a(timeout.c.obj)
                0x000000000000fba4                z_impl_k_busy_wait
 .text.k_timer_init
                0x000000000000fbac       0x18 zephyr/kernel/libkernel.a(timer.c.obj)
                0x000000000000fbac                k_timer_init
 .text.z_impl_k_timer_stop
                0x000000000000fbc4       0x3a zephyr/kernel/libkernel.a(timer.c.obj)
                0x000000000000fbc4                z_impl_k_timer_stop
 .text._OffsetAbsSyms
                0x000000000000fbfe        0x2 zephyr/CMakeFiles/offsets.dir/./arch/arm/core/offsets/offsets.c.obj
                0x000000000000fbfe                _OffsetAbsSyms
 *(SORT_BY_ALIGNMENT(.TEXT.*))
 *(SORT_BY_ALIGNMENT(.gnu.linkonce.t.*))
 *(SORT_BY_ALIGNMENT(.glue_7t))
 .glue_7t       0x000000000000fc00        0x0 linker stubs
 *(SORT_BY_ALIGNMENT(.glue_7))
 .glue_7        0x000000000000fc00        0x0 linker stubs
 *(SORT_BY_ALIGNMENT(.vfp11_veneer))
 .vfp11_veneer  0x000000000000fc00        0x0 linker stubs
 *(SORT_BY_ALIGNMENT(.v4_bx))
 .v4_bx         0x000000000000fc00        0x0 linker stubs
                0x000000000000fc00                . = ALIGN (0x4)
                0x000000000000fc00                __text_region_end = .

.ARM.exidx      0x000000000000fc00        0x8
                0x000000000000fc00                __exidx_start = .
 *(SORT_BY_ALIGNMENT(.ARM.exidx*) SORT_BY_ALIGNMENT(gnu.linkonce.armexidx.*))
 .ARM.exidx     0x000000000000fc00        0x8 /opt/nordic/ncs/toolchains/v2.2.0/opt/zephyr-sdk/arm-zephyr-eabi/bin/../lib/gcc/arm-zephyr-eabi/12.1.0/thumb/v8-m.main/nofp/libgcc.a(_udivmoddi4.o)
                0x000000000000fc08                __exidx_end = .
                0x000000000000fc08                __rodata_region_start = .

initlevel       0x000000000000fc08       0x70
                0x000000000000fc08                __init_start = .
                0x000000000000fc08                __init_EARLY_start = .
 *(SORT_BY_NAME(SORT_BY_ALIGNMENT(.z_init_EARLY[0-9]_*)))
 *(SORT_BY_NAME(SORT_BY_ALIGNMENT(.z_init_EARLY[1-9][0-9]_*)))
                0x000000000000fc08                __init_PRE_KERNEL_1_start = .
 *(SORT_BY_NAME(SORT_BY_ALIGNMENT(.z_init_PRE_KERNEL_1[0-9]_*)))
 .z_init_PRE_KERNEL_10_
                0x000000000000fc08        0x8 zephyr/libzephyr.a(soc.c.obj)
 *(SORT_BY_NAME(SORT_BY_ALIGNMENT(.z_init_PRE_KERNEL_1[1-9][0-9]_*)))
 .z_init_PRE_KERNEL_130_
                0x000000000000fc10        0x8 zephyr/drivers/clock_control/libdrivers__clock_control.a(clock_control_nrf.c.obj)
 .z_init_PRE_KERNEL_140_
                0x000000000000fc18       0x10 zephyr/drivers/gpio/libdrivers__gpio.a(gpio_nrfx.c.obj)
 .z_init_PRE_KERNEL_150_
                0x000000000000fc28        0x8 zephyr/drivers/entropy/libdrivers__entropy.a(entropy_cc3xx.c.obj)
 .z_init_PRE_KERNEL_155_
                0x000000000000fc30        0x8 zephyr/drivers/serial/libdrivers__serial.a(uart_nrfx_uarte.c.obj)
 .z_init_PRE_KERNEL_160_
                0x000000000000fc38        0x8 zephyr/drivers/console/libdrivers__console.a(uart_console.c.obj)
                0x000000000000fc40                __init_PRE_KERNEL_2_start = .
 *(SORT_BY_NAME(SORT_BY_ALIGNMENT(.z_init_PRE_KERNEL_2[0-9]_*)))
 .z_init_PRE_KERNEL_20_
                0x000000000000fc40        0x8 zephyr/drivers/timer/libdrivers__timer.a(nrf_rtc_timer.c.obj)
 *(SORT_BY_NAME(SORT_BY_ALIGNMENT(.z_init_PRE_KERNEL_2[1-9][0-9]_*)))
                0x000000000000fc48                __init_POST_KERNEL_start = .
 *(SORT_BY_NAME(SORT_BY_ALIGNMENT(.z_init_POST_KERNEL[0-9]_*)))
 .z_init_POST_KERNEL0_
                0x000000000000fc48        0x8 zephyr/libzephyr.a(log_core.c.obj)
 *(SORT_BY_NAME(SORT_BY_ALIGNMENT(.z_init_POST_KERNEL[1-9][0-9]_*)))
 .z_init_POST_KERNEL40_
                0x000000000000fc50        0x8 modules/trusted-firmware-m/libtfm_api.a(interface.c.obj)
 .z_init_POST_KERNEL50_
                0x000000000000fc58        0x8 zephyr/drivers/mbox/libdrivers__mbox.a(mbox_nrfx_ipc.c.obj)
 .z_init_POST_KERNEL70_
                0x000000000000fc60        0x8 zephyr/drivers/spi/libdrivers__spi.a(spi_nrfx_spim.c.obj)
 .z_init_POST_KERNEL90_
                0x000000000000fc68        0x8 zephyr/libzephyr.a(sync_rtc.c.obj)
 .z_init_POST_KERNEL90_
                0x000000000000fc70        0x8 zephyr/drivers/led_strip/libdrivers__led_strip.a(ws2812_spi.c.obj)
                0x000000000000fc78                __init_APPLICATION_start = .
 *(SORT_BY_NAME(SORT_BY_ALIGNMENT(.z_init_APPLICATION[0-9]_*)))
 *(SORT_BY_NAME(SORT_BY_ALIGNMENT(.z_init_APPLICATION[1-9][0-9]_*)))
                0x000000000000fc78                __init_SMP_start = .
 *(SORT_BY_NAME(SORT_BY_ALIGNMENT(.z_init_SMP[0-9]_*)))
 *(SORT_BY_NAME(SORT_BY_ALIGNMENT(.z_init_SMP[1-9][0-9]_*)))
                0x000000000000fc78                __init_end = .

devices         0x000000000000fc78       0xc0
                0x000000000000fc78                __device_start = .
                0x000000000000fc78                __device_EARLY_start = .
 *(SORT_BY_NAME(SORT_BY_ALIGNMENT(.z_device_EARLY[0-9]_*)))
 *(SORT_BY_NAME(SORT_BY_ALIGNMENT(.z_device_EARLY[1-9][0-9]_*)))
                0x000000000000fc78                __device_PRE_KERNEL_1_start = .
 *(SORT_BY_NAME(SORT_BY_ALIGNMENT(.z_device_PRE_KERNEL_1[0-9]_*)))
 *(SORT_BY_NAME(SORT_BY_ALIGNMENT(.z_device_PRE_KERNEL_1[1-9][0-9]_*)))
 .z_device_PRE_KERNEL_130_
                0x000000000000fc78       0x18 zephyr/drivers/clock_control/libdrivers__clock_control.a(clock_control_nrf.c.obj)
                0x000000000000fc78                __device_dts_ord_70
 .z_device_PRE_KERNEL_140_
                0x000000000000fc90       0x30 zephyr/drivers/gpio/libdrivers__gpio.a(gpio_nrfx.c.obj)
                0x000000000000fc90                __device_dts_ord_30
                0x000000000000fca8                __device_dts_ord_10
 .z_device_PRE_KERNEL_150_
                0x000000000000fcc0       0x18 zephyr/drivers/entropy/libdrivers__entropy.a(entropy_cc3xx.c.obj)
                0x000000000000fcc0                __device_dts_ord_5
 .z_device_PRE_KERNEL_155_
                0x000000000000fcd8       0x18 zephyr/drivers/serial/libdrivers__serial.a(uart_nrfx_uarte.c.obj)
                0x000000000000fcd8                __device_dts_ord_110
                0x000000000000fcf0                __device_PRE_KERNEL_2_start = .
 *(SORT_BY_NAME(SORT_BY_ALIGNMENT(.z_device_PRE_KERNEL_2[0-9]_*)))
 *(SORT_BY_NAME(SORT_BY_ALIGNMENT(.z_device_PRE_KERNEL_2[1-9][0-9]_*)))
                0x000000000000fcf0                __device_POST_KERNEL_start = .
 *(SORT_BY_NAME(SORT_BY_ALIGNMENT(.z_device_POST_KERNEL[0-9]_*)))
 *(SORT_BY_NAME(SORT_BY_ALIGNMENT(.z_device_POST_KERNEL[1-9][0-9]_*)))
 .z_device_POST_KERNEL50_
                0x000000000000fcf0       0x18 zephyr/drivers/mbox/libdrivers__mbox.a(mbox_nrfx_ipc.c.obj)
                0x000000000000fcf0                __device_dts_ord_22
 .z_device_POST_KERNEL70_
                0x000000000000fd08       0x18 zephyr/drivers/spi/libdrivers__spi.a(spi_nrfx_spim.c.obj)
                0x000000000000fd08                __device_dts_ord_130
 .z_device_POST_KERNEL90_
                0x000000000000fd20       0x18 zephyr/drivers/led_strip/libdrivers__led_strip.a(ws2812_spi.c.obj)
                0x000000000000fd20                __device_dts_ord_131
                0x000000000000fd38                __device_APPLICATION_start = .
 *(SORT_BY_NAME(SORT_BY_ALIGNMENT(.z_device_APPLICATION[0-9]_*)))
 *(SORT_BY_NAME(SORT_BY_ALIGNMENT(.z_device_APPLICATION[1-9][0-9]_*)))
                0x000000000000fd38                __device_SMP_start = .
 *(SORT_BY_NAME(SORT_BY_ALIGNMENT(.z_device_SMP[0-9]_*)))
 *(SORT_BY_NAME(SORT_BY_ALIGNMENT(.z_device_SMP[1-9][0-9]_*)))
                0x000000000000fd38                __device_end = .

sw_isr_table    0x000000000000fd38      0x228
                0x000000000000fd38                . = ALIGN (0x4)
 *(SORT_BY_ALIGNMENT(.gnu.linkonce.sw_isr_table*))
 .gnu.linkonce.sw_isr_table
                0x000000000000fd38      0x228 zephyr/arch/common/libisr_tables.a(isr_tables.c.obj)
                0x000000000000fd38                _sw_isr_table

initlevel_error
                0x000000000000fc08        0x0
 *(SORT_BY_NAME(SORT_BY_ALIGNMENT(.z_init_[_A-Z0-9]*)))
                0x0000000000000001                ASSERT ((SIZEOF (initlevel_error) == 0x0), Undefined initialization levels used.)

app_shmem_regions
                0x000000000000ff60        0x0
                0x000000000000ff60                __app_shmem_regions_start = .
 *(SORT_BY_NAME(SORT_BY_ALIGNMENT(.app_regions.*)))
                0x000000000000ff60                __app_shmem_regions_end = .

k_p4wq_initparam_area
                0x000000000000ff60        0x0
                0x000000000000ff60                _k_p4wq_initparam_list_start = .
 *(SORT_BY_NAME(SORT_BY_ALIGNMENT(._k_p4wq_initparam.static.*)))
                0x000000000000ff60                _k_p4wq_initparam_list_end = .

_static_thread_data_area
                0x000000000000ff60        0x0
                0x000000000000ff60                __static_thread_data_list_start = .
 *(SORT_BY_NAME(SORT_BY_ALIGNMENT(.__static_thread_data.static.*)))
                0x000000000000ff60                __static_thread_data_list_end = .

device_handles  0x000000000000ff60       0x6c
                0x000000000000ff60                __device_handles_start = .
 *(SORT_BY_NAME(SORT_BY_ALIGNMENT(.__device_handles_pass1*)))
 .__device_handles_pass1
                0x000000000000ff60        0xa zephyr/drivers/clock_control/libdrivers__clock_control.a(clock_control_nrf.c.obj)
                0x000000000000ff60                __devicehdl_dts_ord_70
 .__device_handles_pass1
                0x000000000000ff6a       0x26 zephyr/drivers/gpio/libdrivers__gpio.a(gpio_nrfx.c.obj)
                0x000000000000ff6a                __devicehdl_dts_ord_30
                0x000000000000ff76                __devicehdl_dts_ord_10
 .__device_handles_pass1
                0x000000000000ff90        0x8 zephyr/drivers/led_strip/libdrivers__led_strip.a(ws2812_spi.c.obj)
                0x000000000000ff90                __devicehdl_dts_ord_131
 .__device_handles_pass1
                0x000000000000ff98       0x12 zephyr/drivers/spi/libdrivers__spi.a(spi_nrfx_spim.c.obj)
                0x000000000000ff98                __devicehdl_dts_ord_130
 .__device_handles_pass1
                0x000000000000ffaa        0xe zephyr/drivers/serial/libdrivers__serial.a(uart_nrfx_uarte.c.obj)
                0x000000000000ffaa                __devicehdl_dts_ord_110
 .__device_handles_pass1
                0x000000000000ffb8        0x8 zephyr/drivers/entropy/libdrivers__entropy.a(entropy_cc3xx.c.obj)
                0x000000000000ffb8                __devicehdl_dts_ord_5
 .__device_handles_pass1
                0x000000000000ffc0        0xc zephyr/drivers/mbox/libdrivers__mbox.a(mbox_nrfx_ipc.c.obj)
                0x000000000000ffc0                __devicehdl_dts_ord_22
                0x000000000000ffcc                __device_handles_end = .

ztest           0x000000000000ffcc        0x0
                0x000000000000ffcc                _ztest_expected_result_entry_list_start = .
 *(SORT_BY_NAME(SORT_BY_ALIGNMENT(._ztest_expected_result_entry.static.*)))
                0x000000000000ffcc                _ztest_expected_result_entry_list_end = .
                0x000000000000ffcc                _ztest_suite_node_list_start = .
 *(SORT_BY_NAME(SORT_BY_ALIGNMENT(._ztest_suite_node.static.*)))
                0x000000000000ffcc                _ztest_suite_node_list_end = .
                0x000000000000ffcc                _ztest_unit_test_list_start = .
 *(SORT_BY_NAME(SORT_BY_ALIGNMENT(._ztest_unit_test.static.*)))
                0x000000000000ffcc                _ztest_unit_test_list_end = .
                0x000000000000ffcc                _ztest_test_rule_list_start = .
 *(SORT_BY_NAME(SORT_BY_ALIGNMENT(._ztest_test_rule.static.*)))
                0x000000000000ffcc                _ztest_test_rule_list_end = .

bt_l2cap_fixed_chan_area
                0x000000000000ffcc        0x0
                0x000000000000ffcc                _bt_l2cap_fixed_chan_list_start = .
 *(SORT_BY_NAME(SORT_BY_ALIGNMENT(._bt_l2cap_fixed_chan.static.*)))
                0x000000000000ffcc                _bt_l2cap_fixed_chan_list_end = .

bt_gatt_service_static_area
                0x000000000000ffcc        0x0
                0x000000000000ffcc                _bt_gatt_service_static_list_start = .
 *(SORT_BY_NAME(SORT_BY_ALIGNMENT(._bt_gatt_service_static.static.*)))
                0x000000000000ffcc                _bt_gatt_service_static_list_end = .

log_strings_sections
                0x000000000000ffcc        0x0
                0x000000000000ffcc                __log_strings_start = .
 *(SORT_BY_NAME(SORT_BY_ALIGNMENT(.log_strings*)))
                0x000000000000ffcc                __log_strings_end = .

log_const_sections
                0x000000000000ffcc       0x80
                0x000000000000ffcc                __log_const_start = .
 *(SORT_BY_NAME(SORT_BY_ALIGNMENT(.log_const_*)))
 .log_const_cbprintf_package
                0x000000000000ffcc        0x8 zephyr/libzephyr.a(cbprintf_packaged.c.obj)
                0x000000000000ffcc                log_const_cbprintf_package
 .log_const_clock_control
                0x000000000000ffd4        0x8 zephyr/drivers/clock_control/libdrivers__clock_control.a(clock_control_nrf.c.obj)
                0x000000000000ffd4                log_const_clock_control
 .log_const_fatal_error
                0x000000000000ffdc        0x8 modules/nrf/lib/fatal_error/lib..__nrf__lib__fatal_error.a(fatal_error.c.obj)
                0x000000000000ffdc                log_const_fatal_error
 .log_const_log
                0x000000000000ffe4        0x8 zephyr/libzephyr.a(log_core.c.obj)
                0x000000000000ffe4                log_const_log
 .log_const_log_mgmt
                0x000000000000ffec        0x8 zephyr/libzephyr.a(log_mgmt.c.obj)
                0x000000000000ffec                log_const_log_mgmt
 .log_const_log_uart
                0x000000000000fff4        0x8 zephyr/libzephyr.a(log_backend_uart.c.obj)
                0x000000000000fff4                log_const_log_uart
 .log_const_main
                0x000000000000fffc        0x8 app/libapp.a(main.c.obj)
                0x000000000000fffc                log_const_main
 .log_const_mbox_nrfx_ipc
                0x0000000000010004        0x8 zephyr/drivers/mbox/libdrivers__mbox.a(mbox_nrfx_ipc.c.obj)
                0x0000000000010004                log_const_mbox_nrfx_ipc
 .log_const_mpu
                0x000000000001000c        0x8 zephyr/arch/arch/arm/core/aarch32/mpu/libarch__arm__core__aarch32__mpu.a(arm_core_mpu.c.obj)
                0x000000000001000c                log_const_mpu
 .log_const_os  0x0000000000010014        0x8 zephyr/kernel/libkernel.a(init.c.obj)
                0x0000000000010014                log_const_os
 .log_const_pm  0x000000000001001c        0x8 zephyr/libzephyr.a(pm.c.obj)
                0x000000000001001c                log_const_pm
 .log_const_soc
                0x0000000000010024        0x8 zephyr/libzephyr.a(soc.c.obj)
                0x0000000000010024                log_const_soc
 .log_const_spi_nrfx_spim
                0x000000000001002c        0x8 zephyr/drivers/spi/libdrivers__spi.a(spi_nrfx_spim.c.obj)
                0x000000000001002c                log_const_spi_nrfx_spim
 .log_const_sync_rtc
                0x0000000000010034        0x8 zephyr/libzephyr.a(sync_rtc.c.obj)
                0x0000000000010034                log_const_sync_rtc
 .log_const_uart_nrfx_uarte
                0x000000000001003c        0x8 zephyr/drivers/serial/libdrivers__serial.a(uart_nrfx_uarte.c.obj)
                0x000000000001003c                log_const_uart_nrfx_uarte
 .log_const_ws2812_spi
                0x0000000000010044        0x8 zephyr/drivers/led_strip/libdrivers__led_strip.a(ws2812_spi.c.obj)
                0x0000000000010044                log_const_ws2812_spi
                0x000000000001004c                __log_const_end = .

log_backend_area
                0x000000000001004c       0x10
                0x000000000001004c                _log_backend_list_start = .
 *(SORT_BY_NAME(SORT_BY_ALIGNMENT(._log_backend.static.*)))
 ._log_backend.static.log_backend_uart
                0x000000000001004c       0x10 zephyr/libzephyr.a(log_backend_uart.c.obj)
                0x000000000001005c                _log_backend_list_end = .

log_link_area   0x000000000001005c        0x0
                0x000000000001005c                _log_link_list_start = .
 *(SORT_BY_NAME(SORT_BY_ALIGNMENT(._log_link.static.*)))
                0x000000000001005c                _log_link_list_end = .

tracing_backend_area
                0x000000000001005c        0x0
                0x000000000001005c                _tracing_backend_list_start = .
 *(SORT_BY_NAME(SORT_BY_ALIGNMENT(._tracing_backend.static.*)))
                0x000000000001005c                _tracing_backend_list_end = .

zephyr_dbg_info
 *(SORT_BY_ALIGNMENT(.dbg_thread_info))

symbol_to_keep  0x000000000001005c        0x0
                0x000000000001005c                __symbol_to_keep_start = .
 *(SORT_BY_NAME(SORT_BY_ALIGNMENT(.symbol_to_keep*)))
                0x000000000001005c                __symbol_to_keep_end = .

shell_area      0x000000000001005c        0x0
                0x000000000001005c                _shell_list_start = .
 *(SORT_BY_NAME(SORT_BY_ALIGNMENT(._shell.static.*)))
                0x000000000001005c                _shell_list_end = .

shell_root_cmds_sections
                0x000000000001005c        0x0
                0x000000000001005c                __shell_root_cmds_start = .
 *(SORT_BY_NAME(SORT_BY_ALIGNMENT(.shell_root_cmd_*)))
                0x000000000001005c                __shell_root_cmds_end = .

shell_subcmds_sections
                0x000000000001005c        0x0
                0x000000000001005c                __shell_subcmds_start = .
 *(SORT_BY_NAME(SORT_BY_ALIGNMENT(.shell_subcmd_*)))
                0x000000000001005c                __shell_subcmds_end = .

shell_dynamic_subcmds_sections
                0x000000000001005c        0x0
                0x000000000001005c                __shell_dynamic_subcmds_start = .
 *(SORT_BY_NAME(SORT_BY_ALIGNMENT(.shell_dynamic_subcmd_*)))
                0x000000000001005c                __shell_dynamic_subcmds_end = .

font_entry_sections
                0x000000000001005c        0x0
                0x000000000001005c                __font_entry_start = .
 *(SORT_BY_NAME(SORT_BY_ALIGNMENT(._cfb_font.*)))
                0x000000000001005c                __font_entry_end = .

rodata          0x0000000000010060      0xdb8
 *(SORT_BY_ALIGNMENT(.rodata))
 *(SORT_BY_ALIGNMENT(.rodata.*))
 .rodata.delay_machine_code.0
                0x0000000000010060        0x6 zephyr/libzephyr.a(soc.c.obj)
 *fill*         0x0000000000010066        0x2 
 .rodata.mpsc_config
                0x0000000000010068       0x14 zephyr/libzephyr.a(log_core.c.obj)
 .rodata.format_table
                0x000000000001007c       0x10 zephyr/libzephyr.a(log_core.c.obj)
 .rodata.colors
                0x000000000001008c       0x14 zephyr/libzephyr.a(log_output.c.obj)
 .rodata.severity
                0x00000000000100a0       0x14 zephyr/libzephyr.a(log_output.c.obj)
 .rodata.log_backend_uart_api
                0x00000000000100b4       0x1c zephyr/libzephyr.a(log_backend_uart.c.obj)
                0x00000000000100b4                log_backend_uart_api
 .rodata.log_output_uart
                0x00000000000100d0       0x10 zephyr/libzephyr.a(log_backend_uart.c.obj)
 .rodata.pmstates_DT_N_S_cpus_S_cpu_0
                0x00000000000100e0        0x0 zephyr/libzephyr.a(state.c.obj)
 .rodata.static_regions
                0x00000000000100e0        0xc zephyr/arch/arch/arm/core/aarch32/mpu/libarch__arm__core__aarch32__mpu.a(arm_core_mpu.c.obj)
 .rodata.mpu_config
                0x00000000000100ec        0x8 zephyr/soc/arm/common/cortex_m/libsoc__arm__common__cortex_m.a(arm_mpu_regions.c.obj)
                0x00000000000100ec                mpu_config
 .rodata.mpu_regions
                0x00000000000100f4       0x20 zephyr/soc/arm/common/cortex_m/libsoc__arm__common__cortex_m.a(arm_mpu_regions.c.obj)
 .rodata.transitions.0
                0x0000000000010114        0xc zephyr/drivers/clock_control/libdrivers__clock_control.a(clock_control_nrf.c.obj)
 .rodata.config
                0x0000000000010120       0x30 zephyr/drivers/clock_control/libdrivers__clock_control.a(clock_control_nrf.c.obj)
 .rodata.clock_control_api
                0x0000000000010150       0x1c zephyr/drivers/clock_control/libdrivers__clock_control.a(clock_control_nrf.c.obj)
 .rodata.gpio_nrfx_p1_cfg
                0x000000000001016c       0x10 zephyr/drivers/gpio/libdrivers__gpio.a(gpio_nrfx.c.obj)
 .rodata.gpio_nrfx_p0_cfg
                0x000000000001017c       0x10 zephyr/drivers/gpio/libdrivers__gpio.a(gpio_nrfx.c.obj)
 .rodata.gpio_nrfx_drv_api_funcs
                0x000000000001018c       0x24 zephyr/drivers/gpio/libdrivers__gpio.a(gpio_nrfx.c.obj)
 .rodata.ws2812_spi_0_cfg
                0x00000000000101b0       0x24 zephyr/drivers/led_strip/libdrivers__led_strip.a(ws2812_spi.c.obj)
 .rodata.ws2812_spi_api
                0x00000000000101d4        0x8 zephyr/drivers/led_strip/libdrivers__led_strip.a(ws2812_spi.c.obj)
 .rodata.spi_4z_config
                0x00000000000101dc       0x2c zephyr/drivers/spi/libdrivers__spi.a(spi_nrfx_spim.c.obj)
 .rodata.__pinctrl_dev_config__device_dts_ord_130
                0x0000000000010208        0xc zephyr/drivers/spi/libdrivers__spi.a(spi_nrfx_spim.c.obj)
 .rodata.__pinctrl_states__device_dts_ord_130
                0x0000000000010214        0x8 zephyr/drivers/spi/libdrivers__spi.a(spi_nrfx_spim.c.obj)
 .rodata.__pinctrl_state_pins_0__device_dts_ord_130
                0x000000000001021c        0xc zephyr/drivers/spi/libdrivers__spi.a(spi_nrfx_spim.c.obj)
 .rodata.__compound_literal.0
                0x0000000000010228        0x8 zephyr/drivers/spi/libdrivers__spi.a(spi_nrfx_spim.c.obj)
 .rodata.spi_nrfx_driver_api
                0x0000000000010230        0x8 zephyr/drivers/spi/libdrivers__spi.a(spi_nrfx_spim.c.obj)
 .rodata.uarte_0z_config
                0x0000000000010238       0x10 zephyr/drivers/serial/libdrivers__serial.a(uart_nrfx_uarte.c.obj)
 .rodata.__pinctrl_dev_config__device_dts_ord_110
                0x0000000000010248        0xc zephyr/drivers/serial/libdrivers__serial.a(uart_nrfx_uarte.c.obj)
 .rodata.__pinctrl_states__device_dts_ord_110
                0x0000000000010254        0x8 zephyr/drivers/serial/libdrivers__serial.a(uart_nrfx_uarte.c.obj)
 .rodata.__pinctrl_state_pins_0__device_dts_ord_110
                0x000000000001025c       0x10 zephyr/drivers/serial/libdrivers__serial.a(uart_nrfx_uarte.c.obj)
 .rodata.uart_nrfx_uarte_driver_api
                0x000000000001026c       0x14 zephyr/drivers/serial/libdrivers__serial.a(uart_nrfx_uarte.c.obj)
 .rodata.entropy_cc3xx_rng_api
                0x0000000000010280        0x8 zephyr/drivers/entropy/libdrivers__entropy.a(entropy_cc3xx.c.obj)
 .rodata.mbox_nrf_driver_api
                0x0000000000010288       0x14 zephyr/drivers/mbox/libdrivers__mbox.a(mbox_nrfx_ipc.c.obj)
 .rodata._k_neg_eagain
                0x000000000001029c        0x4 zephyr/kernel/libkernel.a(errno.c.obj)
                0x000000000001029c                _k_neg_eagain
 .rodata.CSWTCH.474
                0x00000000000102a0       0x14 zephyr/kernel/libkernel.a(fatal.c.obj)
 .rodata.levels.0
                0x00000000000102b4       0x18 zephyr/kernel/libkernel.a(init.c.obj)
 .rodata.main.str1.1
                0x00000000000102cc       0x71 app/libapp.a(main.c.obj)
 .rodata.colors
                0x000000000001033d        0xc app/libapp.a(main.c.obj)
 .rodata.str1.1
                0x0000000000010349        0x5 app/libapp.a(main.c.obj)
 .rodata.cbprintf_package_convert.str1.1
                0x000000000001034e       0xa3 zephyr/libzephyr.a(cbprintf_packaged.c.obj)
 .rodata.str1.1
                0x00000000000103f1       0x11 zephyr/libzephyr.a(cbprintf_packaged.c.obj)
 .rodata.z_cbvprintf_impl.str1.1
                0x0000000000010402        0x6 zephyr/libzephyr.a(cbprintf_complete.c.obj)
 .rodata.str1.1
                0x0000000000010408        0x4 zephyr/libzephyr.a(soc.c.obj)
 .rodata.sync_rtc_setup.str1.1
                0x000000000001040c       0x28 zephyr/libzephyr.a(sync_rtc.c.obj)
 .rodata.str1.1
                0x0000000000010434        0x9 zephyr/libzephyr.a(sync_rtc.c.obj)
 .rodata.enable_logger.str1.1
                0x000000000001043d        0x8 zephyr/libzephyr.a(log_core.c.obj)
 .rodata.str1.1
                0x0000000000010445        0x4 zephyr/libzephyr.a(log_core.c.obj)
 .rodata.str1.1
                0x0000000000010449        0x9 zephyr/libzephyr.a(log_mgmt.c.obj)
 .rodata.newline_print.str1.1
                0x0000000000010452        0x3 zephyr/libzephyr.a(log_output.c.obj)
                                          0x5 (size before relaxing)
 .rodata.log_output_process.str1.1
                0x0000000000010455       0x4c zephyr/libzephyr.a(log_output.c.obj)
                                         0x51 (size before relaxing)
 .rodata.log_output_dropped_process.str1.1
                0x00000000000104a1       0x4c zephyr/libzephyr.a(log_output.c.obj)
                                          0x3 (size before relaxing)
 .rodata.postfix.0
                0x00000000000104a1       0x1c zephyr/libzephyr.a(log_output.c.obj)
 .rodata.prefix.1
                0x00000000000104bd        0xc zephyr/libzephyr.a(log_output.c.obj)
 .rodata.str1.1
                0x00000000000104c9       0x20 zephyr/libzephyr.a(log_output.c.obj)
 .rodata.str1.1
                0x00000000000104e9       0x1a zephyr/libzephyr.a(log_backend_uart.c.obj)
 .rodata.str1.1
                0x0000000000010503        0x3 zephyr/libzephyr.a(pm.c.obj)
 .rodata.z_arm_fatal_error.str1.1
                0x0000000000010506       0x9b zephyr/arch/arch/arm/core/aarch32/libarch__arm__core__aarch32.a(fatal.c.obj)
 .rodata.mem_manage_fault.constprop.0.str1.1
                0x00000000000105a1       0xd8 zephyr/arch/arch/arm/core/aarch32/cortex_m/libarch__arm__core__aarch32__cortex_m.a(fault.c.obj)
 .rodata.bus_fault.constprop.0.str1.1
                0x0000000000010679       0x88 zephyr/arch/arch/arm/core/aarch32/cortex_m/libarch__arm__core__aarch32__cortex_m.a(fault.c.obj)
 .rodata.usage_fault.constprop.0.str1.1
                0x0000000000010701       0xf7 zephyr/arch/arch/arm/core/aarch32/cortex_m/libarch__arm__core__aarch32__cortex_m.a(fault.c.obj)
 .rodata.z_arm_fault.str1.1
                0x00000000000107f8      0x109 zephyr/arch/arch/arm/core/aarch32/cortex_m/libarch__arm__core__aarch32__cortex_m.a(fault.c.obj)
 .rodata.str1.1
                0x0000000000010901        0x4 zephyr/arch/arch/arm/core/aarch32/mpu/libarch__arm__core__aarch32__mpu.a(arm_core_mpu.c.obj)
 .rodata.region_allocate_and_init.part.0.str1.1
                0x0000000000010905       0x26 zephyr/arch/arch/arm/core/aarch32/mpu/libarch__arm__core__aarch32__mpu.a(arm_mpu.c.obj)
 .rodata.mpu_configure_regions_and_partition.constprop.0.str1.1
                0x000000000001092b       0x46 zephyr/arch/arch/arm/core/aarch32/mpu/libarch__arm__core__aarch32__mpu.a(arm_mpu.c.obj)
 .rodata.str1.1
                0x0000000000010971        0xf zephyr/soc/arm/common/cortex_m/libsoc__arm__common__cortex_m.a(arm_mpu_regions.c.obj)
 .rodata.str1.1
                0x0000000000010980       0x3a zephyr/drivers/clock_control/libdrivers__clock_control.a(clock_control_nrf.c.obj)
 .rodata.str1.1
                0x00000000000109ba       0x18 zephyr/drivers/gpio/libdrivers__gpio.a(gpio_nrfx.c.obj)
 .rodata.ws2812_strip_update_channels.str1.1
                0x00000000000109d2       0x20 zephyr/drivers/led_strip/libdrivers__led_strip.a(ws2812_spi.c.obj)
 .rodata.ws2812_spi_init.str1.1
                0x00000000000109f2       0x61 zephyr/drivers/led_strip/libdrivers__led_strip.a(ws2812_spi.c.obj)
 .rodata.str1.1
                0x0000000000010a53       0x14 zephyr/drivers/led_strip/libdrivers__led_strip.a(ws2812_spi.c.obj)
 .rodata.ws2812_spi_0_color_mapping
                0x0000000000010a67        0x3 zephyr/drivers/led_strip/libdrivers__led_strip.a(ws2812_spi.c.obj)
 .rodata.spi_nrfx_init.str1.1
                0x0000000000010a6a       0x24 zephyr/drivers/spi/libdrivers__spi.a(spi_nrfx_spim.c.obj)
 .rodata.event_handler.str1.1
                0x0000000000010a8e       0x1e zephyr/drivers/spi/libdrivers__spi.a(spi_nrfx_spim.c.obj)
 .rodata.spi_nrfx_transceive.str1.1
                0x0000000000010aac      0x108 zephyr/drivers/spi/libdrivers__spi.a(spi_nrfx_spim.c.obj)
 .rodata.str1.1
                0x0000000000010bb4       0x17 zephyr/drivers/spi/libdrivers__spi.a(spi_nrfx_spim.c.obj)
 .rodata.uarte_0_init.str1.1
                0x0000000000010bcb       0x1f zephyr/drivers/serial/libdrivers__serial.a(uart_nrfx_uarte.c.obj)
 .rodata.str1.1
                0x0000000000010bea       0x1a zephyr/drivers/serial/libdrivers__serial.a(uart_nrfx_uarte.c.obj)
 .rodata.str1.1
                0x0000000000010c04        0xe zephyr/drivers/entropy/libdrivers__entropy.a(entropy_cc3xx.c.obj)
 .rodata.mbox_nrf_init.str1.1
                0x0000000000010c12       0x58 zephyr/drivers/mbox/libdrivers__mbox.a(mbox_nrfx_ipc.c.obj)
 .rodata.mbox_nrf_set_enabled.str1.1
                0x0000000000010c6a       0x30 zephyr/drivers/mbox/libdrivers__mbox.a(mbox_nrfx_ipc.c.obj)
 .rodata.mbox_nrf_send.str1.1
                0x0000000000010c9a       0x1b zephyr/drivers/mbox/libdrivers__mbox.a(mbox_nrfx_ipc.c.obj)
 .rodata.mbox_dispatcher.str1.1
                0x0000000000010cb5       0x39 zephyr/drivers/mbox/libdrivers__mbox.a(mbox_nrfx_ipc.c.obj)
 .rodata.str1.1
                0x0000000000010cee       0x19 zephyr/drivers/mbox/libdrivers__mbox.a(mbox_nrfx_ipc.c.obj)
 .rodata.k_sys_fatal_error_handler.str1.1