Archive member included to satisfy reference by file (symbol)

platform/libplatform_s.a(system_nrf5340_application.o)
                              secure_fw/CMakeFiles/tfm_s.dir/__/platform/ext/target/nordic_nrf/common/nrf5340/gcc/startup_nrf5340_s.o (SystemInit)
secure_fw/partitions/lib/sprt/libtfm_sprt.a(crt_memset.o)
                              /opt/nordic/ncs/toolchains/v2.2.0/opt/zephyr-sdk/arm-zephyr-eabi/bin/../lib/gcc/arm-zephyr-eabi/12.1.0/../../../../arm-zephyr-eabi/lib/thumb/v8-m.main/nofp/crt0.o (memset)
secure_fw/spm/libtfm_spm.a(main.o)
                              /opt/nordic/ncs/toolchains/v2.2.0/opt/zephyr-sdk/arm-zephyr-eabi/bin/../lib/gcc/arm-zephyr-eabi/12.1.0/../../../../arm-zephyr-eabi/lib/thumb/v8-m.main/nofp/crt0.o (main)
secure_fw/spm/libtfm_spm.a(spm_cross_call.o)
                              secure_fw/CMakeFiles/tfm_s.dir/partitions/ns_agent_tz/tfm_psa_api_veneers.o (spm_interface_cross_dispatcher)
secure_fw/spm/libtfm_spm.a(psa_api.o)
                              secure_fw/spm/libtfm_spm.a(spm_cross_call.o) (spm_handle_programmer_errors)
secure_fw/spm/libtfm_spm.a(backend_ipc.o)
                              secure_fw/spm/libtfm_spm.a(spm_cross_call.o) (p_spm_thread_context)
secure_fw/spm/libtfm_spm.a(tfm_core_svcalls_ipc.o)
                              secure_fw/spm/libtfm_spm.a(main.o) (tfm_core_handler_mode)
secure_fw/spm/libtfm_spm.a(thread.o)
                              secure_fw/spm/libtfm_spm.a(spm_cross_call.o) (p_curr_thrd)
secure_fw/spm/libtfm_spm.a(tfm_arch_v8m_main.o)
                              secure_fw/spm/libtfm_spm.a(spm_cross_call.o) (arch_non_preempt_call)
secure_fw/spm/libtfm_spm.a(ns_agent_tz.o)
                              secure_fw/CMakeFiles/tfm_s.dir/partitions/ns_agent_tz/load_info_ns_agent_tz.o (ns_agent_tz_main)
secure_fw/spm/libtfm_spm.a(idle_partition.o)
                              secure_fw/CMakeFiles/tfm_s.dir/partitions/idle_partition/load_info_idle_sp.o (tfm_idle_thread)
secure_fw/spm/libtfm_spm.a(tfm_boot_data.o)
                              secure_fw/spm/libtfm_spm.a(main.o) (tfm_core_validate_boot_data)
secure_fw/spm/libtfm_spm.a(tfm_core_utils.o)
                              secure_fw/spm/libtfm_spm.a(psa_api.o) (spm_memcpy)
secure_fw/spm/libtfm_spm.a(utilities.o)
                              secure_fw/spm/libtfm_spm.a(main.o) (tfm_core_panic)
secure_fw/spm/libtfm_spm.a(tfm_arch.o)
                              secure_fw/spm/libtfm_spm.a(tfm_core_svcalls_ipc.o) (tfm_arch_free_msp_and_exc_ret)
secure_fw/spm/libtfm_spm.a(spm_ipc.o)
                              secure_fw/spm/libtfm_spm.a(psa_api.o) (stateless_services_ref_tbl)
secure_fw/spm/libtfm_spm.a(static_load.o)
                              secure_fw/spm/libtfm_spm.a(spm_ipc.o) (load_a_partition_assuredly)
secure_fw/spm/libtfm_spm.a(tfm_pools.o)
                              secure_fw/spm/libtfm_spm.a(spm_ipc.o) (tfm_pool_init)
secure_fw/spm/libtfm_spm.a(tfm_spm_ns_ctx.o)
                              secure_fw/spm/libtfm_spm.a(spm_ipc.o) (tfm_nspm_get_current_client_id)
secure_fw/partitions/crypto/libtfm_psa_rot_partition_crypto.a(crypto_init.o)
                              secure_fw/CMakeFiles/tfm_s.dir/__/generated/secure_fw/partitions/crypto/auto_generated/load_info_tfm_crypto.o (tfm_crypto_init)
secure_fw/partitions/crypto/libtfm_psa_rot_partition_crypto.a(crypto_alloc.o)
                              secure_fw/partitions/crypto/libtfm_psa_rot_partition_crypto.a(crypto_init.o) (tfm_crypto_init_alloc)
secure_fw/partitions/crypto/libtfm_psa_rot_partition_crypto.a(crypto_cipher.o)
                              secure_fw/partitions/crypto/libtfm_psa_rot_partition_crypto.a(crypto_init.o) (tfm_crypto_cipher_generate_iv)
secure_fw/partitions/crypto/libtfm_psa_rot_partition_crypto.a(crypto_hash.o)
                              secure_fw/partitions/crypto/libtfm_psa_rot_partition_crypto.a(crypto_init.o) (tfm_crypto_hash_setup)
secure_fw/partitions/crypto/libtfm_psa_rot_partition_crypto.a(crypto_mac.o)
                              secure_fw/partitions/crypto/libtfm_psa_rot_partition_crypto.a(crypto_init.o) (tfm_crypto_mac_sign_setup)
secure_fw/partitions/crypto/libtfm_psa_rot_partition_crypto.a(crypto_aead.o)
                              secure_fw/partitions/crypto/libtfm_psa_rot_partition_crypto.a(crypto_init.o) (tfm_crypto_aead_encrypt)
secure_fw/partitions/crypto/libtfm_psa_rot_partition_crypto.a(crypto_asymmetric.o)
                              secure_fw/partitions/crypto/libtfm_psa_rot_partition_crypto.a(crypto_init.o) (tfm_crypto_sign_message)
secure_fw/partitions/crypto/libtfm_psa_rot_partition_crypto.a(crypto_key_derivation.o)
                              secure_fw/partitions/crypto/libtfm_psa_rot_partition_crypto.a(crypto_init.o) (tfm_crypto_key_derivation_setup)
secure_fw/partitions/crypto/libtfm_psa_rot_partition_crypto.a(crypto_key_management.o)
[...]
Memory Configuration

Name             Origin             Length             Attributes
FLASH            0x0000000000000000 0x0000000000010000 xr
RAM              0x0000000020000000 0x0000000000008000 xrw
*default*        0x0000000000000000 0xffffffffffffffff

Linker script and memory map

LOAD /opt/nordic/ncs/toolchains/v2.2.0/opt/zephyr-sdk/arm-zephyr-eabi/bin/../lib/gcc/arm-zephyr-eabi/12.1.0/thumb/v8-m.main/nofp/crti.o
LOAD /opt/nordic/ncs/toolchains/v2.2.0/opt/zephyr-sdk/arm-zephyr-eabi/bin/../lib/gcc/arm-zephyr-eabi/12.1.0/thumb/v8-m.main/nofp/crtbegin.o
LOAD /opt/nordic/ncs/toolchains/v2.2.0/opt/zephyr-sdk/arm-zephyr-eabi/bin/../lib/gcc/arm-zephyr-eabi/12.1.0/../../../../arm-zephyr-eabi/lib/thumb/v8-m.main/nofp/crt0.o
LOAD secure_fw/CMakeFiles/tfm_s.dir/partitions/ns_agent_tz/tfm_psa_api_veneers.o
LOAD secure_fw/CMakeFiles/tfm_s.dir/__/platform/ext/target/nordic_nrf/common/nrf5340/gcc/startup_nrf5340_s.o
LOAD secure_fw/CMakeFiles/tfm_s.dir/__/platform/ext/common/faults.o
LOAD secure_fw/CMakeFiles/tfm_s.dir/__/generated/secure_fw/partitions/crypto/auto_generated/load_info_tfm_crypto.o
LOAD secure_fw/CMakeFiles/tfm_s.dir/__/generated/secure_fw/partitions/platform/auto_generated/load_info_tfm_platform.o
LOAD secure_fw/CMakeFiles/tfm_s.dir/partitions/ns_agent_tz/load_info_ns_agent_tz.o
LOAD secure_fw/CMakeFiles/tfm_s.dir/partitions/idle_partition/load_info_idle_sp.o
LOAD secure_fw/CMakeFiles/tfm_s.dir/__/platform/ext/target/nordic_nrf/common/core/plat_test.o
LOAD secure_fw/CMakeFiles/tfm_s.dir/spm/cmsis_psa/psa_interface_cross.o
LOAD secure_fw/CMakeFiles/tfm_s.dir/__/interface/src/tfm_psa_call_pack.o
LOAD platform/libplatform_s.a
LOAD secure_fw/partitions/lib/sprt/libtfm_sprt.a
LOAD secure_fw/spm/libtfm_spm.a
LOAD secure_fw/partitions/crypto/libtfm_psa_rot_partition_crypto.a
LOAD secure_fw/partitions/crypto/mbedcrypto/nrf_security_src/libcrypto_service_mbedcrypto.a
LOAD secure_fw/partitions/platform/libtfm_psa_rot_partition_platform.a
LOAD platform/libplatform_s.a
LOAD secure_fw/partitions/lib/sprt/libtfm_sprt.a
LOAD secure_fw/spm/libtfm_spm.a
LOAD secure_fw/partitions/crypto/libtfm_psa_rot_partition_crypto.a
LOAD secure_fw/partitions/crypto/mbedcrypto/nrf_security_src/libcrypto_service_mbedcrypto.a
LOAD secure_fw/partitions/platform/libtfm_psa_rot_partition_platform.a
LOAD platform/libplatform_s.a
LOAD secure_fw/partitions/lib/sprt/libtfm_sprt.a
LOAD secure_fw/spm/libtfm_spm.a
LOAD secure_fw/partitions/crypto/libtfm_psa_rot_partition_crypto.a
LOAD secure_fw/partitions/crypto/mbedcrypto/nrf_security_src/libcrypto_service_mbedcrypto.a
LOAD secure_fw/partitions/platform/libtfm_psa_rot_partition_platform.a
LOAD /opt/nordic/ncs/v2.2.0/nrfxlib/crypto/nrf_cc312_platform/lib/cortex-m33/soft-float/no-interrupts/libnrf_cc312_platform_0.9.16.a
LOAD secure_fw/partitions/crypto/mbedcrypto/nrf_security_crypto/liboberon_mbedcrypto__psa_3.0.12.a
LOAD /opt/nordic/ncs/v2.2.0/nrfxlib/crypto/nrf_oberon/lib/cortex-m33/soft-float/liboberon_mbedtls_3.0.12.a
LOAD secure_fw/partitions/crypto/mbedcrypto/nrf_security_src/libmbedcrypto_base.a
LOAD /opt/nordic/ncs/v2.2.0/nrfxlib/crypto/nrf_oberon/lib/cortex-m33/soft-float/liboberon_3.0.12.a
START GROUP
LOAD /opt/nordic/ncs/toolchains/v2.2.0/opt/zephyr-sdk/arm-zephyr-eabi/bin/../lib/gcc/arm-zephyr-eabi/12.1.0/thumb/v8-m.main/nofp/libgcc.a
LOAD /opt/nordic/ncs/toolchains/v2.2.0/opt/zephyr-sdk/arm-zephyr-eabi/bin/../lib/gcc/arm-zephyr-eabi/12.1.0/../../../../arm-zephyr-eabi/lib/thumb/v8-m.main/nofp/libg_nano.a
LOAD /opt/nordic/ncs/toolchains/v2.2.0/opt/zephyr-sdk/arm-zephyr-eabi/bin/../lib/gcc/arm-zephyr-eabi/12.1.0/../../../../arm-zephyr-eabi/lib/thumb/v8-m.main/nofp/libc_nano.a
END GROUP
START GROUP
LOAD /opt/nordic/ncs/toolchains/v2.2.0/opt/zephyr-sdk/arm-zephyr-eabi/bin/../lib/gcc/arm-zephyr-eabi/12.1.0/thumb/v8-m.main/nofp/libgcc.a
LOAD /opt/nordic/ncs/toolchains/v2.2.0/opt/zephyr-sdk/arm-zephyr-eabi/bin/../lib/gcc/arm-zephyr-eabi/12.1.0/../../../../arm-zephyr-eabi/lib/thumb/v8-m.main/nofp/libc_nano.a
END GROUP
LOAD /opt/nordic/ncs/toolchains/v2.2.0/opt/zephyr-sdk/arm-zephyr-eabi/bin/../lib/gcc/arm-zephyr-eabi/12.1.0/thumb/v8-m.main/nofp/crtend.o
LOAD /opt/nordic/ncs/toolchains/v2.2.0/opt/zephyr-sdk/arm-zephyr-eabi/bin/../lib/gcc/arm-zephyr-eabi/12.1.0/thumb/v8-m.main/nofp/crtn.o
                0x0000000000001000                __heap_size__ = 0x1000
                0x0000000000000800                __msp_init_stack_size__ = 0x800
START GROUP
LOAD /opt/nordic/ncs/toolchains/v2.2.0/opt/zephyr-sdk/arm-zephyr-eabi/bin/../lib/gcc/arm-zephyr-eabi/12.1.0/thumb/v8-m.main/nofp/libgcc.a
LOAD /opt/nordic/ncs/toolchains/v2.2.0/opt/zephyr-sdk/arm-zephyr-eabi/bin/../lib/gcc/arm-zephyr-eabi/12.1.0/../../../../arm-zephyr-eabi/lib/thumb/v8-m.main/nofp/libc.a
LOAD /opt/nordic/ncs/toolchains/v2.2.0/opt/zephyr-sdk/arm-zephyr-eabi/bin/../lib/gcc/arm-zephyr-eabi/12.1.0/../../../../arm-zephyr-eabi/lib/thumb/v8-m.main/nofp/libm.a
LOAD /opt/nordic/ncs/toolchains/v2.2.0/opt/zephyr-sdk/arm-zephyr-eabi/bin/../lib/gcc/arm-zephyr-eabi/12.1.0/../../../../arm-zephyr-eabi/lib/thumb/v8-m.main/nofp/libnosys.a
LOAD /opt/nordic/ncs/toolchains/v2.2.0/opt/zephyr-sdk/arm-zephyr-eabi/bin/../lib/gcc/arm-zephyr-eabi/12.1.0/../../../../arm-zephyr-eabi/lib/thumb/v8-m.main/nofp/libc_nano.a
END GROUP

.TFM_VECTORS    0x0000000000000000      0x284
                0x0000000000000000                __vectors_start__ = .
 *(.vectors)
 .vectors       0x0000000000000000      0x154 secure_fw/CMakeFiles/tfm_s.dir/__/platform/ext/target/nordic_nrf/common/nrf5340/gcc/startup_nrf5340_s.o
                0x0000000000000000                __Vectors
                0x0000000000000154                __vectors_end__ = .
                0x0000000000000154                . = MAX (., 0x100)
 *startup*(.text*)
 .text          0x0000000000000154      0x130 secure_fw/CMakeFiles/tfm_s.dir/__/platform/ext/target/nordic_nrf/common/nrf5340/gcc/startup_nrf5340_s.o
                0x0000000000000154                Reset_Handler
                0x00000000000001b4                Default_Handler
                0x00000000000001b6                NMI_Handler
                0x00000000000001d2                DebugMon_Handler
                0x00000000000001da                SysTick_Handler
                0x00000000000001de                FPU_IRQHandler
                0x00000000000001e2                CACHE_IRQHandler
                0x00000000000001e6                SPU_IRQHandler
                0x00000000000001ea                CLOCK_POWER_IRQHandler
                0x00000000000001ee                SERIAL0_IRQHandler
                0x00000000000001f2                SERIAL1_IRQHandler
                0x00000000000001f6                SPIM4_IRQHandler
                0x00000000000001fa                SERIAL2_IRQHandler
                0x00000000000001fe                SERIAL3_IRQHandler
                0x0000000000000202                GPIOTE0_IRQHandler
                0x0000000000000206                SAADC_IRQHandler
                0x000000000000020a                TIMER0_IRQHandler
                0x000000000000020e                TIMER1_IRQHandler
                0x0000000000000212                TIMER2_IRQHandler
                0x0000000000000216                RTC0_IRQHandler
                0x000000000000021a                RTC1_IRQHandler
                0x000000000000021e                WDT0_IRQHandler
                0x0000000000000222                WDT1_IRQHandler
                0x0000000000000226                COMP_LPCOMP_IRQHandler
                0x000000000000022a                EGU0_IRQHandler
                0x000000000000022e                EGU1_IRQHandler
                0x0000000000000232                EGU2_IRQHandler
                0x0000000000000236                EGU3_IRQHandler
                0x000000000000023a                EGU4_IRQHandler
                0x000000000000023e                EGU5_IRQHandler
                0x0000000000000242                PWM0_IRQHandler
                0x0000000000000246                PWM1_IRQHandler
                0x000000000000024a                PWM2_IRQHandler
                0x000000000000024e                PWM3_IRQHandler
                0x0000000000000252                PDM0_IRQHandler
                0x0000000000000256                I2S0_IRQHandler
                0x000000000000025a                IPC_IRQHandler
                0x000000000000025e                QSPI_IRQHandler
                0x0000000000000262                NFCT_IRQHandler
                0x0000000000000266                GPIOTE1_IRQHandler
                0x000000000000026a                QDEC0_IRQHandler
                0x000000000000026e                QDEC1_IRQHandler
                0x0000000000000272                USBD_IRQHandler
                0x0000000000000276                USBREGULATOR_IRQHandler
                0x000000000000027a                KMU_IRQHandler
                0x000000000000027e                CRYPTOCELL_IRQHandler
                0x0000000000000284                . = ALIGN (0x4)

.copy.table     0x0000000000000284       0x24
                0x0000000000000284                __copy_table_start__ = .
                0x0000000000000284        0x4 LONG 0x9dfc LOADADDR (.TFM_DATA)
                0x0000000000000288        0x4 LONG 0x20002f20 ADDR (.TFM_DATA)
                0x000000000000028c        0x4 LONG 0x108 SIZEOF (.TFM_DATA)
                0x0000000000000290        0x4 LONG 0x9e00 LOADADDR (.TFM_PSA_ROT_LINKER_DATA)
                0x0000000000000294        0x4 LONG 0x20001c40 ADDR (.TFM_PSA_ROT_LINKER_DATA)
                0x0000000000000298        0x4 LONG 0x0 SIZEOF (.TFM_PSA_ROT_LINKER_DATA)
                0x000000000000029c        0x4 LONG 0x9e00 LOADADDR (.TFM_APP_ROT_LINKER_DATA)
                0x00000000000002a0        0x4 LONG 0x20001c20 ADDR (.TFM_APP_ROT_LINKER_DATA)
                0x00000000000002a4        0x4 LONG 0x0 SIZEOF (.TFM_APP_ROT_LINKER_DATA)
                0x00000000000002a8                __copy_table_end__ = .

.zero.table     0x00000000000002a8       0x20
                0x00000000000002a8                __zero_table_start__ = .
                0x00000000000002a8        0x4 LONG 0x20003040 ADDR (.TFM_BSS)
                0x00000000000002ac        0x4 LONG 0x1a70 SIZEOF (.TFM_BSS)
                0x00000000000002b0        0x4 LONG 0x20001c40 ADDR (.TFM_PSA_ROT_LINKER_BSS)
                0x00000000000002b4        0x4 LONG 0x12e0 SIZEOF (.TFM_PSA_ROT_LINKER_BSS)
                0x00000000000002b8        0x4 LONG 0x20001c20 ADDR (.TFM_APP_ROT_LINKER_BSS)
                0x00000000000002bc        0x4 LONG 0x20 SIZEOF (.TFM_APP_ROT_LINKER_BSS)
                0x00000000000002c0        0x4 LONG 0x20001c00 ADDR (.TFM_SP_META_PTR)
                0x00000000000002c4        0x4 LONG 0x4 SIZEOF (.TFM_SP_META_PTR)
                0x00000000000002c8                __zero_table_end__ = .

.TFM_UNPRIV_CODE
                0x00000000000002e0      0x440
 *libc_nano*:*(.text*)
 *libc_nano*:*(.rodata*)
 *(SFN)
 SFN            0x00000000000002e0      0x110 secure_fw/CMakeFiles/tfm_s.dir/partitions/ns_agent_tz/tfm_psa_api_veneers.o
                0x00000000000002e0                __acle_se_tfm_psa_framework_version_veneer
                0x0000000000000310                __acle_se_tfm_psa_version_veneer
                0x0000000000000340                __acle_se_tfm_psa_call_veneer
                0x0000000000000378                __acle_se_tfm_psa_connect_veneer
                0x00000000000003aa                __acle_se_tfm_psa_close_veneer
 *libgcc*:*(.text*)
 .text          0x00000000000003f0       0xc8 /opt/nordic/ncs/toolchains/v2.2.0/opt/zephyr-sdk/arm-zephyr-eabi/bin/../lib/gcc/arm-zephyr-eabi/12.1.0/thumb/v8-m.main/nofp/libgcc.a(cmse.o)
                0x00000000000003f0                cmse_check_address_range
 *libgcc*:*(.rodata*)
 *libtfm_sprt*:*(.text*)
 .text.memset   0x00000000000004b8       0x90 secure_fw/partitions/lib/sprt/libtfm_sprt.a(crt_memset.o)
                0x00000000000004b8                memset
 .text.memcpy   0x0000000000000548       0xbe secure_fw/partitions/lib/sprt/libtfm_sprt.a(crt_memcpy.o)
                0x0000000000000548                memcpy
 *fill*         0x0000000000000606        0x2 
 .text.runtime_init_c
                0x0000000000000608       0x30 secure_fw/partitions/lib/sprt/libtfm_sprt.a(sprt_main.o)
 .text.sprt_main
                0x0000000000000638        0x8 secure_fw/partitions/lib/sprt/libtfm_sprt.a(sprt_main.o)
                0x0000000000000638                sprt_main
 .text.common_sfn_thread
                0x0000000000000640       0xc8 secure_fw/partitions/lib/sprt/libtfm_sprt.a(sfn_common_thread.o)
                0x0000000000000640                common_sfn_thread
 *libtfm_sprt*:*(.rodata*)
 *psa_client.*(.text*)
 *psa_client.*(.rodata*)
 *psa_service.*(.text*)
 *psa_service.*(.rodata*)
 *psa_lifecycle.*(.text*)
 *psa_lifecycle.*(.rodata*)
 *tfm_log_raw.*(.text*)
 *tfm_log_raw.*(.rodata*)
 *tfm_psa_call_pack.*(.text*)
 *tfm_psa_call_pack.*(.rodata*)
 *psa_interface_svc.*(.text*)
 *psa_interface_svc.*(.rodata*)
                0x0000000000000720                . = ALIGN (0x20)
 *fill*         0x0000000000000708       0x18 
                0x00000000000002e0                Image$$TFM_UNPRIV_CODE$$RO$$Base = ADDR (.TFM_UNPRIV_CODE)
                0x0000000000000720                Image$$TFM_UNPRIV_CODE$$RO$$Limit = (ADDR (.TFM_UNPRIV_CODE) + SIZEOF (.TFM_UNPRIV_CODE))

.TFM_SP_LOAD_LIST
                0x0000000000000720      0x124
 *(.part_load)
 .part_load     0x0000000000000720       0x4c secure_fw/CMakeFiles/tfm_s.dir/__/generated/secure_fw/partitions/crypto/auto_generated/load_info_tfm_crypto.o
                0x0000000000000720                tfm_sp_crypto_load
 .part_load     0x000000000000076c       0x78 secure_fw/CMakeFiles/tfm_s.dir/__/generated/secure_fw/partitions/platform/auto_generated/load_info_tfm_platform.o
                0x000000000000076c                tfm_sp_platform_load
 .part_load     0x00000000000007e4       0x30 secure_fw/CMakeFiles/tfm_s.dir/partitions/ns_agent_tz/load_info_ns_agent_tz.o
                0x00000000000007e4                tfm_sp_ns_agent_tz_load
 .part_load     0x0000000000000814       0x30 secure_fw/CMakeFiles/tfm_s.dir/partitions/idle_partition/load_info_idle_sp.o
                0x0000000000000814                tfm_sp_idle_load
                0x0000000000000720                Image$$TFM_SP_LOAD_LIST$$RO$$Base = ADDR (.TFM_SP_LOAD_LIST)
                0x0000000000000844                Image$$TFM_SP_LOAD_LIST$$RO$$Limit = (ADDR (.TFM_SP_LOAD_LIST) + SIZEOF (.TFM_SP_LOAD_LIST))
                0x0000000000000860                . = ALIGN (0x20)
                0x0000000000000860                Image$$TFM_PSA_CODE_START$$Base = .

.TFM_PSA_ROT_LINKER
                0x0000000000000860      0xf20
 *tfm_psa_rot_partition*:*(.text*)
 .text.tfm_crypto_set_scratch_owner
                0x0000000000000860       0x20 secure_fw/partitions/crypto/libtfm_psa_rot_partition_crypto.a(crypto_init.o)
 .text.tfm_crypto_alloc_scratch
                0x0000000000000880       0x58 secure_fw/partitions/crypto/libtfm_psa_rot_partition_crypto.a(crypto_init.o)
 .text.tfm_crypto_clear_scratch
                0x00000000000008d8       0x3c secure_fw/partitions/crypto/libtfm_psa_rot_partition_crypto.a(crypto_init.o)
                0x00000000000008d8                tfm_crypto_clear_scratch
 .text.tfm_crypto_call_srv
                0x0000000000000914      0x254 secure_fw/partitions/crypto/libtfm_psa_rot_partition_crypto.a(crypto_init.o)
 .text.tfm_crypto_engine_init
                0x0000000000000b68       0x1c secure_fw/partitions/crypto/libtfm_psa_rot_partition_crypto.a(crypto_init.o)
 .text.tfm_crypto_module_init
                0x0000000000000b84        0xe secure_fw/partitions/crypto/libtfm_psa_rot_partition_crypto.a(crypto_init.o)
 .text.tfm_crypto_init
                0x0000000000000b92       0x24 secure_fw/partitions/crypto/libtfm_psa_rot_partition_crypto.a(crypto_init.o)
                0x0000000000000b92                tfm_crypto_init
 .text.tfm_crypto_sfn
                0x0000000000000bb6       0x26 secure_fw/partitions/crypto/libtfm_psa_rot_partition_crypto.a(crypto_init.o)
                0x0000000000000bb6                tfm_crypto_sfn
 .text.tfm_crypto_init_alloc
                0x0000000000000bdc       0x2c secure_fw/partitions/crypto/libtfm_psa_rot_partition_crypto.a(crypto_alloc.o)
                0x0000000000000bdc                tfm_crypto_init_alloc
 .text.tfm_crypto_cipher_generate_iv
                0x0000000000000c08       0x1c secure_fw/partitions/crypto/libtfm_psa_rot_partition_crypto.a(crypto_cipher.o)
                0x0000000000000c08                tfm_crypto_cipher_generate_iv
 .text.tfm_crypto_cipher_set_iv
                0x0000000000000c24       0x1c secure_fw/partitions/crypto/libtfm_psa_rot_partition_crypto.a(crypto_cipher.o)
                0x0000000000000c24                tfm_crypto_cipher_set_iv
 .text.tfm_crypto_cipher_encrypt_setup
                0x0000000000000c40       0x1c secure_fw/partitions/crypto/libtfm_psa_rot_partition_crypto.a(crypto_cipher.o)
                0x0000000000000c40                tfm_crypto_cipher_encrypt_setup
 .text.tfm_crypto_cipher_decrypt_setup
                0x0000000000000c5c       0x1c secure_fw/partitions/crypto/libtfm_psa_rot_partition_crypto.a(crypto_cipher.o)
                0x0000000000000c5c                tfm_crypto_cipher_decrypt_setup
 .text.tfm_crypto_cipher_update
                0x0000000000000c78       0x1c secure_fw/partitions/crypto/libtfm_psa_rot_partition_crypto.a(crypto_cipher.o)
                0x0000000000000c78                tfm_crypto_cipher_update
 .text.tfm_crypto_cipher_finish
                0x0000000000000c94       0x1c secure_fw/partitions/crypto/libtfm_psa_rot_partition_crypto.a(crypto_cipher.o)
                0x0000000000000c94                tfm_crypto_cipher_finish
 .text.tfm_crypto_cipher_abort
                0x0000000000000cb0       0x1c secure_fw/partitions/crypto/libtfm_psa_rot_partition_crypto.a(crypto_cipher.o)
                0x0000000000000cb0                tfm_crypto_cipher_abort
 .text.tfm_crypto_cipher_encrypt
                0x0000000000000ccc       0x1c secure_fw/partitions/crypto/libtfm_psa_rot_partition_crypto.a(crypto_cipher.o)
                0x0000000000000ccc                tfm_crypto_cipher_encrypt
 .text.tfm_crypto_cipher_decrypt
                0x0000000000000ce8       0x1c secure_fw/partitions/crypto/libtfm_psa_rot_partition_crypto.a(crypto_cipher.o)
                0x0000000000000ce8                tfm_crypto_cipher_decrypt
 .text.tfm_crypto_hash_setup
                0x0000000000000d04       0x1c secure_fw/partitions/crypto/libtfm_psa_rot_partition_crypto.a(crypto_hash.o)
                0x0000000000000d04                tfm_crypto_hash_setup
 .text.tfm_crypto_hash_update
                0x0000000000000d20       0x1c secure_fw/partitions/crypto/libtfm_psa_rot_partition_crypto.a(crypto_hash.o)
                0x0000000000000d20                tfm_crypto_hash_update
 .text.tfm_crypto_hash_finish
                0x0000000000000d3c       0x1c secure_fw/partitions/crypto/libtfm_psa_rot_partition_crypto.a(crypto_hash.o)
                0x0000000000000d3c                tfm_crypto_hash_finish
 .text.tfm_crypto_hash_verify
                0x0000000000000d58       0x1c secure_fw/partitions/crypto/libtfm_psa_rot_partition_crypto.a(crypto_hash.o)
                0x0000000000000d58                tfm_crypto_hash_verify
 .text.tfm_crypto_hash_abort
                0x0000000000000d74       0x1c secure_fw/partitions/crypto/libtfm_psa_rot_partition_crypto.a(crypto_hash.o)
                0x0000000000000d74                tfm_crypto_hash_abort
 .text.tfm_crypto_hash_clone
                0x0000000000000d90       0x1c secure_fw/partitions/crypto/libtfm_psa_rot_partition_crypto.a(crypto_hash.o)
                0x0000000000000d90                tfm_crypto_hash_clone
 .text.tfm_crypto_hash_compute
                0x0000000000000dac       0x1c secure_fw/partitions/crypto/libtfm_psa_rot_partition_crypto.a(crypto_hash.o)
                0x0000000000000dac                tfm_crypto_hash_compute
 .text.tfm_crypto_hash_compare
                0x0000000000000dc8       0x1c secure_fw/partitions/crypto/libtfm_psa_rot_partition_crypto.a(crypto_hash.o)
                0x0000000000000dc8                tfm_crypto_hash_compare
 .text.tfm_crypto_mac_sign_setup
                0x0000000000000de4       0x1c secure_fw/partitions/crypto/libtfm_psa_rot_partition_crypto.a(crypto_mac.o)
                0x0000000000000de4                tfm_crypto_mac_sign_setup
 .text.tfm_crypto_mac_verify_setup
                0x0000000000000e00       0x1c secure_fw/partitions/crypto/libtfm_psa_rot_partition_crypto.a(crypto_mac.o)
                0x0000000000000e00                tfm_crypto_mac_verify_setup
 .text.tfm_crypto_mac_update
                0x0000000000000e1c       0x1c secure_fw/partitions/crypto/libtfm_psa_rot_partition_crypto.a(crypto_mac.o)
                0x0000000000000e1c                tfm_crypto_mac_update
 .text.tfm_crypto_mac_sign_finish
                0x0000000000000e38       0x1c secure_fw/partitions/crypto/libtfm_psa_rot_partition_crypto.a(crypto_mac.o)
                0x0000000000000e38                tfm_crypto_mac_sign_finish
 .text.tfm_crypto_mac_verify_finish
                0x0000000000000e54       0x1c secure_fw/partitions/crypto/libtfm_psa_rot_partition_crypto.a(crypto_mac.o)
                0x0000000000000e54                tfm_crypto_mac_verify_finish
 .text.tfm_crypto_mac_abort
                0x0000000000000e70       0x1c secure_fw/partitions/crypto/libtfm_psa_rot_partition_crypto.a(crypto_mac.o)
                0x0000000000000e70                tfm_crypto_mac_abort
 .text.tfm_crypto_mac_compute
                0x0000000000000e8c       0x1c secure_fw/partitions/crypto/libtfm_psa_rot_partition_crypto.a(crypto_mac.o)
                0x0000000000000e8c                tfm_crypto_mac_compute
 .text.tfm_crypto_mac_verify
                0x0000000000000ea8       0x1c secure_fw/partitions/crypto/libtfm_psa_rot_partition_crypto.a(crypto_mac.o)
                0x0000000000000ea8                tfm_crypto_mac_verify
 .text.tfm_crypto_aead_encrypt
                0x0000000000000ec4       0x1c secure_fw/partitions/crypto/libtfm_psa_rot_partition_crypto.a(crypto_aead.o)
                0x0000000000000ec4                tfm_crypto_aead_encrypt
 .text.tfm_crypto_aead_decrypt
                0x0000000000000ee0       0x1c secure_fw/partitions/crypto/libtfm_psa_rot_partition_crypto.a(crypto_aead.o)
                0x0000000000000ee0                tfm_crypto_aead_decrypt
 .text.tfm_crypto_aead_encrypt_setup
                0x0000000000000efc       0x1c secure_fw/partitions/crypto/libtfm_psa_rot_partition_crypto.a(crypto_aead.o)
                0x0000000000000efc                tfm_crypto_aead_encrypt_setup
 .text.tfm_crypto_aead_decrypt_setup
                0x0000000000000f18       0x1c secure_fw/partitions/crypto/libtfm_psa_rot_partition_crypto.a(crypto_aead.o)
                0x0000000000000f18                tfm_crypto_aead_decrypt_setup
 .text.tfm_crypto_aead_abort
                0x0000000000000f34       0x1c secure_fw/partitions/crypto/libtfm_psa_rot_partition_crypto.a(crypto_aead.o)
                0x0000000000000f34                tfm_crypto_aead_abort
 .text.tfm_crypto_aead_finish
                0x0000000000000f50       0x1c secure_fw/partitions/crypto/libtfm_psa_rot_partition_crypto.a(crypto_aead.o)
                0x0000000000000f50                tfm_crypto_aead_finish
 .text.tfm_crypto_aead_generate_nonce
                0x0000000000000f6c       0x1c secure_fw/partitions/crypto/libtfm_psa_rot_partition_crypto.a(crypto_aead.o)
                0x0000000000000f6c                tfm_crypto_aead_generate_nonce
 .text.tfm_crypto_aead_set_nonce
                0x0000000000000f88       0x1c secure_fw/partitions/crypto/libtfm_psa_rot_partition_crypto.a(crypto_aead.o)
                0x0000000000000f88                tfm_crypto_aead_set_nonce
 .text.tfm_crypto_aead_set_lengths
                0x0000000000000fa4       0x1c secure_fw/partitions/crypto/libtfm_psa_rot_partition_crypto.a(crypto_aead.o)
                0x0000000000000fa4                tfm_crypto_aead_set_lengths
 .text.tfm_crypto_aead_update
                0x0000000000000fc0       0x1c secure_fw/partitions/crypto/libtfm_psa_rot_partition_crypto.a(crypto_aead.o)
                0x0000000000000fc0                tfm_crypto_aead_update
 .text.tfm_crypto_aead_update_ad
                0x0000000000000fdc       0x1c secure_fw/partitions/crypto/libtfm_psa_rot_partition_crypto.a(crypto_aead.o)
                0x0000000000000fdc                tfm_crypto_aead_update_ad
 .text.tfm_crypto_aead_verify
                0x0000000000000ff8       0x1c secure_fw/partitions/crypto/libtfm_psa_rot_partition_crypto.a(crypto_aead.o)
                0x0000000000000ff8                tfm_crypto_aead_verify
 .text.tfm_crypto_sign_message
                0x0000000000001014       0x1c secure_fw/partitions/crypto/libtfm_psa_rot_partition_crypto.a(crypto_asymmetric.o)
                0x0000000000001014                tfm_crypto_sign_message
 .text.tfm_crypto_verify_message
                0x0000000000001030       0x1c secure_fw/partitions/crypto/libtfm_psa_rot_partition_crypto.a(crypto_asymmetric.o)
                0x0000000000001030                tfm_crypto_verify_message
 .text.tfm_crypto_sign_hash
                0x000000000000104c       0x1c secure_fw/partitions/crypto/libtfm_psa_rot_partition_crypto.a(crypto_asymmetric.o)
                0x000000000000104c                tfm_crypto_sign_hash
 .text.tfm_crypto_verify_hash
                0x0000000000001068       0x1c secure_fw/partitions/crypto/libtfm_psa_rot_partition_crypto.a(crypto_asymmetric.o)
                0x0000000000001068                tfm_crypto_verify_hash
 .text.tfm_crypto_asymmetric_encrypt
                0x0000000000001084       0x1c secure_fw/partitions/crypto/libtfm_psa_rot_partition_crypto.a(crypto_asymmetric.o)
                0x0000000000001084                tfm_crypto_asymmetric_encrypt
 .text.tfm_crypto_asymmetric_decrypt
                0x00000000000010a0       0x1c secure_fw/partitions/crypto/libtfm_psa_rot_partition_crypto.a(crypto_asymmetric.o)
                0x00000000000010a0                tfm_crypto_asymmetric_decrypt
 .text.tfm_crypto_key_derivation_setup
                0x00000000000010bc       0x1c secure_fw/partitions/crypto/libtfm_psa_rot_partition_crypto.a(crypto_key_derivation.o)
                0x00000000000010bc                tfm_crypto_key_derivation_setup
 .text.tfm_crypto_key_derivation_get_capacity
                0x00000000000010d8       0x1c secure_fw/partitions/crypto/libtfm_psa_rot_partition_crypto.a(crypto_key_derivation.o)
                0x00000000000010d8                tfm_crypto_key_derivation_get_capacity
 .text.tfm_crypto_key_derivation_set_capacity
                0x00000000000010f4       0x1c secure_fw/partitions/crypto/libtfm_psa_rot_partition_crypto.a(crypto_key_derivation.o)
                0x00000000000010f4                tfm_crypto_key_derivation_set_capacity
 .text.tfm_crypto_key_derivation_input_bytes
                0x0000000000001110       0x1c secure_fw/partitions/crypto/libtfm_psa_rot_partition_crypto.a(crypto_key_derivation.o)
                0x0000000000001110                tfm_crypto_key_derivation_input_bytes
 .text.tfm_crypto_key_derivation_output_bytes
                0x000000000000112c       0x1c secure_fw/partitions/crypto/libtfm_psa_rot_partition_crypto.a(crypto_key_derivation.o)
                0x000000000000112c                tfm_crypto_key_derivation_output_bytes
 .text.tfm_crypto_key_derivation_input_key
                0x0000000000001148       0x1c secure_fw/partitions/crypto/libtfm_psa_rot_partition_crypto.a(crypto_key_derivation.o)
                0x0000000000001148                tfm_crypto_key_derivation_input_key
 .text.tfm_crypto_key_derivation_output_key
                0x0000000000001164       0x1c secure_fw/partitions/crypto/libtfm_psa_rot_partition_crypto.a(crypto_key_derivation.o)
                0x0000000000001164                tfm_crypto_key_derivation_output_key
 .text.tfm_crypto_key_derivation_abort
                0x0000000000001180       0x1c secure_fw/partitions/crypto/libtfm_psa_rot_partition_crypto.a(crypto_key_derivation.o)
                0x0000000000001180                tfm_crypto_key_derivation_abort
 .text.tfm_crypto_key_derivation_key_agreement
                0x000000000000119c       0x1c secure_fw/partitions/crypto/libtfm_psa_rot_partition_crypto.a(crypto_key_derivation.o)
                0x000000000000119c                tfm_crypto_key_derivation_key_agreement
 .text.tfm_crypto_raw_key_agreement
                0x00000000000011b8       0x1c secure_fw/partitions/crypto/libtfm_psa_rot_partition_crypto.a(crypto_key_derivation.o)
                0x00000000000011b8                tfm_crypto_raw_key_agreement
 .text.tfm_crypto_import_key
                0x00000000000011d4       0x1c secure_fw/partitions/crypto/libtfm_psa_rot_partition_crypto.a(crypto_key_management.o)
                0x00000000000011d4                tfm_crypto_import_key
 .text.tfm_crypto_open_key
                0x00000000000011f0       0x1c secure_fw/partitions/crypto/libtfm_psa_rot_partition_crypto.a(crypto_key_management.o)
                0x00000000000011f0                tfm_crypto_open_key
 .text.tfm_crypto_close_key
                0x000000000000120c       0x1c secure_fw/partitions/crypto/libtfm_psa_rot_partition_crypto.a(crypto_key_management.o)
                0x000000000000120c                tfm_crypto_close_key
 .text.tfm_crypto_destroy_key
                0x0000000000001228       0x1c secure_fw/partitions/crypto/libtfm_psa_rot_partition_crypto.a(crypto_key_management.o)
                0x0000000000001228                tfm_crypto_destroy_key
 .text.tfm_crypto_get_key_attributes
                0x0000000000001244       0x1c secure_fw/partitions/crypto/libtfm_psa_rot_partition_crypto.a(crypto_key_management.o)
                0x0000000000001244                tfm_crypto_get_key_attributes
 .text.tfm_crypto_reset_key_attributes
                0x0000000000001260       0x1c secure_fw/partitions/crypto/libtfm_psa_rot_partition_crypto.a(crypto_key_management.o)
                0x0000000000001260                tfm_crypto_reset_key_attributes
 .text.tfm_crypto_export_key
                0x000000000000127c       0x1c secure_fw/partitions/crypto/libtfm_psa_rot_partition_crypto.a(crypto_key_management.o)
                0x000000000000127c                tfm_crypto_export_key
 .text.tfm_crypto_export_public_key
                0x0000000000001298       0x1c secure_fw/partitions/crypto/libtfm_psa_rot_partition_crypto.a(crypto_key_management.o)
                0x0000000000001298                tfm_crypto_export_public_key
 .text.tfm_crypto_purge_key
                0x00000000000012b4       0x1c secure_fw/partitions/crypto/libtfm_psa_rot_partition_crypto.a(crypto_key_management.o)
                0x00000000000012b4                tfm_crypto_purge_key
 .text.tfm_crypto_copy_key
                0x00000000000012d0       0x1c secure_fw/partitions/crypto/libtfm_psa_rot_partition_crypto.a(crypto_key_management.o)
                0x00000000000012d0                tfm_crypto_copy_key
 .text.tfm_crypto_generate_key
                0x00000000000012ec       0x1c secure_fw/partitions/crypto/libtfm_psa_rot_partition_crypto.a(crypto_key_management.o)
                0x00000000000012ec                tfm_crypto_generate_key
 .text.tfm_crypto_private_check_length
                0x0000000000001308       0x3e secure_fw/partitions/crypto/libtfm_psa_rot_partition_crypto.a(crypto_rng.o)
 .text.tfm_crypto_generate_random
                0x0000000000001346       0x60 secure_fw/partitions/crypto/libtfm_psa_rot_partition_crypto.a(crypto_rng.o)
                0x0000000000001346                tfm_crypto_generate_random
 .text.platform_sp_system_reset
                0x00000000000013a6        0xe secure_fw/partitions/platform/libtfm_psa_rot_partition_platform.a(platform_sp.o)
                0x00000000000013a6                platform_sp_system_reset
 .text.platform_sp_system_reset_ipc
                0x00000000000013b4       0x16 secure_fw/partitions/platform/libtfm_psa_rot_partition_platform.a(platform_sp.o)
 .text.platform_sp_nv_counter_ipc
                0x00000000000013ca       0x16 secure_fw/partitions/platform/libtfm_psa_rot_partition_platform.a(platform_sp.o)
 .text.platform_sp_ioctl_ipc
                0x00000000000013e0      0x1b4 secure_fw/partitions/platform/libtfm_psa_rot_partition_platform.a(platform_sp.o)
 .text.platform_signal_handle
                0x0000000000001594       0x7c secure_fw/partitions/platform/libtfm_psa_rot_partition_platform.a(platform_sp.o)
 .text.platform_sp_init
                0x0000000000001610       0x64 secure_fw/partitions/platform/libtfm_psa_rot_partition_platform.a(platform_sp.o)
                0x0000000000001610                platform_sp_init
 *tfm_psa_rot_partition*:*(.rodata*)
 .rodata.sfid_func_table
                0x0000000000001674      0x104 secure_fw/partitions/crypto/libtfm_psa_rot_partition_crypto.a(crypto_init.o)
 *(TFM_*_PSA-ROT_ATTR_FN)
                0x0000000000001780                . = ALIGN (0x20)
 *fill*         0x0000000000001778        0x8 
                0x0000000000000860                Image$$TFM_PSA_ROT_LINKER$$RO$$Base = ADDR (.TFM_PSA_ROT_LINKER)
                0x0000000000001780                Image$$TFM_PSA_ROT_LINKER$$RO$$Limit = (ADDR (.TFM_PSA_ROT_LINKER) + SIZEOF (.TFM_PSA_ROT_LINKER))
                0x0000000000000860                Image$$TFM_PSA_ROT_LINKER$$Base = ADDR (.TFM_PSA_ROT_LINKER)
                0x0000000000001780                Image$$TFM_PSA_ROT_LINKER$$Limit = (ADDR (.TFM_PSA_ROT_LINKER) + SIZEOF (.TFM_PSA_ROT_LINKER))
                0x0000000000001780                Image$$TFM_PSA_CODE_END$$Base = .
                0x0000000000001780                Image$$TFM_APP_CODE_START$$Base = .

.TFM_APP_ROT_LINKER
                0x0000000000001780        0x0
 *tfm_app_rot_partition*:*(.text*)
 *tfm_app_rot_partition*:*(.rodata*)
 *(TFM_*_APP-ROT_ATTR_FN)
                0x0000000000001780                . = ALIGN (0x20)
                0x0000000000001780                Image$$TFM_APP_ROT_LINKER$$RO$$Base = ADDR (.TFM_APP_ROT_LINKER)
                0x0000000000001780                Image$$TFM_APP_ROT_LINKER$$RO$$Limit = (ADDR (.TFM_APP_ROT_LINKER) + SIZEOF (.TFM_APP_ROT_LINKER))
                0x0000000000001780                Image$$TFM_APP_ROT_LINKER$$Base = ADDR (.TFM_APP_ROT_LINKER)
                0x0000000000001780                Image$$TFM_APP_ROT_LINKER$$Limit = (ADDR (.TFM_APP_ROT_LINKER) + SIZEOF (.TFM_APP_ROT_LINKER))
                0x0000000000001780                Image$$TFM_APP_CODE_END$$Base = .

.ER_TFM_CODE    0x0000000000001780     0x7c54
 *(.text*)
 .text          0x0000000000001780       0x88 /opt/nordic/ncs/toolchains/v2.2.0/opt/zephyr-sdk/arm-zephyr-eabi/bin/../lib/gcc/arm-zephyr-eabi/12.1.0/thumb/v8-m.main/nofp/crtbegin.o
 .text          0x0000000000001808       0x7c /opt/nordic/ncs/toolchains/v2.2.0/opt/zephyr-sdk/arm-zephyr-eabi/bin/../lib/gcc/arm-zephyr-eabi/12.1.0/../../../../arm-zephyr-eabi/lib/thumb/v8-m.main/nofp/crt0.o
                0x0000000000001808                _stack_init
                0x0000000000001810                _mainCRTStartup
                0x0000000000001810                _start
 .text.C_HardFault_Handler
                0x0000000000001884        0xc secure_fw/CMakeFiles/tfm_s.dir/__/platform/ext/common/faults.o
                0x0000000000001884                C_HardFault_Handler
 .text.HardFault_Handler
                0x0000000000001890        0x8 secure_fw/CMakeFiles/tfm_s.dir/__/platform/ext/common/faults.o
                0x0000000000001890                HardFault_Handler
 .text.C_MemManage_Handler
                0x0000000000001898        0xc secure_fw/CMakeFiles/tfm_s.dir/__/platform/ext/common/faults.o
                0x0000000000001898                C_MemManage_Handler
 .text.MemManage_Handler
                0x00000000000018a4        0x8 secure_fw/CMakeFiles/tfm_s.dir/__/platform/ext/common/faults.o
                0x00000000000018a4                MemManage_Handler
 .text.C_BusFault_Handler
                0x00000000000018ac        0xc secure_fw/CMakeFiles/tfm_s.dir/__/platform/ext/common/faults.o
                0x00000000000018ac                C_BusFault_Handler
 .text.BusFault_Handler
                0x00000000000018b8        0x8 secure_fw/CMakeFiles/tfm_s.dir/__/platform/ext/common/faults.o
                0x00000000000018b8                BusFault_Handler
 .text.C_SecureFault_Handler
                0x00000000000018c0        0xc secure_fw/CMakeFiles/tfm_s.dir/__/platform/ext/common/faults.o
                0x00000000000018c0                C_SecureFault_Handler
 .text.SecureFault_Handler
                0x00000000000018cc        0x8 secure_fw/CMakeFiles/tfm_s.dir/__/platform/ext/common/faults.o
                0x00000000000018cc                SecureFault_Handler
 .text.C_UsageFault_Handler
                0x00000000000018d4        0xc secure_fw/CMakeFiles/tfm_s.dir/__/platform/ext/common/faults.o
                0x00000000000018d4                C_UsageFault_Handler
 .text.UsageFault_Handler
                0x00000000000018e0        0x8 secure_fw/CMakeFiles/tfm_s.dir/__/platform/ext/common/faults.o
                0x00000000000018e0                UsageFault_Handler
 .text.nrf53_errata_42
                0x00000000000018e8       0x60 platform/libplatform_s.a(system_nrf5340_application.o)
 .text.nrf53_errata_46
                0x0000000000001948       0x60 platform/libplatform_s.a(system_nrf5340_application.o)
 .text.nrf53_errata_49
                0x00000000000019a8       0x60 platform/libplatform_s.a(system_nrf5340_application.o)
 .text.nrf53_errata_55
                0x0000000000001a08       0x60 platform/libplatform_s.a(system_nrf5340_application.o)
 .text.nrf53_errata_64
                0x0000000000001a68       0x60 platform/libplatform_s.a(system_nrf5340_application.o)
 .text.nrf53_errata_69
                0x0000000000001ac8       0x60 platform/libplatform_s.a(system_nrf5340_application.o)
 .text.nrf53_errata_97
                0x0000000000001b28       0x60 platform/libplatform_s.a(system_nrf5340_application.o)
 .text.nrf53_errata_140
                0x0000000000001b88       0x60 platform/libplatform_s.a(system_nrf5340_application.o)
 .text.nrf53_handle_approtect
                0x0000000000001be8       0x28 platform/libplatform_s.a(system_nrf5340_application.o)
 .text.SystemCoreClockUpdate
                0x0000000000001c10       0x2c platform/libplatform_s.a(system_nrf5340_application.o)
                0x0000000000001c10                SystemCoreClockUpdate
 .text.SystemInit
                0x0000000000001c3c      0x1b4 platform/libplatform_s.a(system_nrf5340_application.o)
                0x0000000000001c3c                SystemInit
 .text.tfm_arch_set_msplim
                0x0000000000001df0       0x1e secure_fw/spm/libtfm_spm.a(main.o)
 .text.tfm_core_init
                0x0000000000001e0e       0x72 secure_fw/spm/libtfm_spm.a(main.o)
 .text.main     0x0000000000001e80       0x40 secure_fw/spm/libtfm_spm.a(main.o)
                0x0000000000001e80                main
 .text.cross_call_entering_c
                0x0000000000001ec0       0x54 secure_fw/spm/libtfm_spm.a(spm_cross_call.o)
                0x0000000000001ec0                cross_call_entering_c
 .text.cross_call_exiting_c
                0x0000000000001f14       0x4c secure_fw/spm/libtfm_spm.a(spm_cross_call.o)
                0x0000000000001f14                cross_call_exiting_c
 .text.spm_interface_cross_dispatcher
                0x0000000000001f60       0x5c secure_fw/spm/libtfm_spm.a(spm_cross_call.o)
                0x0000000000001f60                spm_interface_cross_dispatcher
 .text.__save_disable_irq
                0x0000000000001fbc       0x1a secure_fw/spm/libtfm_spm.a(psa_api.o)
 .text.__restore_irq
                0x0000000000001fd6       0x18 secure_fw/spm/libtfm_spm.a(psa_api.o)
 .text.spm_handle_programmer_errors
                0x0000000000001fee       0x34 secure_fw/spm/libtfm_spm.a(psa_api.o)
                0x0000000000001fee                spm_handle_programmer_errors
 .text.tfm_spm_get_lifecycle_state
                0x0000000000002022        0xe secure_fw/spm/libtfm_spm.a(psa_api.o)
                0x0000000000002022                tfm_spm_get_lifecycle_state
 .text.tfm_spm_client_psa_framework_version
                0x0000000000002030       0x10 secure_fw/spm/libtfm_spm.a(psa_api.o)
                0x0000000000002030                tfm_spm_client_psa_framework_version
 .text.tfm_spm_client_psa_version
                0x0000000000002040       0x46 secure_fw/spm/libtfm_spm.a(psa_api.o)
                0x0000000000002040                tfm_spm_client_psa_version
 *fill*         0x0000000000002086        0x2 
 .text.tfm_spm_client_psa_call
                0x0000000000002088      0x348 secure_fw/spm/libtfm_spm.a(psa_api.o)
                0x0000000000002088                tfm_spm_client_psa_call
 .text.tfm_spm_client_psa_connect
                0x00000000000023d0       0xdc secure_fw/spm/libtfm_spm.a(psa_api.o)
                0x00000000000023d0                tfm_spm_client_psa_connect
 .text.tfm_spm_client_psa_close
                0x00000000000024ac       0xa8 secure_fw/spm/libtfm_spm.a(psa_api.o)
                0x00000000000024ac                tfm_spm_client_psa_close
 .text.tfm_spm_partition_psa_wait
                0x0000000000002554       0x60 secure_fw/spm/libtfm_spm.a(psa_api.o)
                0x0000000000002554                tfm_spm_partition_psa_wait
 .text.tfm_spm_partition_psa_get
                0x00000000000025b4       0xa0 secure_fw/spm/libtfm_spm.a(psa_api.o)
                0x00000000000025b4                tfm_spm_partition_psa_get
 .text.tfm_spm_partition_psa_read
                0x0000000000002654       0xcc secure_fw/spm/libtfm_spm.a(psa_api.o)
                0x0000000000002654                tfm_spm_partition_psa_read
 .text.tfm_spm_partition_psa_skip
                0x0000000000002720       0xa0 secure_fw/spm/libtfm_spm.a(psa_api.o)
                0x0000000000002720                tfm_spm_partition_psa_skip
 .text.tfm_spm_partition_psa_write
                0x00000000000027c0       0xc0 secure_fw/spm/libtfm_spm.a(psa_api.o)
                0x00000000000027c0                tfm_spm_partition_psa_write
 .text.tfm_spm_partition_psa_reply
                0x0000000000002880      0x104 secure_fw/spm/libtfm_spm.a(psa_api.o)
                0x0000000000002880                tfm_spm_partition_psa_reply
 .text.tfm_spm_partition_psa_notify
                0x0000000000002984       0x20 secure_fw/spm/libtfm_spm.a(psa_api.o)
                0x0000000000002984                tfm_spm_partition_psa_notify
 .text.tfm_spm_partition_psa_clear
                0x00000000000029a4       0x50 secure_fw/spm/libtfm_spm.a(psa_api.o)
                0x00000000000029a4                tfm_spm_partition_psa_clear
 .text.tfm_spm_partition_psa_panic
                0x00000000000029f4        0xc secure_fw/spm/libtfm_spm.a(psa_api.o)
                0x00000000000029f4                tfm_spm_partition_psa_panic
 .text.tfm_spm_partition_psa_set_rhandle
                0x0000000000002a00       0x44 secure_fw/spm/libtfm_spm.a(psa_api.o)
                0x0000000000002a00                tfm_spm_partition_psa_set_rhandle
 .text.__save_disable_irq
                0x0000000000002a44       0x1a secure_fw/spm/libtfm_spm.a(backend_ipc.o)
 .text.__restore_irq
                0x0000000000002a5e       0x18 secure_fw/spm/libtfm_spm.a(backend_ipc.o)
 .text.prv_process_metadata
                0x0000000000002a76       0xd0 secure_fw/spm/libtfm_spm.a(backend_ipc.o)
 *fill*         0x0000000000002b46        0x2 
 .text.ipc_messaging
                0x0000000000002b48       0xc8 secure_fw/spm/libtfm_spm.a(backend_ipc.o)
 .text.ipc_replying
                0x0000000000002c10       0x22 secure_fw/spm/libtfm_spm.a(backend_ipc.o)
 *fill*         0x0000000000002c32        0x2 
 .text.ipc_comp_init_assuredly
                0x0000000000002c34       0xe0 secure_fw/spm/libtfm_spm.a(backend_ipc.o)
 .text.ipc_system_run
                0x0000000000002d14       0x40 secure_fw/spm/libtfm_spm.a(backend_ipc.o)
 .text.ipc_wait
                0x0000000000002d54       0x54 secure_fw/spm/libtfm_spm.a(backend_ipc.o)
 .text.ipc_wake_up
                0x0000000000002da8       0x2c secure_fw/spm/libtfm_spm.a(backend_ipc.o)
 .text.is_return_secure_stack
                0x0000000000002dd4       0x22 secure_fw/spm/libtfm_spm.a(tfm_core_svcalls_ipc.o)
 *fill*         0x0000000000002df6        0x2 
 .text.SVC_Handler_IPC
                0x0000000000002df8      0x1ac secure_fw/spm/libtfm_spm.a(tfm_core_svcalls_ipc.o)
 .text.tfm_core_svc_handler
                0x0000000000002fa4       0xdc secure_fw/spm/libtfm_spm.a(tfm_core_svcalls_ipc.o)
                0x0000000000002fa4                tfm_core_svc_handler
 .text.tfm_core_handler_mode
                0x0000000000003080        0x6 secure_fw/spm/libtfm_spm.a(tfm_core_svcalls_ipc.o)
                0x0000000000003080                tfm_core_handler_mode
 .text.tfm_access_violation_handler
                0x0000000000003086        0xc secure_fw/spm/libtfm_spm.a(tfm_core_svcalls_ipc.o)
                0x0000000000003086                tfm_access_violation_handler
 *fill*         0x0000000000003092        0x2 
 .text.thrd_next
                0x0000000000003094       0x34 secure_fw/spm/libtfm_spm.a(thread.o)
                0x0000000000003094                thrd_next
 .text.insert_by_prior
                0x00000000000030c8       0x6e secure_fw/spm/libtfm_spm.a(thread.o)
 *fill*         0x0000000000003136        0x2 
 .text.thrd_start
                0x0000000000003138       0x40 secure_fw/spm/libtfm_spm.a(thread.o)
                0x0000000000003138                thrd_start
 .text.thrd_set_state
                0x0000000000003178       0x5c secure_fw/spm/libtfm_spm.a(thread.o)
                0x0000000000003178                thrd_set_state
 .text.thrd_start_scheduler
                0x00000000000031d4       0x32 secure_fw/spm/libtfm_spm.a(thread.o)
                0x00000000000031d4                thrd_start_scheduler
 *fill*         0x0000000000003206        0x2 
 .text.thrd_set_wait
                0x0000000000003208       0x38 secure_fw/spm/libtfm_spm.a(thread.o)
                0x0000000000003208                thrd_set_wait
 .text.thrd_wake_up
                0x0000000000003240       0x5c secure_fw/spm/libtfm_spm.a(thread.o)
                0x0000000000003240                thrd_wake_up
 .text.__NVIC_SetPriority
                0x000000000000329c       0x54 secure_fw/spm/libtfm_spm.a(tfm_arch_v8m_main.o)
 .text.arch_non_preempt_call
                0x00000000000032f0       0x58 secure_fw/spm/libtfm_spm.a(tfm_arch_v8m_main.o)
                0x00000000000032f0                arch_non_preempt_call
 .text.PendSV_Handler
                0x0000000000003348       0x3e secure_fw/spm/libtfm_spm.a(tfm_arch_v8m_main.o)
                0x0000000000003348                PendSV_Handler
 *fill*         0x0000000000003386        0x2 
 .text.SVC_Handler
                0x0000000000003388       0x58 secure_fw/spm/libtfm_spm.a(tfm_arch_v8m_main.o)
                0x0000000000003388                SVC_Handler
 .text.tfm_arch_set_secure_exception_priorities
                0x00000000000033e0       0x68 secure_fw/spm/libtfm_spm.a(tfm_arch_v8m_main.o)
                0x00000000000033e0                tfm_arch_set_secure_exception_priorities
 .text.tfm_arch_config_extensions
                0x0000000000003448        0xc secure_fw/spm/libtfm_spm.a(tfm_arch_v8m_main.o)
                0x0000000000003448                tfm_arch_config_extensions
 .text.tfm_arch_clear_fp_status
                0x0000000000003454       0x14 secure_fw/spm/libtfm_spm.a(tfm_arch_v8m_main.o)
                0x0000000000003454                tfm_arch_clear_fp_status
 .text.ns_agent_tz_init_c
                0x0000000000003468       0x34 secure_fw/spm/libtfm_spm.a(ns_agent_tz.o)
 .text.ns_agent_tz_main
                0x000000000000349c       0x38 secure_fw/spm/libtfm_spm.a(ns_agent_tz.o)
                0x000000000000349c                ns_agent_tz_main
 .text.tfm_idle_thread
                0x00000000000034d4       0x18 secure_fw/spm/libtfm_spm.a(idle_partition.o)
                0x00000000000034d4                tfm_idle_thread
 .text.tfm_core_check_boot_data_access_policy
                0x00000000000034ec       0x60 secure_fw/spm/libtfm_spm.a(tfm_boot_data.o)
 .text.tfm_core_validate_boot_data
                0x000000000000354c       0x18 secure_fw/spm/libtfm_spm.a(tfm_boot_data.o)
                0x000000000000354c                tfm_core_validate_boot_data
 .text.tfm_core_get_boot_data_handler
                0x0000000000003564       0x98 secure_fw/spm/libtfm_spm.a(tfm_boot_data.o)
                0x0000000000003564                tfm_core_get_boot_data_handler
 .text.spm_memcpy
                0x00000000000035fc       0xbe secure_fw/spm/libtfm_spm.a(tfm_core_utils.o)
                0x00000000000035fc                spm_memcpy
 .text.spm_memset
                0x00000000000036ba       0x90 secure_fw/spm/libtfm_spm.a(tfm_core_utils.o)
                0x00000000000036ba                spm_memset
 .text.tfm_core_panic
                0x000000000000374a        0xc secure_fw/spm/libtfm_spm.a(utilities.o)
                0x000000000000374a                tfm_core_panic
 .text.tfm_arch_set_psplim
                0x0000000000003756       0x1e secure_fw/spm/libtfm_spm.a(tfm_arch.o)
 .text.arch_seal_thread_stack
                0x0000000000003774       0x3c secure_fw/spm/libtfm_spm.a(tfm_arch.o)
 .text.tfm_arch_free_msp_and_exc_ret
                0x00000000000037b0       0x10 secure_fw/spm/libtfm_spm.a(tfm_arch.o)
                0x00000000000037b0                tfm_arch_free_msp_and_exc_ret
 .text.tfm_arch_set_context_ret_code
                0x00000000000037c0       0x3e secure_fw/spm/libtfm_spm.a(tfm_arch.o)
                0x00000000000037c0                tfm_arch_set_context_ret_code
 *fill*         0x00000000000037fe        0x2 
 .text.tfm_arch_trigger_pendsv
                0x0000000000003800       0x1c secure_fw/spm/libtfm_spm.a(tfm_arch.o)
                0x0000000000003800                tfm_arch_trigger_pendsv
 .text.tfm_arch_init_context
                0x000000000000381c       0x5e secure_fw/spm/libtfm_spm.a(tfm_arch.o)
                0x000000000000381c                tfm_arch_init_context
 .text.tfm_arch_refresh_hardware_context
                0x000000000000387a       0x36 secure_fw/spm/libtfm_spm.a(tfm_arch.o)
                0x000000000000387a                tfm_arch_refresh_hardware_context
 .text.__save_disable_irq
                0x00000000000038b0       0x1a secure_fw/spm/libtfm_spm.a(spm_ipc.o)
 .text.__restore_irq
                0x00000000000038ca       0x18 secure_fw/spm/libtfm_spm.a(spm_ipc.o)
 *fill*         0x00000000000038e2        0x2 
 .text.tfm_spm_to_user_handle
                0x00000000000038e4       0x40 secure_fw/spm/libtfm_spm.a(spm_ipc.o)
                0x00000000000038e4                tfm_spm_to_user_handle
 .text.tfm_spm_to_handle_instance
                0x0000000000003924       0x30 secure_fw/spm/libtfm_spm.a(spm_ipc.o)
                0x0000000000003924                tfm_spm_to_handle_instance
 .text.tfm_spm_create_conn_handle
                0x0000000000003954       0x3c secure_fw/spm/libtfm_spm.a(spm_ipc.o)
                0x0000000000003954                tfm_spm_create_conn_handle
 .text.tfm_spm_validate_conn_handle
                0x0000000000003990       0x38 secure_fw/spm/libtfm_spm.a(spm_ipc.o)
                0x0000000000003990                tfm_spm_validate_conn_handle
 .text.tfm_spm_free_conn_handle
                0x00000000000039c8       0x40 secure_fw/spm/libtfm_spm.a(spm_ipc.o)
                0x00000000000039c8                tfm_spm_free_conn_handle
 .text.spm_get_handle_by_signal
                0x0000000000003a08       0x96 secure_fw/spm/libtfm_spm.a(spm_ipc.o)
                0x0000000000003a08                spm_get_handle_by_signal
 *fill*         0x0000000000003a9e        0x2 
 .text.tfm_spm_get_service_by_sid
                0x0000000000003aa0       0x60 secure_fw/spm/libtfm_spm.a(spm_ipc.o)
                0x0000000000003aa0                tfm_spm_get_service_by_sid
 .text.tfm_spm_get_partition_by_id
                0x0000000000003b00       0x3c secure_fw/spm/libtfm_spm.a(spm_ipc.o)
                0x0000000000003b00                tfm_spm_get_partition_by_id
 .text.tfm_spm_check_client_version
                0x0000000000003b3c       0x64 secure_fw/spm/libtfm_spm.a(spm_ipc.o)
                0x0000000000003b3c                tfm_spm_check_client_version
 .text.tfm_spm_check_authorization
                0x0000000000003ba0       0x9c secure_fw/spm/libtfm_spm.a(spm_ipc.o)
                0x0000000000003ba0                tfm_spm_check_authorization
 .text.spm_get_handle_by_client_handle
                0x0000000000003c3c       0x3a secure_fw/spm/libtfm_spm.a(spm_ipc.o)
                0x0000000000003c3c                spm_get_handle_by_client_handle
 .text.spm_get_handle_by_msg_handle
                0x0000000000003c76       0x44 secure_fw/spm/libtfm_spm.a(spm_ipc.o)
                0x0000000000003c76                spm_get_handle_by_msg_handle
 *fill*         0x0000000000003cba        0x2 
 .text.spm_fill_message
                0x0000000000003cbc      0x13c secure_fw/spm/libtfm_spm.a(spm_ipc.o)
                0x0000000000003cbc                spm_fill_message
 .text.tfm_spm_partition_get_running_partition_id
                0x0000000000003df8       0x38 secure_fw/spm/libtfm_spm.a(spm_ipc.o)
                0x0000000000003df8                tfm_spm_partition_get_running_partition_id
 .text.tfm_memory_check
                0x0000000000003e30       0xa4 secure_fw/spm/libtfm_spm.a(spm_ipc.o)
                0x0000000000003e30                tfm_memory_check
 .text.tfm_spm_is_ns_caller
                0x0000000000003ed4       0x38 secure_fw/spm/libtfm_spm.a(spm_ipc.o)
                0x0000000000003ed4                tfm_spm_is_ns_caller
 .text.tfm_spm_get_client_id
                0x0000000000003f0c       0x38 secure_fw/spm/libtfm_spm.a(spm_ipc.o)
                0x0000000000003f0c                tfm_spm_get_client_id
 .text.tfm_spm_init
                0x0000000000003f44       0xc0 secure_fw/spm/libtfm_spm.a(spm_ipc.o)
                0x0000000000003f44                tfm_spm_init
 .text.do_schedule
                0x0000000000004004       0xd4 secure_fw/spm/libtfm_spm.a(spm_ipc.o)
                0x0000000000004004                do_schedule
 .text.update_caller_outvec_len
                0x00000000000040d8       0x8c secure_fw/spm/libtfm_spm.a(spm_ipc.o)
                0x00000000000040d8                update_caller_outvec_len
 .text.spm_assert_signal
                0x0000000000004164       0x58 secure_fw/spm/libtfm_spm.a(spm_ipc.o)
                0x0000000000004164                spm_assert_signal
 .text.tfm_allocate_partition_assuredly
                0x00000000000041bc       0x38 secure_fw/spm/libtfm_spm.a(static_load.o)
 .text.tfm_allocate_service_assuredly
                0x00000000000041f4       0x50 secure_fw/spm/libtfm_spm.a(static_load.o)
 .text.load_a_partition_assuredly
                0x0000000000004244      0x144 secure_fw/spm/libtfm_spm.a(static_load.o)
                0x0000000000004244                load_a_partition_assuredly
 .text.load_services_assuredly
                0x0000000000004388      0x162 secure_fw/spm/libtfm_spm.a(static_load.o)
                0x0000000000004388                load_services_assuredly
 .text.load_irqs_assuredly
                0x00000000000044ea       0xba secure_fw/spm/libtfm_spm.a(static_load.o)
                0x00000000000044ea                load_irqs_assuredly
 .text.tfm_pool_init
                0x00000000000045a4       0x98 secure_fw/spm/libtfm_spm.a(tfm_pools.o)
                0x00000000000045a4                tfm_pool_init
 .text.tfm_pool_alloc
                0x000000000000463c       0x46 secure_fw/spm/libtfm_spm.a(tfm_pools.o)
                0x000000000000463c                tfm_pool_alloc
 .text.tfm_pool_free
                0x0000000000004682       0x28 secure_fw/spm/libtfm_spm.a(tfm_pools.o)
                0x0000000000004682                tfm_pool_free
 .text.is_valid_chunk_data_in_pool
                0x00000000000046aa       0x72 secure_fw/spm/libtfm_spm.a(tfm_pools.o)
                0x00000000000046aa                is_valid_chunk_data_in_pool
 .text.tfm_nspm_get_current_client_id
                0x000000000000471c       0x10 secure_fw/spm/libtfm_spm.a(tfm_spm_ns_ctx.o)
                0x000000000000471c                tfm_nspm_get_current_client_id
 .text.tfm_nspm_ctx_init
                0x000000000000472c        0xc secure_fw/spm/libtfm_spm.a(tfm_spm_ns_ctx.o)
                0x000000000000472c                tfm_nspm_ctx_init
 .text.verify_header
                0x0000000000004738       0x44 secure_fw/partitions/crypto/mbedcrypto/nrf_security_src/libcrypto_service_mbedcrypto.a(memory_buffer_alloc.o)
 .text.verify_chain
                0x000000000000477c       0x68 secure_fw/partitions/crypto/mbedcrypto/nrf_security_src/libcrypto_service_mbedcrypto.a(memory_buffer_alloc.o)
 .text.buffer_alloc_free
                0x00000000000047e4       0xe8 secure_fw/partitions/crypto/mbedcrypto/nrf_security_src/libcrypto_service_mbedcrypto.a(memory_buffer_alloc.o)
 .text.buffer_alloc_calloc
                0x00000000000048cc      0x10c secure_fw/partitions/crypto/mbedcrypto/nrf_security_src/libcrypto_service_mbedcrypto.a(memory_buffer_alloc.o)
 .text.mbedtls_memory_buffer_alloc_init
                0x00000000000049d8       0x64 secure_fw/partitions/crypto/mbedcrypto/nrf_security_src/libcrypto_service_mbedcrypto.a(memory_buffer_alloc.o)
                0x00000000000049d8                mbedtls_memory_buffer_alloc_init
 .text.psa_wipe_key_slot
                0x0000000000004a3c       0x34 secure_fw/partitions/crypto/mbedcrypto/nrf_security_src/libcrypto_service_mbedcrypto.a(psa_crypto.o)
                0x0000000000004a3c                psa_wipe_key_slot
 .text.mbedcrypto__psa_generate_random
                0x0000000000004a70       0x38 secure_fw/partitions/crypto/mbedcrypto/nrf_security_src/libcrypto_service_mbedcrypto.a(psa_crypto.o)
                0x0000000000004a70                mbedcrypto__psa_generate_random
 .text.mbedcrypto__psa_crypto_init
                0x0000000000004aa8       0x70 secure_fw/partitions/crypto/mbedcrypto/nrf_security_src/libcrypto_service_mbedcrypto.a(psa_crypto.o)
                0x0000000000004aa8                mbedcrypto__psa_crypto_init
 .text.psa_initialize_key_slots
                0x0000000000004b18       0x18 secure_fw/partitions/crypto/mbedcrypto/nrf_security_src/libcrypto_service_mbedcrypto.a(psa_crypto_slot_management.o)
                0x0000000000004b18                psa_initialize_key_slots
 .text.psa_wipe_all_key_slots
                0x0000000000004b30       0x2c secure_fw/partitions/crypto/mbedcrypto/nrf_security_src/libcrypto_service_mbedcrypto.a(psa_crypto_slot_management.o)
                0x0000000000004b30                psa_wipe_all_key_slots
 .text.psa_driver_wrapper_init
                0x0000000000004b5c        0x4 secure_fw/partitions/crypto/mbedcrypto/nrf_security_src/libcrypto_service_mbedcrypto.a(psa_crypto_driver_wrappers.o)
                0x0000000000004b5c                psa_driver_wrapper_init
 .text.psa_driver_wrapper_free
                0x0000000000004b60        0x4 secure_fw/partitions/crypto/mbedcrypto/nrf_security_src/libcrypto_service_mbedcrypto.a(psa_crypto_driver_wrappers.o)
                0x0000000000004b60                psa_driver_wrapper_free
 .text.mbedtls_psa_external_get_random
                0x0000000000004b64       0x20 secure_fw/partitions/crypto/mbedcrypto/nrf_security_src/libcrypto_service_mbedcrypto.a(random_ext.o)
                0x0000000000004b64                mbedtls_psa_external_get_random
 .text.tfm_hal_set_up_static_boundaries
                0x0000000000004b84       0x3e platform/libplatform_s.a(tfm_hal_isolation.o)
                0x0000000000004b84                tfm_hal_set_up_static_boundaries
 *fill*         0x0000000000004bc2        0x2 
 .text.tfm_hal_bind_boundaries
                0x0000000000004bc4      0x128 platform/libplatform_s.a(tfm_hal_isolation.o)
                0x0000000000004bc4                tfm_hal_bind_boundaries
 .text.tfm_hal_update_boundaries
                0x0000000000004cec       0x4a platform/libplatform_s.a(tfm_hal_isolation.o)
                0x0000000000004cec                tfm_hal_update_boundaries
 .text.accessible_to_region
                0x0000000000004d36      0x196 platform/libplatform_s.a(tfm_hal_isolation.o)
 .text.tfm_hal_memory_has_access
                0x0000000000004ecc      0x122 platform/libplatform_s.a(tfm_hal_isolation.o)
                0x0000000000004ecc                tfm_hal_memory_has_access
 *fill*         0x0000000000004fee        0x2 
 .text.mpu_init_cfg
                0x0000000000004ff0      0x188 platform/libplatform_s.a(tfm_hal_isolation.o)
                0x0000000000004ff0                mpu_init_cfg
 .text.tfm_hal_platform_common_init
                0x0000000000005178       0x74 platform/libplatform_s.a(tfm_hal_platform_common.o)
                0x0000000000005178                tfm_hal_platform_common_init
 .text.tfm_hal_get_ns_VTOR
                0x00000000000051ec       0x14 platform/libplatform_s.a(tfm_hal_platform_common.o)
                0x00000000000051ec                tfm_hal_get_ns_VTOR
 .text.tfm_hal_get_ns_MSP
                0x0000000000005200       0x18 platform/libplatform_s.a(tfm_hal_platform_common.o)
                0x0000000000005200                tfm_hal_get_ns_MSP
 .text.tfm_hal_get_ns_entry_point
                0x0000000000005218       0x18 platform/libplatform_s.a(tfm_hal_platform_common.o)
                0x0000000000005218                tfm_hal_get_ns_entry_point
 .text.__NVIC_EnableIRQ
                0x0000000000005230       0x38 platform/libplatform_s.a(tfm_hal_nvic.o)
 .text.__NVIC_DisableIRQ
                0x0000000000005268       0x48 platform/libplatform_s.a(tfm_hal_nvic.o)
 .text.tfm_hal_irq_enable
                0x00000000000052b0       0x1c platform/libplatform_s.a(tfm_hal_nvic.o)
                0x00000000000052b0                tfm_hal_irq_enable
 .text.tfm_hal_irq_disable
                0x00000000000052cc       0x1c platform/libplatform_s.a(tfm_hal_nvic.o)
                0x00000000000052cc                tfm_hal_irq_disable
 .text.__NVIC_EnableIRQ
                0x00000000000052e8       0x38 platform/libplatform_s.a(target_cfg.o)
 .text.__NVIC_ClearPendingIRQ
                0x0000000000005320       0x3c platform/libplatform_s.a(target_cfg.o)
 .text.NVIC_ClearTargetState
                0x000000000000535c       0x6c platform/libplatform_s.a(target_cfg.o)
 .text.__NVIC_SetPriority
                0x00000000000053c8       0x54 platform/libplatform_s.a(target_cfg.o)
 .text.TZ_SAU_Disable
                0x000000000000541c       0x1c platform/libplatform_s.a(target_cfg.o)
 .text.nrf_spu_dppi_config_set
                0x0000000000005438       0x6c platform/libplatform_s.a(target_cfg.o)
 .text.nrf_spu_gpio_config_set
                0x00000000000054a4       0x6c platform/libplatform_s.a(target_cfg.o)
 .text.spu_dppi_config_non_secure
                0x0000000000005510       0x24 platform/libplatform_s.a(target_cfg.o)
 .text.spu_gpio_config_non_secure
                0x0000000000005534       0x28 platform/libplatform_s.a(target_cfg.o)
 .text.nrf_gpio_pin_port_decode
                0x000000000000555c       0x6c platform/libplatform_s.a(target_cfg.o)
 .text.nrf_gpio_pin_control_select
                0x00000000000055c8       0x40 platform/libplatform_s.a(target_cfg.o)
 .text.nrf_gpio_pin_present_check
                0x0000000000005608       0x58 platform/libplatform_s.a(target_cfg.o)
 .text.nrf_gpio_pin_port_number_extract
                0x0000000000005660       0x26 platform/libplatform_s.a(target_cfg.o)
 *fill*         0x0000000000005686        0x2 
 .text.enable_fault_handlers
                0x0000000000005688       0x24 platform/libplatform_s.a(target_cfg.o)
                0x0000000000005688                enable_fault_handlers
 .text.system_reset_cfg
                0x00000000000056ac       0x34 platform/libplatform_s.a(target_cfg.o)
                0x00000000000056ac                system_reset_cfg
 .text.init_debug
                0x00000000000056e0       0x3c platform/libplatform_s.a(target_cfg.o)
                0x00000000000056e0                init_debug
 .text.nvic_interrupt_target_state_cfg
                0x000000000000571c       0x3c platform/libplatform_s.a(target_cfg.o)
                0x000000000000571c                nvic_interrupt_target_state_cfg
 .text.nvic_interrupt_enable
                0x0000000000005758       0x1a platform/libplatform_s.a(target_cfg.o)
                0x0000000000005758                nvic_interrupt_enable
 *fill*         0x0000000000005772        0x2 
 .text.sau_and_idau_cfg
                0x0000000000005774       0x1c platform/libplatform_s.a(target_cfg.o)
                0x0000000000005774                sau_and_idau_cfg
 .text.spu_init_cfg
                0x0000000000005790       0x44 platform/libplatform_s.a(target_cfg.o)
                0x0000000000005790                spu_init_cfg
 .text.spu_periph_init_cfg
                0x00000000000057d4      0x238 platform/libplatform_s.a(target_cfg.o)
                0x00000000000057d4                spu_periph_init_cfg
 .text.spu_periph_configure_to_secure
                0x0000000000005a0c       0x18 platform/libplatform_s.a(target_cfg.o)
                0x0000000000005a0c                spu_periph_configure_to_secure
 .text.crypto_platform_init
                0x0000000000005a24       0x22 platform/libplatform_s.a(tfm_hal_platform.o)
 *fill*         0x0000000000005a46        0x2 
 .text.allow_nonsecure_reset
                0x0000000000005a48       0x3c platform/libplatform_s.a(tfm_hal_platform.o)
 .text.tfm_hal_platform_init
                0x0000000000005a84       0x34 platform/libplatform_s.a(tfm_hal_platform.o)
                0x0000000000005a84                tfm_hal_platform_init
 .text.tfm_plat_otp_init
                0x0000000000005ab8        0xe platform/libplatform_s.a(dummy_otp.o)
                0x0000000000005ab8                tfm_plat_otp_init
 .text.tfm_plat_provisioning_is_required
                0x0000000000005ac6        0xe platform/libplatform_s.a(dummy_provisioning.o)
                0x0000000000005ac6                tfm_plat_provisioning_is_required
 .text.tfm_plat_provisioning_perform
                0x0000000000005ad4        0xe platform/libplatform_s.a(dummy_provisioning.o)
                0x0000000000005ad4                tfm_plat_provisioning_perform
 .text.tfm_plat_provisioning_check_for_dummy_keys
                0x0000000000005ae2        0xc platform/libplatform_s.a(dummy_provisioning.o)
                0x0000000000005ae2                tfm_plat_provisioning_check_for_dummy_keys
 *fill*         0x0000000000005aee        0x2 
 .text.__NVIC_SystemReset
                0x0000000000005af0       0x2c platform/libplatform_s.a(tfm_platform_system.o)
 .text.tfm_platform_hal_system_reset
                0x0000000000005b1c        0x8 platform/libplatform_s.a(tfm_platform_system.o)
                0x0000000000005b1c                tfm_platform_hal_system_reset
 .text.tfm_platform_hal_ioctl
                0x0000000000005b24       0x3c platform/libplatform_s.a(tfm_platform_system.o)
                0x0000000000005b24                tfm_platform_hal_ioctl
 .text.__NVIC_SystemReset
                0x0000000000005b60       0x2c platform/libplatform_s.a(tfm_platform.o)
 .text.tfm_hal_system_reset
                0x0000000000005b8c        0x8 platform/libplatform_s.a(tfm_platform.o)
                0x0000000000005b8c                tfm_hal_system_reset
 .text.mpu_armv8m_enable
                0x0000000000005b94       0x60 platform/libplatform_s.a(mpu_armv8m_drv.o)
                0x0000000000005b94                mpu_armv8m_enable
 .text.mpu_armv8m_region_enable
                0x0000000000005bf4       0xcc platform/libplatform_s.a(mpu_armv8m_drv.o)
                0x0000000000005bf4                mpu_armv8m_region_enable
 .text.mpu_armv8m_region_disable
                0x0000000000005cc0       0x46 platform/libplatform_s.a(mpu_armv8m_drv.o)
                0x0000000000005cc0                mpu_armv8m_region_disable
 .text.mpu_armv8m_clean
                0x0000000000005d06       0x3c platform/libplatform_s.a(mpu_armv8m_drv.o)
                0x0000000000005d06                mpu_armv8m_clean
 .text.nrf_spu_int_enable
                0x0000000000005d42       0x1c platform/libplatform_s.a(spu.o)
 *fill*         0x0000000000005d5e        0x2 
 .text.nrf_spu_flashnsc_set
                0x0000000000005d60       0xb0 platform/libplatform_s.a(spu.o)
 .text.nrf_spu_flashregion_set
                0x0000000000005e10       0x74 platform/libplatform_s.a(spu.o)
 .text.nrf_spu_ramregion_set
                0x0000000000005e84       0x74 platform/libplatform_s.a(spu.o)
 .text.nrf_spu_peripheral_set
                0x0000000000005ef8       0xa8 platform/libplatform_s.a(spu.o)
 .text.spu_enable_interrupts
                0x0000000000005fa0       0x14 platform/libplatform_s.a(spu.o)
                0x0000000000005fa0                spu_enable_interrupts
 .text.spu_region_is_bootloader_region
                0x0000000000005fb4       0x1c platform/libplatform_s.a(spu.o)
 .text.spu_region_is_pcd_region
                0x0000000000005fd0       0x1c platform/libplatform_s.a(spu.o)
 .text.spu_regions_reset_unlocked_secure
                0x0000000000005fec       0x8c platform/libplatform_s.a(spu.o)
                0x0000000000005fec                spu_regions_reset_unlocked_secure
 .text.spu_regions_flash_config_non_secure
                0x0000000000006078       0x4c platform/libplatform_s.a(spu.o)
                0x0000000000006078                spu_regions_flash_config_non_secure
 .text.spu_regions_sram_config_non_secure
                0x00000000000060c4       0x54 platform/libplatform_s.a(spu.o)
                0x00000000000060c4                spu_regions_sram_config_non_secure
 .text.spu_regions_flash_config_non_secure_callable
                0x0000000000006118       0xc4 platform/libplatform_s.a(spu.o)
                0x0000000000006118                spu_regions_flash_config_non_secure_callable
 .text.spu_regions_flash_get_base_address_in_region
                0x00000000000061dc       0x16 platform/libplatform_s.a(spu.o)
                0x00000000000061dc                spu_regions_flash_get_base_address_in_region
 .text.spu_regions_flash_get_last_address_in_region
                0x00000000000061f2       0x1a platform/libplatform_s.a(spu.o)
                0x00000000000061f2                spu_regions_flash_get_last_address_in_region
 .text.spu_regions_flash_get_start_id
                0x000000000000620c        0xe platform/libplatform_s.a(spu.o)
                0x000000000000620c                spu_regions_flash_get_start_id
 .text.spu_regions_flash_get_last_id
                0x000000000000621a        0xe platform/libplatform_s.a(spu.o)
                0x000000000000621a                spu_regions_flash_get_last_id
 .text.spu_regions_flash_get_region_size
                0x0000000000006228       0x10 platform/libplatform_s.a(spu.o)
                0x0000000000006228                spu_regions_flash_get_region_size
 .text.spu_regions_sram_get_base_address_in_region
                0x0000000000006238       0x1c platform/libplatform_s.a(spu.o)
                0x0000000000006238                spu_regions_sram_get_base_address_in_region
 .text.spu_regions_sram_get_last_address_in_region
                0x0000000000006254       0x1e platform/libplatform_s.a(spu.o)
                0x0000000000006254                spu_regions_sram_get_last_address_in_region
 .text.spu_regions_sram_get_start_id
                0x0000000000006272        0xe platform/libplatform_s.a(spu.o)
                0x0000000000006272                spu_regions_sram_get_start_id
 .text.spu_regions_sram_get_last_id
                0x0000000000006280        0xe platform/libplatform_s.a(spu.o)
                0x0000000000006280                spu_regions_sram_get_last_id
 .text.spu_regions_sram_get_region_size
                0x000000000000628e       0x10 platform/libplatform_s.a(spu.o)
                0x000000000000628e                spu_regions_sram_get_region_size
 *fill*         0x000000000000629e        0x2 
 .text.spu_peripheral_config_secure
                0x00000000000062a0       0x5c platform/libplatform_s.a(spu.o)
                0x00000000000062a0                spu_peripheral_config_secure
 .text.spu_peripheral_config_non_secure
                0x00000000000062fc       0x5c platform/libplatform_s.a(spu.o)
                0x00000000000062fc                spu_peripheral_config_non_secure
 .text.nrf_gpio_pin_port_decode
                0x0000000000006358       0x6c platform/libplatform_s.a(tfm_platform_hal_ioctl.o)
 .text.nrf_gpio_pin_control_select
                0x00000000000063c4       0x40 platform/libplatform_s.a(tfm_platform_hal_ioctl.o)
 .text.nrf_gpio_pin_present_check
                0x0000000000006404       0x58 platform/libplatform_s.a(tfm_platform_hal_ioctl.o)
 .text.nrf_gpio_pin_port_number_extract
                0x000000000000645c       0x26 platform/libplatform_s.a(tfm_platform_hal_ioctl.o)
 *fill*         0x0000000000006482        0x2 
 .text.tfm_platform_hal_read_service
                0x0000000000006484       0xec platform/libplatform_s.a(tfm_platform_hal_ioctl.o)
                0x0000000000006484                tfm_platform_hal_read_service
 .text.valid_mcu_select
                0x0000000000006570       0x42 platform/libplatform_s.a(tfm_platform_hal_ioctl.o)
 .text.gpio_service_mcu_select
                0x00000000000065b2       0x4a platform/libplatform_s.a(tfm_platform_hal_ioctl.o)
 .text.tfm_platform_hal_gpio_service
                0x00000000000065fc       0x56 platform/libplatform_s.a(tfm_platform_hal_ioctl.o)
                0x00000000000065fc                tfm_platform_hal_gpio_service
 *fill*         0x0000000000006652        0x2 
 .text.nrf_cc3xx_platform_init_hmac_drbg
                0x0000000000006654       0x44 /opt/nordic/ncs/v2.2.0/nrfxlib/crypto/nrf_cc312_platform/lib/cortex-m33/soft-float/no-interrupts/libnrf_cc312_platform_0.9.16.a(nrf_cc3xx_platform.c.obj)
                0x0000000000006654                nrf_cc3xx_platform_init_hmac_drbg
 .text.nrf_cc3xx_platform_hmac_drbg_init
                0x0000000000006698       0x64 /opt/nordic/ncs/v2.2.0/nrfxlib/crypto/nrf_cc312_platform/lib/cortex-m33/soft-float/no-interrupts/libnrf_cc312_platform_0.9.16.a(nrf_cc3xx_platform_hmac_drbg.c.obj)
                0x0000000000006698                nrf_cc3xx_platform_hmac_drbg_init
 .text.nrf_cc3xx_platform_hmac_drbg_get
                0x00000000000066fc       0x48 /opt/nordic/ncs/v2.2.0/nrfxlib/crypto/nrf_cc312_platform/lib/cortex-m33/soft-float/no-interrupts/libnrf_cc312_platform_0.9.16.a(nrf_cc3xx_platform_hmac_drbg.c.obj)
                0x00000000000066fc                nrf_cc3xx_platform_hmac_drbg_get
 .text.mbedtls_zeroize_internal
                0x0000000000006744       0x14 /opt/nordic/ncs/v2.2.0/nrfxlib/crypto/nrf_cc312_platform/lib/cortex-m33/soft-float/no-interrupts/libnrf_cc312_platform_0.9.16.a(mbedtls_common.c.obj)
                0x0000000000006744                mbedtls_zeroize_internal
 .text.mbedtls_platform_zeroize
                0x0000000000006758       0x14 /opt/nordic/ncs/v2.2.0/nrfxlib/crypto/nrf_cc312_platform/lib/cortex-m33/soft-float/no-interrupts/libnrf_cc312_platform_0.9.16.a(mbedtls_common.c.obj)
                0x0000000000006758                mbedtls_platform_zeroize
 .text.cc_hmac_sha256_starts.constprop.0
                0x000000000000676c      0x108 /opt/nordic/ncs/v2.2.0/nrfxlib/crypto/nrf_cc312_platform/lib/cortex-m33/soft-float/no-interrupts/libnrf_cc312_platform_0.9.16.a(hmac_drbg_alt.c.obj)
 .text.cc_mbedtls_hmac_drbg_init
                0x0000000000006874       0x28 /opt/nordic/ncs/v2.2.0/nrfxlib/crypto/nrf_cc312_platform/lib/cortex-m33/soft-float/no-interrupts/libnrf_cc312_platform_0.9.16.a(hmac_drbg_alt.c.obj)
                0x0000000000006874                cc_mbedtls_hmac_drbg_init
 .text.cc_mbedtls_hmac_drbg_update
                0x000000000000689c      0x170 /opt/nordic/ncs/v2.2.0/nrfxlib/crypto/nrf_cc312_platform/lib/cortex-m33/soft-float/no-interrupts/libnrf_cc312_platform_0.9.16.a(hmac_drbg_alt.c.obj)
                0x000000000000689c                cc_mbedtls_hmac_drbg_update
 .text.cc_hmac_drbg_reseed_core
                0x0000000000006a0c       0xac /opt/nordic/ncs/v2.2.0/nrfxlib/crypto/nrf_cc312_platform/lib/cortex-m33/soft-float/no-interrupts/libnrf_cc312_platform_0.9.16.a(hmac_drbg_alt.c.obj)
 .text.cc_mbedtls_hmac_drbg_seed
                0x0000000000006ab8       0x54 /opt/nordic/ncs/v2.2.0/nrfxlib/crypto/nrf_cc312_platform/lib/cortex-m33/soft-float/no-interrupts/libnrf_cc312_platform_0.9.16.a(hmac_drbg_alt.c.obj)
                0x0000000000006ab8                cc_mbedtls_hmac_drbg_seed
 .text.cc_mbedtls_hmac_drbg_random_with_add
                0x0000000000006b0c      0x144 /opt/nordic/ncs/v2.2.0/nrfxlib/crypto/nrf_cc312_platform/lib/cortex-m33/soft-float/no-interrupts/libnrf_cc312_platform_0.9.16.a(hmac_drbg_alt.c.obj)
                0x0000000000006b0c                cc_mbedtls_hmac_drbg_random_with_add
 .text.entropy_update
                0x0000000000006c50       0x7c /opt/nordic/ncs/v2.2.0/nrfxlib/crypto/nrf_cc312_platform/lib/cortex-m33/soft-float/no-interrupts/libnrf_cc312_platform_0.9.16.a(entropy.c.obj)
 .text.entropy_gather_internal.part.0
                0x0000000000006ccc       0x88 /opt/nordic/ncs/v2.2.0/nrfxlib/crypto/nrf_cc312_platform/lib/cortex-m33/soft-float/no-interrupts/libnrf_cc312_platform_0.9.16.a(entropy.c.obj)
 .text.cc_mbedtls_entropy_init
                0x0000000000006d54       0x84 /opt/nordic/ncs/v2.2.0/nrfxlib/crypto/nrf_cc312_platform/lib/cortex-m33/soft-float/no-interrupts/libnrf_cc312_platform_0.9.16.a(entropy.c.obj)
                0x0000000000006d54                cc_mbedtls_entropy_init
 .text.cc_mbedtls_entropy_func
                0x0000000000006dd8      0x10c /opt/nordic/ncs/v2.2.0/nrfxlib/crypto/nrf_cc312_platform/lib/cortex-m33/soft-float/no-interrupts/libnrf_cc312_platform_0.9.16.a(entropy.c.obj)
                0x0000000000006dd8                cc_mbedtls_entropy_func
 .text.RndStartupTest.constprop.0
                0x0000000000006ee4       0xac /opt/nordic/ncs/v2.2.0/nrfxlib/crypto/nrf_cc312_platform/lib/cortex-m33/soft-float/no-interrupts/libnrf_cc312_platform_0.9.16.a(cc_lib.c.obj)
 .text.CC_LibInit_HMAC_DRBG
                0x0000000000006f90       0x7c /opt/nordic/ncs/v2.2.0/nrfxlib/crypto/nrf_cc312_platform/lib/cortex-m33/soft-float/no-interrupts/libnrf_cc312_platform_0.9.16.a(cc_lib.c.obj)
                0x0000000000006f90                CC_LibInit_HMAC_DRBG
 .text.CC_HalInit
                0x000000000000700c        0x4 /opt/nordic/ncs/v2.2.0/nrfxlib/crypto/nrf_cc312_platform/lib/cortex-m33/soft-float/no-interrupts/libnrf_cc312_platform_0.9.16.a(cc_hal.c.obj)
                0x000000000000700c                CC_HalInit
 .text.CC_HalClearInterruptBit
                0x0000000000007010       0x1c /opt/nordic/ncs/v2.2.0/nrfxlib/crypto/nrf_cc312_platform/lib/cortex-m33/soft-float/no-interrupts/libnrf_cc312_platform_0.9.16.a(cc_hal.c.obj)
                0x0000000000007010                CC_HalClearInterruptBit
 .text.CC_HalMaskInterrupt
                0x000000000000702c        0xc /opt/nordic/ncs/v2.2.0/nrfxlib/crypto/nrf_cc312_platform/lib/cortex-m33/soft-float/no-interrupts/libnrf_cc312_platform_0.9.16.a(cc_hal.c.obj)
                0x000000000000702c                CC_HalMaskInterrupt
 .text.CC_HalWaitInterrupt
                0x0000000000007038        0xc /opt/nordic/ncs/v2.2.0/nrfxlib/crypto/nrf_cc312_platform/lib/cortex-m33/soft-float/no-interrupts/libnrf_cc312_platform_0.9.16.a(cc_hal.c.obj)
                0x0000000000007038                CC_HalWaitInterrupt
 .text.CC_HalWaitInterruptRND
                0x0000000000007044        0xc /opt/nordic/ncs/v2.2.0/nrfxlib/crypto/nrf_cc312_platform/lib/cortex-m33/soft-float/no-interrupts/libnrf_cc312_platform_0.9.16.a(cc_hal.c.obj)
                0x0000000000007044                CC_HalWaitInterruptRND
 .text.CC_PalInit
                0x0000000000007050       0x5c /opt/nordic/ncs/v2.2.0/nrfxlib/crypto/nrf_cc312_platform/lib/cortex-m33/soft-float/no-interrupts/libnrf_cc312_platform_0.9.16.a(cc_pal.c.obj)
                0x0000000000007050                CC_PalInit
 .text.CC_PalTerminate
                0x00000000000070ac       0x34 /opt/nordic/ncs/v2.2.0/nrfxlib/crypto/nrf_cc312_platform/lib/cortex-m33/soft-float/no-interrupts/libnrf_cc312_platform_0.9.16.a(cc_pal.c.obj)
                0x00000000000070ac                CC_PalTerminate
 .text.CC_PalDmaInit
                0x00000000000070e0        0x4 /opt/nordic/ncs/v2.2.0/nrfxlib/crypto/nrf_cc312_platform/lib/cortex-m33/soft-float/no-interrupts/libnrf_cc312_platform_0.9.16.a(cc_pal_dma.c.obj)
                0x00000000000070e0                CC_PalDmaInit
 .text.CC_PalDmaTerminate
                0x00000000000070e4        0x4 /opt/nordic/ncs/v2.2.0/nrfxlib/crypto/nrf_cc312_platform/lib/cortex-m33/soft-float/no-interrupts/libnrf_cc312_platform_0.9.16.a(cc_pal_dma.c.obj)
                0x00000000000070e4                CC_PalDmaTerminate
 .text.CC_PalWaitInterruptRND
                0x00000000000070e8       0x38 /opt/nordic/ncs/v2.2.0/nrfxlib/crypto/nrf_cc312_platform/lib/cortex-m33/soft-float/no-interrupts/libnrf_cc312_platform_0.9.16.a(cc_pal_interrupt_ctrl.c.obj)
                0x00000000000070e8                CC_PalWaitInterruptRND
 .text.CC_PalWaitInterrupt
                0x0000000000007120       0x28 /opt/nordic/ncs/v2.2.0/nrfxlib/crypto/nrf_cc312_platform/lib/cortex-m33/soft-float/no-interrupts/libnrf_cc312_platform_0.9.16.a(cc_pal_interrupt_ctrl.c.obj)
                0x0000000000007120                CC_PalWaitInterrupt
 .text.CC_PalMemCopyPlat
                0x0000000000007148        0x4 /opt/nordic/ncs/v2.2.0/nrfxlib/crypto/nrf_cc312_platform/lib/cortex-m33/soft-float/no-interrupts/libnrf_cc312_platform_0.9.16.a(cc_pal_mem.c.obj)
                0x0000000000007148                CC_PalMemCopyPlat
 .text.CC_PalMemSetZeroPlat
                0x000000000000714c        0x8 /opt/nordic/ncs/v2.2.0/nrfxlib/crypto/nrf_cc312_platform/lib/cortex-m33/soft-float/no-interrupts/libnrf_cc312_platform_0.9.16.a(cc_pal_mem.c.obj)
                0x000000000000714c                CC_PalMemSetZeroPlat
 .text.CC_PalMutexCreate
                0x0000000000007154       0x14 /opt/nordic/ncs/v2.2.0/nrfxlib/crypto/nrf_cc312_platform/lib/cortex-m33/soft-float/no-interrupts/libnrf_cc312_platform_0.9.16.a(cc_pal_mutex.c.obj)
                0x0000000000007154                CC_PalMutexCreate
 .text.CC_PalMutexDestroy
                0x0000000000007168       0x14 /opt/nordic/ncs/v2.2.0/nrfxlib/crypto/nrf_cc312_platform/lib/cortex-m33/soft-float/no-interrupts/libnrf_cc312_platform_0.9.16.a(cc_pal_mutex.c.obj)
                0x0000000000007168                CC_PalMutexDestroy
 .text.CC_PalMutexLock
                0x000000000000717c       0x10 /opt/nordic/ncs/v2.2.0/nrfxlib/crypto/nrf_cc312_platform/lib/cortex-m33/soft-float/no-interrupts/libnrf_cc312_platform_0.9.16.a(cc_pal_mutex.c.obj)
                0x000000000000717c                CC_PalMutexLock
 .text.CC_PalMutexUnlock
                0x000000000000718c       0x14 /opt/nordic/ncs/v2.2.0/nrfxlib/crypto/nrf_cc312_platform/lib/cortex-m33/soft-float/no-interrupts/libnrf_cc312_platform_0.9.16.a(cc_pal_mutex.c.obj)
                0x000000000000718c                CC_PalMutexUnlock
 .text.CC_PalPowerSaveModeInit
                0x00000000000071a0       0x3c /opt/nordic/ncs/v2.2.0/nrfxlib/crypto/nrf_cc312_platform/lib/cortex-m33/soft-float/no-interrupts/libnrf_cc312_platform_0.9.16.a(cc_pal_pm.c.obj)
                0x00000000000071a0                CC_PalPowerSaveModeInit
 .text.CC_PalPowerSaveModeSelect
                0x00000000000071dc       0x84 /opt/nordic/ncs/v2.2.0/nrfxlib/crypto/nrf_cc312_platform/lib/cortex-m33/soft-float/no-interrupts/libnrf_cc312_platform_0.9.16.a(cc_pal_pm.c.obj)
                0x00000000000071dc                CC_PalPowerSaveModeSelect
 .text.mutex_init
                0x0000000000007260        0xc /opt/nordic/ncs/v2.2.0/nrfxlib/crypto/nrf_cc312_platform/lib/cortex-m33/soft-float/no-interrupts/libnrf_cc312_platform_0.9.16.a(threading_alt.c.obj)
                0x0000000000007260                mutex_init
 .text.mutex_lock
                0x000000000000726c        0xc /opt/nordic/ncs/v2.2.0/nrfxlib/crypto/nrf_cc312_platform/lib/cortex-m33/soft-float/no-interrupts/libnrf_cc312_platform_0.9.16.a(threading_alt.c.obj)
                0x000000000000726c                mutex_lock
 .text.mutex_unlock
                0x0000000000007278        0xc /opt/nordic/ncs/v2.2.0/nrfxlib/crypto/nrf_cc312_platform/lib/cortex-m33/soft-float/no-interrupts/libnrf_cc312_platform_0.9.16.a(threading_alt.c.obj)
                0x0000000000007278                mutex_unlock
 .text.nrf_cc3xx_platform_abort
                0x0000000000007284       0x24 /opt/nordic/ncs/v2.2.0/nrfxlib/crypto/nrf_cc312_platform/lib/cortex-m33/soft-float/no-interrupts/libnrf_cc312_platform_0.9.16.a(nrf_cc3xx_platform_abort.c.obj)
 .text.CC_PalAbort
                0x00000000000072a8       0x44 /opt/nordic/ncs/v2.2.0/nrfxlib/crypto/nrf_cc312_platform/lib/cortex-m33/soft-float/no-interrupts/libnrf_cc312_platform_0.9.16.a(nrf_cc3xx_platform_abort.c.obj)
                0x00000000000072a8                CC_PalAbort
 .text.mutex_free
                0x00000000000072ec       0x34 /opt/nordic/ncs/v2.2.0/nrfxlib/crypto/nrf_cc312_platform/lib/cortex-m33/soft-float/no-interrupts/libnrf_cc312_platform_0.9.16.a(nrf_cc3xx_platform_mutex.c.obj)
 .text.mutex_lock
                0x0000000000007320       0x48 /opt/nordic/ncs/v2.2.0/nrfxlib/crypto/nrf_cc312_platform/lib/cortex-m33/soft-float/no-interrupts/libnrf_cc312_platform_0.9.16.a(nrf_cc3xx_platform_mutex.c.obj)
 .text.mutex_unlock
                0x0000000000007368       0x38 /opt/nordic/ncs/v2.2.0/nrfxlib/crypto/nrf_cc312_platform/lib/cortex-m33/soft-float/no-interrupts/libnrf_cc312_platform_0.9.16.a(nrf_cc3xx_platform_mutex.c.obj)
 .text.mutex_init
                0x00000000000073a0       0x20 /opt/nordic/ncs/v2.2.0/nrfxlib/crypto/nrf_cc312_platform/lib/cortex-m33/soft-float/no-interrupts/libnrf_cc312_platform_0.9.16.a(nrf_cc3xx_platform_mutex.c.obj)
 .text.startTrngHW
                0x00000000000073c0      0x13c /opt/nordic/ncs/v2.2.0/nrfxlib/crypto/nrf_cc312_platform/lib/cortex-m33/soft-float/no-interrupts/libnrf_cc312_platform_0.9.16.a(llf_rnd_trng90b.c.obj)
 .text.LLF_RND_RepetitionCounterTest.part.0
                0x00000000000074fc       0x54 /opt/nordic/ncs/v2.2.0/nrfxlib/crypto/nrf_cc312_platform/lib/cortex-m33/soft-float/no-interrupts/libnrf_cc312_platform_0.9.16.a(llf_rnd_trng90b.c.obj)
 .text.LLF_RND_AdaptiveProportionTest
                0x0000000000007550       0x8c /opt/nordic/ncs/v2.2.0/nrfxlib/crypto/nrf_cc312_platform/lib/cortex-m33/soft-float/no-interrupts/libnrf_cc312_platform_0.9.16.a(llf_rnd_trng90b.c.obj)
                0x0000000000007550                LLF_RND_AdaptiveProportionTest
 .text.getTrngSource
                0x00000000000075dc      0x2ac /opt/nordic/ncs/v2.2.0/nrfxlib/crypto/nrf_cc312_platform/lib/cortex-m33/soft-float/no-interrupts/libnrf_cc312_platform_0.9.16.a(llf_rnd_trng90b.c.obj)
 .text.LLF_RND_GetTrngSource
                0x0000000000007888       0x18 /opt/nordic/ncs/v2.2.0/nrfxlib/crypto/nrf_cc312_platform/lib/cortex-m33/soft-float/no-interrupts/libnrf_cc312_platform_0.9.16.a(llf_rnd_trng90b.c.obj)
                0x0000000000007888                LLF_RND_GetTrngSource
 .text.LLF_RND_RunTrngStartupTest
                0x00000000000078a0       0x1c /opt/nordic/ncs/v2.2.0/nrfxlib/crypto/nrf_cc312_platform/lib/cortex-m33/soft-float/no-interrupts/libnrf_cc312_platform_0.9.16.a(llf_rnd_trng90b.c.obj)
                0x00000000000078a0                LLF_RND_RunTrngStartupTest
 .text.mbedtls_hardware_poll
                0x00000000000078bc      0x10c /opt/nordic/ncs/v2.2.0/nrfxlib/crypto/nrf_cc312_platform/lib/cortex-m33/soft-float/no-interrupts/libnrf_cc312_platform_0.9.16.a(trng_api.c.obj)
                0x00000000000078bc                mbedtls_hardware_poll
 .text.cc_mbedtls_sha256_init
                0x00000000000079c8       0x28 /opt/nordic/ncs/v2.2.0/nrfxlib/crypto/nrf_cc312_platform/lib/cortex-m33/soft-float/no-interrupts/libnrf_cc312_platform_0.9.16.a(sha256_alt.c.obj)
                0x00000000000079c8                cc_mbedtls_sha256_init
 .text.cc_mbedtls_sha256_free
                0x00000000000079f0        0xc /opt/nordic/ncs/v2.2.0/nrfxlib/crypto/nrf_cc312_platform/lib/cortex-m33/soft-float/no-interrupts/libnrf_cc312_platform_0.9.16.a(sha256_alt.c.obj)
                0x00000000000079f0                cc_mbedtls_sha256_free
 .text.cc_mbedtls_sha256_starts
                0x00000000000079fc       0x28 /opt/nordic/ncs/v2.2.0/nrfxlib/crypto/nrf_cc312_platform/lib/cortex-m33/soft-float/no-interrupts/libnrf_cc312_platform_0.9.16.a(sha256_alt.c.obj)
                0x00000000000079fc                cc_mbedtls_sha256_starts
 .text.cc_mbedtls_sha256_update
                0x0000000000007a24       0x54 /opt/nordic/ncs/v2.2.0/nrfxlib/crypto/nrf_cc312_platform/lib/cortex-m33/soft-float/no-interrupts/libnrf_cc312_platform_0.9.16.a(sha256_alt.c.obj)
                0x0000000000007a24                cc_mbedtls_sha256_update
 .text.cc_mbedtls_sha256_finish
                0x0000000000007a78       0x48 /opt/nordic/ncs/v2.2.0/nrfxlib/crypto/nrf_cc312_platform/lib/cortex-m33/soft-float/no-interrupts/libnrf_cc312_platform_0.9.16.a(sha256_alt.c.obj)
                0x0000000000007a78                cc_mbedtls_sha256_finish
 .text.mbedtls_sha_starts_internal
                0x0000000000007ac0       0x28 /opt/nordic/ncs/v2.2.0/nrfxlib/crypto/nrf_cc312_platform/lib/cortex-m33/soft-float/no-interrupts/libnrf_cc312_platform_0.9.16.a(mbedtls_hash_common.c.obj)
                0x0000000000007ac0                mbedtls_sha_starts_internal
 .text.mbedtls_sha_finish_internal
                0x0000000000007ae8       0x5c /opt/nordic/ncs/v2.2.0/nrfxlib/crypto/nrf_cc312_platform/lib/cortex-m33/soft-float/no-interrupts/libnrf_cc312_platform_0.9.16.a(mbedtls_hash_common.c.obj)
                0x0000000000007ae8                mbedtls_sha_finish_internal
 .text.mbedtls_sha_update_internal
                0x0000000000007b44      0x1f0 /opt/nordic/ncs/v2.2.0/nrfxlib/crypto/nrf_cc312_platform/lib/cortex-m33/soft-float/no-interrupts/libnrf_cc312_platform_0.9.16.a(mbedtls_hash_common.c.obj)
                0x0000000000007b44                mbedtls_sha_update_internal
 .text.cc_mbedtls_sha256
                0x0000000000007d34       0x50 /opt/nordic/ncs/v2.2.0/nrfxlib/crypto/nrf_cc312_platform/lib/cortex-m33/soft-float/no-interrupts/libnrf_cc312_platform_0.9.16.a(sha256.c.obj)
                0x0000000000007d34                cc_mbedtls_sha256
 .text.RNG_PLAT_SetUserRngParameters
                0x0000000000007d84       0x7c /opt/nordic/ncs/v2.2.0/nrfxlib/crypto/nrf_cc312_platform/lib/cortex-m33/soft-float/no-interrupts/libnrf_cc312_platform_0.9.16.a(cc_rng_plat.c.obj)
                0x0000000000007d84                RNG_PLAT_SetUserRngParameters
 .text.CC_PalTrngParamGet
                0x0000000000007e00       0xac /opt/nordic/ncs/v2.2.0/nrfxlib/crypto/nrf_cc312_platform/lib/cortex-m33/soft-float/no-interrupts/libnrf_cc312_platform_0.9.16.a(cc_pal_trng.c.obj)
                0x0000000000007e00                CC_PalTrngParamGet
 .text.LLF_RND_WaitRngInterrupt
                0x0000000000007eac       0x20 /opt/nordic/ncs/v2.2.0/nrfxlib/crypto/nrf_cc312_platform/lib/cortex-m33/soft-float/no-interrupts/libnrf_cc312_platform_0.9.16.a(llf_rnd.c.obj)
                0x0000000000007eac                LLF_RND_WaitRngInterrupt
 .text.LLF_RND_GetRoscSampleCnt
                0x0000000000007ecc       0x3c /opt/nordic/ncs/v2.2.0/nrfxlib/crypto/nrf_cc312_platform/lib/cortex-m33/soft-float/no-interrupts/libnrf_cc312_platform_0.9.16.a(llf_rnd.c.obj)
                0x0000000000007ecc                LLF_RND_GetRoscSampleCnt
 .text.LLF_RND_GetFastestRosc
                0x0000000000007f08       0x20 /opt/nordic/ncs/v2.2.0/nrfxlib/crypto/nrf_cc312_platform/lib/cortex-m33/soft-float/no-interrupts/libnrf_cc312_platform_0.9.16.a(llf_rnd.c.obj)
                0x0000000000007f08                LLF_RND_GetFastestRosc
 .text.LLF_RND_TurnOffTrng
                0x0000000000007f28       0x24 /opt/nordic/ncs/v2.2.0/nrfxlib/crypto/nrf_cc312_platform/lib/cortex-m33/soft-float/no-interrupts/libnrf_cc312_platform_0.9.16.a(llf_rnd.c.obj)
                0x0000000000007f28                LLF_RND_TurnOffTrng
 .text.SetDataBuffersInfo
                0x0000000000007f4c       0x64 /opt/nordic/ncs/v2.2.0/nrfxlib/crypto/nrf_cc312_platform/lib/cortex-m33/soft-float/no-interrupts/libnrf_cc312_platform_0.9.16.a(driver_common.c.obj)
                0x0000000000007f4c                SetDataBuffersInfo
 .text.InitHashDrv
                0x0000000000007fb0       0x54 /opt/nordic/ncs/v2.2.0/nrfxlib/crypto/nrf_cc312_platform/lib/cortex-m33/soft-float/no-interrupts/libnrf_cc312_platform_0.9.16.a(hash_driver.c.obj)
                0x0000000000007fb0                InitHashDrv
 .text.ProcessHashDrv
                0x0000000000008004      0x210 /opt/nordic/ncs/v2.2.0/nrfxlib/crypto/nrf_cc312_platform/lib/cortex-m33/soft-float/no-interrupts/libnrf_cc312_platform_0.9.16.a(hash_driver.c.obj)
                0x0000000000008004                ProcessHashDrv
 .text.FinishHashDrv